../Drivers/STM32F7xx_HAL_Driver/Inc/stm32f7xx_ll_bus.h:309:22:LL_AHB1_GRP1_EnableClock	8	static
../fatfs_r0.15b/drivers/sdio_sd.c:1686:17:CmdResp2Error	0	static
../fatfs_r0.15b/drivers/sdio_sd.c:2464:17:IsCardProgramming	24	static
../fatfs_r0.15b/drivers/sdio_sd.c:1514:17:CmdResp1Error	8	static
../fatfs_r0.15b/drivers/sdio_sd.c:2591:17:FindSCR.constprop	32	static
../fatfs_r0.15b/drivers/sdio_sd.c:2380:17:SDEnWideBus	24	static
../fatfs_r0.15b/drivers/sdio_sd.c:692:9:TM_FATFS_SDIO_WriteEnabled	0	static
../fatfs_r0.15b/drivers/sdio_sd.c:700:9:TM_FATFS_CheckCardDetectPin	0	static
../fatfs_r0.15b/drivers/sdio_sd.c:868:9:TM_FATFS_SD_SDIO_disk_ioctl	0	static
../fatfs_r0.15b/drivers/sdio_sd.c:885:14:get_fattime	0	static
../fatfs_r0.15b/drivers/sdio_sd.c:982:10:SD_SendSDStatus	16	static
../fatfs_r0.15b/drivers/sdio_sd.c:1102:9:SD_Detect	16	static
../fatfs_r0.15b/drivers/sdio_sd.c:756:9:TM_FATFS_SD_SDIO_disk_status	8	static
../fatfs_r0.15b/drivers/sdio_sd.c:1212:6:SD_LowLevel_DeInit	40	static
../fatfs_r0.15b/drivers/sdio_sd.c:930:6:SD_DeInit	0	static
../fatfs_r0.15b/drivers/sdio_sd.c:1249:6:SD_LowLevel_Init	56	static
../fatfs_r0.15b/drivers/sdio_sd.c:1315:10:SD_PowerON	32	static
../fatfs_r0.15b/drivers/sdio_sd.c:1795:10:SD_PowerOFF	0	static
../fatfs_r0.15b/drivers/sdio_sd.c:1811:10:SD_InitializeCards	16	static
../fatfs_r0.15b/drivers/sdio_sd.c:1884:10:SD_HighSpeed	88	static
../fatfs_r0.15b/drivers/sdio_sd.c:2015:10:SD_GetCardInfo	20	static
../fatfs_r0.15b/drivers/sdio_sd.c:2221:10:SD_SelectDeselect	0	static
../fatfs_r0.15b/drivers/sdio_sd.c:2242:10:SD_GetCardStatus	16	static
../fatfs_r0.15b/drivers/sdio_sd.c:2325:10:SD_EnableWideBusOperation	8	static
../fatfs_r0.15b/drivers/sdio_sd.c:2702:10:SD_SendStatus	16	static
../fatfs_r0.15b/drivers/sdio_sd.c:962:13:SD_GetState	16	static
../fatfs_r0.15b/drivers/sdio_sd.c:943:17:SD_GetStatus	8	static
../fatfs_r0.15b/drivers/sdio_sd.c:3424:17:SD_GetTransferState	0	static
../fatfs_r0.15b/drivers/sdio_sd.c:3440:10:SD_StopTransfer	0	static
../fatfs_r0.15b/drivers/sdio_sd.c:3005:10:SD_WaitReadOperation	24	static
../fatfs_r0.15b/drivers/sdio_sd.c:3374:10:SD_WaitWriteOperation	16	static
../fatfs_r0.15b/drivers/sdio_sd.c:3457:10:SD_Erase	40	static
../fatfs_r0.15b/drivers/sdio_sd.c:3533:6:SD_LowLevel_DMA_TxConfig	0	static
../fatfs_r0.15b/drivers/sdio_sd.c:3065:10:SD_WriteBlock	24	static
../fatfs_r0.15b/drivers/sdio_sd.c:3192:10:SD_WriteMultiBlocks	24	static
../fatfs_r0.15b/drivers/sdio_sd.c:816:9:TM_FATFS_SD_SDIO_disk_write	544	static
../fatfs_r0.15b/drivers/sdio_sd.c:3288:10:SD_WriteMultiBlocksFIXED	32	static
../fatfs_r0.15b/drivers/sdio_sd.c:3634:6:SD_LowLevel_DMA_RxConfig	0	static
../fatfs_r0.15b/drivers/sdio_sd.c:2738:10:SD_ReadBlock	24	static
../fatfs_r0.15b/drivers/sdio_sd.c:1120:10:SD_Init	24	static
../fatfs_r0.15b/drivers/sdio_sd.c:717:9:TM_FATFS_SD_SDIO_disk_initialize	32	static
../fatfs_r0.15b/drivers/sdio_sd.c:2865:10:SD_ReadMultiBlocks	24	static
../fatfs_r0.15b/drivers/sdio_sd.c:771:9:TM_FATFS_SD_SDIO_disk_read	536	static
../fatfs_r0.15b/drivers/sdio_sd.c:2932:10:SD_ReadMultiBlocksFIXED	24	static
../fatfs_r0.15b/drivers/sdio_sd.c:3732:10:SD_ProcessIRQSrc	0	static
../fatfs_r0.15b/drivers/sdio_sd.c:906:6:SDMMC1_IRQHandler	0	static
../fatfs_r0.15b/drivers/sdio_sd.c:3779:6:SD_ProcessDMAIRQ	0	static
../fatfs_r0.15b/drivers/sdio_sd.c:913:6:DMA2_Stream3_IRQHandler	0	static
