../Drivers/STM32F7xx_HAL_Driver/Inc/stm32f7xx_ll_bus.h:309:22:LL_AHB1_GRP1_EnableClock	8	static
../fatfs_r0.15b/drivers/sdio_sd.c:1682:17:CmdResp2Error	0	static
../fatfs_r0.15b/drivers/sdio_sd.c:2460:17:IsCardProgramming	24	static
../fatfs_r0.15b/drivers/sdio_sd.c:1510:17:CmdResp1Error	8	static
../fatfs_r0.15b/drivers/sdio_sd.c:2587:17:FindSCR.constprop	32	static
../fatfs_r0.15b/drivers/sdio_sd.c:2376:17:SDEnWideBus	24	static
../fatfs_r0.15b/drivers/sdio_sd.c:690:9:TM_FATFS_SDIO_WriteEnabled	0	static
../fatfs_r0.15b/drivers/sdio_sd.c:698:9:TM_FATFS_CheckCardDetectPin	0	static
../fatfs_r0.15b/drivers/sdio_sd.c:866:9:TM_FATFS_SD_SDIO_disk_ioctl	0	static
../fatfs_r0.15b/drivers/sdio_sd.c:883:14:get_fattime	0	static
../fatfs_r0.15b/drivers/sdio_sd.c:980:10:SD_SendSDStatus	16	static
../fatfs_r0.15b/drivers/sdio_sd.c:1100:9:SD_Detect	16	static
../fatfs_r0.15b/drivers/sdio_sd.c:754:9:TM_FATFS_SD_SDIO_disk_status	8	static
../fatfs_r0.15b/drivers/sdio_sd.c:1208:6:SD_LowLevel_DeInit	40	static
../fatfs_r0.15b/drivers/sdio_sd.c:928:6:SD_DeInit	0	static
../fatfs_r0.15b/drivers/sdio_sd.c:1245:6:SD_LowLevel_Init	56	static
../fatfs_r0.15b/drivers/sdio_sd.c:1311:10:SD_PowerON	32	static
../fatfs_r0.15b/drivers/sdio_sd.c:1791:10:SD_PowerOFF	0	static
../fatfs_r0.15b/drivers/sdio_sd.c:1807:10:SD_InitializeCards	16	static
../fatfs_r0.15b/drivers/sdio_sd.c:1880:10:SD_HighSpeed	88	static
../fatfs_r0.15b/drivers/sdio_sd.c:2011:10:SD_GetCardInfo	20	static
../fatfs_r0.15b/drivers/sdio_sd.c:2217:10:SD_SelectDeselect	0	static
../fatfs_r0.15b/drivers/sdio_sd.c:2238:10:SD_GetCardStatus	16	static
../fatfs_r0.15b/drivers/sdio_sd.c:2321:10:SD_EnableWideBusOperation	8	static
../fatfs_r0.15b/drivers/sdio_sd.c:1118:10:SD_Init	16	static
../fatfs_r0.15b/drivers/sdio_sd.c:715:9:TM_FATFS_SD_SDIO_disk_initialize	32	static
../fatfs_r0.15b/drivers/sdio_sd.c:2698:10:SD_SendStatus	16	static
../fatfs_r0.15b/drivers/sdio_sd.c:960:13:SD_GetState	16	static
../fatfs_r0.15b/drivers/sdio_sd.c:941:17:SD_GetStatus	8	static
../fatfs_r0.15b/drivers/sdio_sd.c:3420:17:SD_GetTransferState	0	static
../fatfs_r0.15b/drivers/sdio_sd.c:3436:10:SD_StopTransfer	0	static
../fatfs_r0.15b/drivers/sdio_sd.c:3001:10:SD_WaitReadOperation	24	static
../fatfs_r0.15b/drivers/sdio_sd.c:3370:10:SD_WaitWriteOperation	16	static
../fatfs_r0.15b/drivers/sdio_sd.c:3453:10:SD_Erase	40	static
../fatfs_r0.15b/drivers/sdio_sd.c:3529:6:SD_LowLevel_DMA_TxConfig	0	static
../fatfs_r0.15b/drivers/sdio_sd.c:3061:10:SD_WriteBlock	24	static
../fatfs_r0.15b/drivers/sdio_sd.c:3188:10:SD_WriteMultiBlocks	24	static
../fatfs_r0.15b/drivers/sdio_sd.c:814:9:TM_FATFS_SD_SDIO_disk_write	544	static
../fatfs_r0.15b/drivers/sdio_sd.c:3284:10:SD_WriteMultiBlocksFIXED	32	static
../fatfs_r0.15b/drivers/sdio_sd.c:3630:6:SD_LowLevel_DMA_RxConfig	0	static
../fatfs_r0.15b/drivers/sdio_sd.c:2734:10:SD_ReadBlock	24	static
../fatfs_r0.15b/drivers/sdio_sd.c:2861:10:SD_ReadMultiBlocks	24	static
../fatfs_r0.15b/drivers/sdio_sd.c:769:9:TM_FATFS_SD_SDIO_disk_read	536	static
../fatfs_r0.15b/drivers/sdio_sd.c:2928:10:SD_ReadMultiBlocksFIXED	24	static
../fatfs_r0.15b/drivers/sdio_sd.c:3728:10:SD_ProcessIRQSrc	0	static
../fatfs_r0.15b/drivers/sdio_sd.c:904:6:SDMMC1_IRQHandler	0	static
../fatfs_r0.15b/drivers/sdio_sd.c:3775:6:SD_ProcessDMAIRQ	0	static
../fatfs_r0.15b/drivers/sdio_sd.c:911:6:DMA2_Stream3_IRQHandler	0	static
