../lwip-2.2.2/src/api/api_msg.c:218:1:recv_udp	24	static
../lwip-2.2.2/src/api/api_msg.c:517:1:setup_tcp	8	static
../lwip-2.2.2/src/api/api_msg.c:1305:1:lwip_netconn_do_connected	16	static
../lwip-2.2.2/src/api/api_msg.c:1644:1:lwip_netconn_do_writemore	40	static
../lwip-2.2.2/src/api/api_msg.c:924:1:lwip_netconn_do_close_internal	32	static
../lwip-2.2.2/src/api/api_msg.c:360:1:poll_tcp	8	static
../lwip-2.2.2/src/api/api_msg.c:401:1:sent_tcp	16	static
../lwip-2.2.2/src/api/api_msg.c:296:1:recv_tcp	24	static
../lwip-2.2.2/src/api/api_msg.c:435:1:err_tcp	24	static
../lwip-2.2.2/src/api/api_msg.c:131:1:lwip_netconn_is_err_msg	16	static
../lwip-2.2.2/src/api/api_msg.c:683:1:lwip_netconn_do_newconn	16	static
../lwip-2.2.2/src/api/api_msg.c:708:1:netconn_alloc	16	static
../lwip-2.2.2/src/api/api_msg.c:798:1:netconn_free	8	static
../lwip-2.2.2/src/api/api_msg.c:831:1:netconn_drain	32	static
../lwip-2.2.2/src/api/api_msg.c:536:1:accept_function	24	static
../lwip-2.2.2/src/api/api_msg.c:1117:1:lwip_netconn_do_delconn	16	static
../lwip-2.2.2/src/api/api_msg.c:1220:1:lwip_netconn_do_bind	8	static
../lwip-2.2.2/src/api/api_msg.c:1260:1:lwip_netconn_do_bind_if	8	static
../lwip-2.2.2/src/api/api_msg.c:1354:1:lwip_netconn_do_connect	16	static
../lwip-2.2.2/src/api/api_msg.c:1429:1:lwip_netconn_do_disconnect	8	static
../lwip-2.2.2/src/api/api_msg.c:1453:1:lwip_netconn_do_listen	24	static
../lwip-2.2.2/src/api/api_msg.c:1536:1:lwip_netconn_do_send	8	static
../lwip-2.2.2/src/api/api_msg.c:1593:1:lwip_netconn_do_recv	24	static
../lwip-2.2.2/src/api/api_msg.c:1817:1:lwip_netconn_do_write	8	static
../lwip-2.2.2/src/api/api_msg.c:1871:1:lwip_netconn_do_getaddr	8	static
../lwip-2.2.2/src/api/api_msg.c:1938:1:lwip_netconn_do_close	8	static
