../usb-framework/libusb_stm32/src/usbd_stm32f767_otgfs.c:437:13:setaddr	0	static
../usb-framework/libusb_stm32/src/usbd_stm32f767_otgfs.c:447:13:set_tx_fifo	8	static
../usb-framework/libusb_stm32/src/usbd_stm32f767_otgfs.c:478:13:ep_config	16	static
../usb-framework/libusb_stm32/src/usbd_stm32f767_otgfs.c:607:16:ep_read	16	static
../usb-framework/libusb_stm32/src/usbd_stm32f767_otgfs.c:641:16:ep_write	20	static
../usb-framework/libusb_stm32/src/usbd_stm32f767_otgfs.c:671:17:get_frame	0	static
../usb-framework/libusb_stm32/src/usbd_stm32f767_otgfs.c:284:17:getinfo	0	static
../usb-framework/libusb_stm32/src/usbd_stm32f767_otgfs.c:290:13:ep_setstall	0	static
../usb-framework/libusb_stm32/src/usbd_stm32f767_otgfs.c:320:13:ep_isstalled	0	static
../usb-framework/libusb_stm32/src/usbd_stm32f767_otgfs.c:363:13:enable	16	static
../usb-framework/libusb_stm32/src/usbd_stm32f767_otgfs.c:427:16:connect	0	static
../usb-framework/libusb_stm32/src/usbd_stm32f767_otgfs.c:249:23:flush_txfifo.isra	8	static
../usb-framework/libusb_stm32/src/usbd_stm32f767_otgfs.c:574:13:ep_deconfig	8	static
../usb-framework/libusb_stm32/src/usbd_stm32f767_otgfs.c:217:23:flush_rxfifo.isra	8	static
../usb-framework/libusb_stm32/src/usbd_stm32f767_otgfs.c:837:13:dcd_int_handler	40	static
../usb-framework/libusb_stm32/src/usbd_stm32f767_otgfs.c:1164:17:get_serialno_desc	16	static
../usb-framework/libusb_stm32/src/usbd_stm32f767_otgfs.c:676:6:ep0_outstart_read_setup	0	static
../usb-framework/libusb_stm32/src/usbd_stm32f767_otgfs.c:684:6:set_turnaroundTime	0	static
../usb-framework/libusb_stm32/src/usbd_stm32f767_otgfs.c:797:6:handle_bus_reset	8	static
