../tinyusb/src/portable/synopsys/dwc2/dcd_dwc2.c:181:13:dfifo_alloc	16	static,ignoring_inline_asm
../tinyusb/src/portable/synopsys/dwc2/dcd_dwc2.c:229:13:dfifo_device_init	0	static
../tinyusb/src/portable/synopsys/dwc2/dcd_dwc2.c:250:13:edpt_activate	16	static
../tinyusb/src/portable/synopsys/dwc2/dcd_dwc2.c:276:13:edpt_disable	16	static
../tinyusb/src/portable/synopsys/dwc2/dcd_dwc2.c:329:13:edpt_schedule_packets	20	static
../tinyusb/src/portable/synopsys/dwc2/dcd_dwc2.c:964:13:handle_ep_irq	88	static
../tinyusb/src/portable/synopsys/dwc2/dcd_dwc2.c:446:6:dcd_int_enable	0	static
../tinyusb/src/portable/synopsys/dwc2/dcd_dwc2.c:450:6:dcd_int_disable	0	static,ignoring_inline_asm
../tinyusb/src/portable/synopsys/dwc2/dcd_dwc2.c:462:6:dcd_remote_wakeup	0	static,ignoring_inline_asm
../tinyusb/src/portable/synopsys/dwc2/dcd_dwc2.c:480:6:dcd_connect	0	static
../tinyusb/src/portable/synopsys/dwc2/dcd_dwc2.c:497:6:dcd_disconnect	0	static
../tinyusb/src/portable/synopsys/dwc2/dcd_dwc2.c:390:6:dcd_init	24	static,ignoring_inline_asm
../tinyusb/src/portable/synopsys/dwc2/dcd_dwc2.c:515:6:dcd_sof_enable	0	static
../tinyusb/src/portable/synopsys/dwc2/dcd_dwc2.c:533:6:dcd_edpt_open	16	static,ignoring_inline_asm
../tinyusb/src/portable/synopsys/dwc2/dcd_dwc2.c:540:6:dcd_edpt_close_all	24	static
../tinyusb/src/portable/synopsys/dwc2/dcd_dwc2.c:568:6:dcd_edpt_iso_alloc	8	static,ignoring_inline_asm
../tinyusb/src/portable/synopsys/dwc2/dcd_dwc2.c:573:6:dcd_edpt_iso_activate	16	static
../tinyusb/src/portable/synopsys/dwc2/dcd_dwc2.c:580:6:dcd_edpt_xfer	32	static
../tinyusb/src/portable/synopsys/dwc2/dcd_dwc2.c:454:6:dcd_set_address	0	static
../tinyusb/src/portable/synopsys/dwc2/dcd_dwc2.c:614:6:dcd_edpt_xfer_fifo	40	static,ignoring_inline_asm
../tinyusb/src/portable/synopsys/dwc2/dcd_dwc2.c:643:6:dcd_edpt_stall	16	static
../tinyusb/src/portable/synopsys/dwc2/dcd_dwc2.c:651:6:dcd_edpt_clear_stall	0	static
../tinyusb/src/portable/synopsys/dwc2/dcd_dwc2.c:1018:6:dcd_int_handler	56	static
