../letter-shell-3.x/drivers/usart.c:621:13:USART_RxFinish	0	static
../letter-shell-3.x/drivers/usart.c:49:9:Usart_Transmit	24	static
../letter-shell-3.x/drivers/usart.c:38:5:_write	8	static
../letter-shell-3.x/drivers/usart.c:172:6:MX_USART2_UART_Init	32	static,ignoring_inline_asm
../letter-shell-3.x/drivers/usart.c:242:6:MX_USART2_DMA	8	static
../letter-shell-3.x/drivers/usart.c:309:9:DMA_Usart2_Start_Transfers_IT	0	static
../letter-shell-3.x/drivers/usart.c:138:9:Usart_Transmit_DMA	8	static,ignoring_inline_asm
../letter-shell-3.x/drivers/usart.c:351:9:Usart_Receive	24	static
../letter-shell-3.x/drivers/usart.c:492:9:Usart_Start_Receive_IT	0	static
../letter-shell-3.x/drivers/usart.c:469:9:Usart_Receive_IT	0	static
../letter-shell-3.x/drivers/usart.c:616:6:USART_RxFinishCallback	0	static
../letter-shell-3.x/drivers/usart.c:626:9:Usart_Receive_IT_Get_Flag	0	static
../letter-shell-3.x/drivers/usart.c:631:6:USART_IRQHandler	12	static
