../Drivers/CMSIS/Include/core_cm7.h:1896:22:__NVIC_EnableIRQ	16	static
../Drivers/CMSIS/Include/core_cm7.h:2024:22:__NVIC_SetPriority	16	static
../Drivers/STM32F7xx_HAL_Driver/Inc/stm32f7xx_ll_bus.h:309:22:LL_AHB1_GRP1_EnableClock	24	static
../Drivers/STM32F7xx_HAL_Driver/Inc/stm32f7xx_ll_bus.h:1587:22:LL_APB2_GRP1_EnableClock	24	static
../Drivers/STM32F7xx_HAL_Driver/Inc/stm32f7xx_ll_system.h:513:22:LL_SYSCFG_SetEXTISource	24	static,ignoring_inline_asm
../Drivers/STM32F7xx_HAL_Driver/Inc/stm32f7xx_ll_exti.h:267:22:LL_EXTI_EnableIT_0_31	16	static
../Drivers/STM32F7xx_HAL_Driver/Inc/stm32f7xx_ll_exti.h:661:22:LL_EXTI_EnableFallingTrig_0_31	16	static
../Drivers/STM32F7xx_HAL_Driver/Inc/stm32f7xx_ll_gpio.h:273:22:LL_GPIO_SetPinMode	40	static,ignoring_inline_asm
../Drivers/STM32F7xx_HAL_Driver/Inc/stm32f7xx_ll_gpio.h:484:22:LL_GPIO_SetPinPull	40	static,ignoring_inline_asm
../Drivers/STM32F7xx_HAL_Driver/Inc/stm32f7xx_ll_gpio.h:800:26:LL_GPIO_IsInputPinSet	16	static
../Drivers/STM32F7xx_HAL_Driver/Inc/stm32f7xx_ll_gpio.h:939:22:LL_GPIO_TogglePin	24	static
../Demo/button.c:69:6:prvButtonTask	16	static
../Demo/button.c:83:6:user_button_init	8	static
../Demo/button.c:104:6:keyinit	4	static
../Demo/button.c:116:6:keyreset	4	static
../Demo/button.c:125:10:getkeyval	16	static
../Demo/button.c:134:6:keyscan	16	static
../Demo/button.c:203:6:keyproc	8	static
