../lwip-2.2.2/src/apps/mqtt/mqtt.c:184:1:mqtt_ringbuf_put	0	static
../lwip-2.2.2/src/apps/mqtt/mqtt.c:457:6:mqtt_output_append_u16	8	static
../lwip-2.2.2/src/apps/mqtt/mqtt.c:473:1:mqtt_output_append_string	16	static
../lwip-2.2.2/src/apps/mqtt/mqtt.c:313:1:mqtt_append_request	24	static
../lwip-2.2.2/src/apps/mqtt/mqtt.c:201:1:mqtt_ringbuf_advance_get_idx	16	static
../lwip-2.2.2/src/apps/mqtt/mqtt.c:356:1:mqtt_take_request	16	static
../lwip-2.2.2/src/apps/mqtt/mqtt.c:494:1:mqtt_output_append_fixed_header.constprop	16	static
../lwip-2.2.2/src/apps/mqtt/mqtt.c:537:1:mqtt_close	16	static
../lwip-2.2.2/src/apps/mqtt/mqtt.c:1016:1:mqtt_tcp_err_cb	8	static
../lwip-2.2.2/src/apps/mqtt/mqtt.c:514:1:mqtt_output_check_space	0	static
../lwip-2.2.2/src/apps/mqtt/mqtt.c:234:1:mqtt_output_send	24	static
../lwip-2.2.2/src/apps/mqtt/mqtt.c:1034:1:mqtt_tcp_poll_cb	8	static
../lwip-2.2.2/src/apps/mqtt/mqtt.c:1051:1:mqtt_tcp_connect_cb	16	static
../lwip-2.2.2/src/apps/mqtt/mqtt.c:634:1:pub_ack_rec_rel_response.isra	32	static
../lwip-2.2.2/src/apps/mqtt/mqtt.c:576:1:mqtt_cyclic_timer	32	static
../lwip-2.2.2/src/apps/mqtt/mqtt.c:671:1:mqtt_message_received	48	static
../lwip-2.2.2/src/apps/mqtt/mqtt.c:939:1:mqtt_tcp_recv_cb	48	static
../lwip-2.2.2/src/apps/mqtt/mqtt.c:983:1:mqtt_tcp_sent_cb	16	static
../lwip-2.2.2/src/apps/mqtt/mqtt.c:1104:1:mqtt_publish	56	static
../lwip-2.2.2/src/apps/mqtt/mqtt.c:1180:1:mqtt_sub_unsub	56	static
../lwip-2.2.2/src/apps/mqtt/mqtt.c:1245:1:mqtt_set_inpub_callback	24	static
../lwip-2.2.2/src/apps/mqtt/mqtt.c:1261:1:mqtt_client_new	0	static
../lwip-2.2.2/src/apps/mqtt/mqtt.c:1273:1:mqtt_client_free	0	static
../lwip-2.2.2/src/apps/mqtt/mqtt.c:1290:1:mqtt_client_connect	72	static
../lwip-2.2.2/src/apps/mqtt/mqtt.c:1461:1:mqtt_disconnect	8	static
../lwip-2.2.2/src/apps/mqtt/mqtt.c:1480:1:mqtt_client_is_connected	8	static
