../tinyusb/src/class/msc/msc_device.c:125:13:fail_scsi_op.constprop	4	static
../tinyusb/src/class/msc/msc_device.c:855:13:proc_write10_cmd.constprop	8	static,ignoring_inline_asm
../tinyusb/src/class/msc/msc_device.c:894:13:proc_write_io_data.constprop	32	static
../tinyusb/src/class/msc/msc_device.c:831:13:proc_read_io_data.constprop	24	static,ignoring_inline_asm
../tinyusb/src/class/msc/msc_device.c:813:13:proc_read10_cmd.constprop	24	static
../tinyusb/src/class/msc/msc_device.c:119:20:prepare_cbw.constprop	0	static
../tinyusb/src/class/msc/msc_device.c:110:20:send_csw.constprop	12	static
../tinyusb/src/class/msc/msc_device.c:199:13:proc_stage_status.constprop	16	static,ignoring_inline_asm
../tinyusb/src/class/msc/msc_device.c:268:13:proc_async_io_done	8	static
../tinyusb/src/class/msc/msc_device.c:47:19:tud_msc_inquiry_cb	0	static
../tinyusb/src/class/msc/msc_device.c:50:23:tud_msc_inquiry2_cb	0	static
../tinyusb/src/class/msc/msc_device.c:255:6:tud_msc_set_sense	0	static
../tinyusb/src/class/msc/msc_device.c:293:6:tud_msc_async_io_done	8	static
../tinyusb/src/class/msc/msc_device.c:306:6:mscd_init	0	static
../tinyusb/src/class/msc/msc_device.c:311:6:mscd_deinit	0	static
../tinyusb/src/class/msc/msc_device.c:315:6:mscd_reset	0	static
../tinyusb/src/class/msc/msc_device.c:320:10:mscd_open	16	static,ignoring_inline_asm
../tinyusb/src/class/msc/msc_device.c:353:6:mscd_control_xfer_cb	24	static,ignoring_inline_asm
../tinyusb/src/class/msc/msc_device.c:422:6:mscd_xfer_cb	72	static,ignoring_inline_asm
