../Drivers/STM32F7xx_HAL_Driver/Inc/stm32f7xx_ll_bus.h:309:22:LL_AHB1_GRP1_EnableClock	8	static
../Core/Src/main.c:618:6:lwipinitTask	40	static
../Core/Src/main.c:195:6:SystemClock_Config	8	static,ignoring_inline_asm
../Core/Src/main.c:467:6:MX_LED_Init	16	static,ignoring_inline_asm
../Core/Src/main.c:96:5:main	80	static,ignoring_inline_asm
../Core/Src/main.c:501:6:UserButton_Callback	0	static
../Core/Src/main.c:513:6:USART_TransferError_Callback	0	static
../Core/Src/main.c:528:6:vApplicationTickHook	0	static
../Core/Src/main.c:535:6:vApplicationIdleHook	0	static
../Core/Src/main.c:719:6:HAL_TIM_PeriodElapsedCallback	0	static
../Core/Src/main.c:737:6:Error_Handler	0	static,ignoring_inline_asm
