../Drivers/STM32F7xx_HAL_Driver/Inc/stm32f7xx_ll_bus.h:309:22:LL_AHB1_GRP1_EnableClock	8	static
../Core/Src/main.c:599:6:lwipinitTask	40	static
../Core/Src/main.c:178:6:SystemClock_Config	8	static,ignoring_inline_asm
../Core/Src/main.c:450:6:MX_LED_Init	16	static,ignoring_inline_asm
../Core/Src/main.c:94:5:main	80	static,ignoring_inline_asm
../Core/Src/main.c:484:6:UserButton_Callback	0	static
../Core/Src/main.c:496:6:USART_TransferError_Callback	0	static
../Core/Src/main.c:511:6:vApplicationTickHook	0	static
../Core/Src/main.c:517:6:vApplicationMallocFailedHook	0	static,ignoring_inline_asm
../Core/Src/main.c:534:6:vApplicationIdleHook	0	static
../Core/Src/main.c:547:6:vApplicationStackOverflowHook	0	static,ignoring_inline_asm
../Core/Src/main.c:700:6:HAL_TIM_PeriodElapsedCallback	0	static
../Core/Src/main.c:718:6:Error_Handler	0	static,ignoring_inline_asm
