../Drivers/STM32F7xx_HAL_Driver/Inc/stm32f7xx_ll_bus.h:309:22:LL_AHB1_GRP1_EnableClock	8	static
../Core/Src/main.c:738:6:lwipinitTask	40	static
../Core/Src/main.c:193:6:SystemClock_Config	8	static,ignoring_inline_asm
../Core/Src/main.c:499:6:MX_LED_Init	16	static,ignoring_inline_asm
../Core/Src/main.c:532:6:MX_USART2_DMA	8	static
../Core/Src/main.c:112:5:main	80	static,ignoring_inline_asm
../Core/Src/main.c:585:6:StartTransfers	0	static,ignoring_inline_asm
../Core/Src/main.c:601:6:UserButton_Callback	0	static
../Core/Src/main.c:612:6:DMA1_TransmitComplete_Callback	0	static
../Core/Src/main.c:624:6:DMA1_ReceiveComplete_Callback	0	static
../Core/Src/main.c:635:6:USART_TransferError_Callback	0	static
../Core/Src/main.c:650:6:vApplicationTickHook	0	static
../Core/Src/main.c:656:6:vApplicationMallocFailedHook	0	static,ignoring_inline_asm
../Core/Src/main.c:673:6:vApplicationIdleHook	0	static
../Core/Src/main.c:686:6:vApplicationStackOverflowHook	0	static,ignoring_inline_asm
../Core/Src/main.c:839:6:HAL_TIM_PeriodElapsedCallback	0	static
../Core/Src/main.c:857:6:Error_Handler	0	static,ignoring_inline_asm
