../Drivers/STM32F7xx_HAL_Driver/Inc/stm32f7xx_ll_bus.h:309:22:LL_AHB1_GRP1_EnableClock	8	static
../Drivers/STM32F7xx_HAL_Driver/Inc/stm32f7xx_ll_gpio.h:484:22:LL_GPIO_SetPinPull	12	static,ignoring_inline_asm
../Drivers/STM32F7xx_HAL_Driver/Inc/stm32f7xx_ll_gpio.h:273:22:LL_GPIO_SetPinMode	12	static,ignoring_inline_asm
../Core/Src/main.c:863:6:lwipinitTask	40	static
../Core/Src/main.c:188:6:SystemClock_Config	8	static,ignoring_inline_asm
../Core/Src/main.c:494:6:MX_LED_Init	8	static
../Core/Src/main.c:592:6:BufferTransferConst	24	static
../Core/Src/main.c:525:6:MX_USART2_UART_Init	32	static,ignoring_inline_asm
../Core/Src/main.c:658:6:MX_USART2_DMA	8	static
../Core/Src/main.c:110:5:main	80	static,ignoring_inline_asm
../Core/Src/main.c:710:6:StartTransfers	0	static,ignoring_inline_asm
../Core/Src/main.c:726:6:UserButton_Callback	0	static
../Core/Src/main.c:737:6:DMA1_TransmitComplete_Callback	0	static
../Core/Src/main.c:749:6:DMA1_ReceiveComplete_Callback	0	static
../Core/Src/main.c:760:6:USART_TransferError_Callback	0	static
../Core/Src/main.c:775:6:vApplicationTickHook	0	static
../Core/Src/main.c:781:6:vApplicationMallocFailedHook	0	static,ignoring_inline_asm
../Core/Src/main.c:798:6:vApplicationIdleHook	0	static
../Core/Src/main.c:811:6:vApplicationStackOverflowHook	0	static,ignoring_inline_asm
../Core/Src/main.c:964:6:HAL_TIM_PeriodElapsedCallback	0	static
../Core/Src/main.c:982:6:Error_Handler	0	static,ignoring_inline_asm
../Core/Src/main.c:993:5:__io_putchar	0	static
