../Drivers/STM32F7xx_HAL_Driver/Inc/stm32f7xx_ll_bus.h:309:22:LL_AHB1_GRP1_EnableClock	8	static
../Drivers/STM32F7xx_HAL_Driver/Inc/stm32f7xx_ll_gpio.h:484:22:LL_GPIO_SetPinPull	12	static,ignoring_inline_asm
../Drivers/STM32F7xx_HAL_Driver/Inc/stm32f7xx_ll_gpio.h:273:22:LL_GPIO_SetPinMode	12	static,ignoring_inline_asm
../Core/Src/main.c:895:6:lwipinitTask	40	static
../Core/Src/main.c:191:6:SystemClock_Config	8	static,ignoring_inline_asm
../Core/Src/main.c:497:6:MX_LED_Init	8	static
../Core/Src/main.c:527:6:MX_SDIO_Init	0	static
../Core/Src/main.c:622:6:BufferTransferConst	24	static
../Core/Src/main.c:555:6:MX_USART2_UART_Init	32	static,ignoring_inline_asm
../Core/Src/main.c:688:6:MX_USART2_DMA	8	static
../Core/Src/main.c:112:5:main	80	static,ignoring_inline_asm
../Core/Src/main.c:740:6:StartTransfers	0	static,ignoring_inline_asm
../Core/Src/main.c:756:6:UserButton_Callback	0	static
../Core/Src/main.c:767:6:DMA1_TransmitComplete_Callback	0	static
../Core/Src/main.c:779:6:DMA1_ReceiveComplete_Callback	0	static
../Core/Src/main.c:790:6:USART_TransferError_Callback	0	static
../Core/Src/main.c:805:6:vApplicationTickHook	0	static
../Core/Src/main.c:811:6:vApplicationMallocFailedHook	0	static,ignoring_inline_asm
../Core/Src/main.c:828:6:vApplicationIdleHook	0	static
../Core/Src/main.c:842:6:vApplicationStackOverflowHook	0	static,ignoring_inline_asm
../Core/Src/main.c:997:6:HAL_TIM_PeriodElapsedCallback	0	static
../Core/Src/main.c:1015:6:Error_Handler	0	static,ignoring_inline_asm
../Core/Src/main.c:1026:5:__io_putchar	0	static
