../Drivers/STM32F7xx_HAL_Driver/Inc/stm32f7xx_ll_bus.h:309:22:LL_AHB1_GRP1_EnableClock	8	static
../Drivers/STM32F7xx_HAL_Driver/Inc/stm32f7xx_ll_gpio.h:484:22:LL_GPIO_SetPinPull	12	static,ignoring_inline_asm
../Drivers/STM32F7xx_HAL_Driver/Inc/stm32f7xx_ll_gpio.h:273:22:LL_GPIO_SetPinMode	12	static,ignoring_inline_asm
../Core/Src/main.c:864:6:lwipinitTask	40	static
../Core/Src/main.c:189:6:SystemClock_Config	8	static,ignoring_inline_asm
../Core/Src/main.c:495:6:MX_LED_Init	8	static
../Core/Src/main.c:593:6:BufferTransferConst	24	static
../Core/Src/main.c:526:6:MX_USART2_UART_Init	32	static,ignoring_inline_asm
../Core/Src/main.c:659:6:MX_USART2_DMA	8	static
../Core/Src/main.c:110:5:main	80	static,ignoring_inline_asm
../Core/Src/main.c:711:6:StartTransfers	0	static,ignoring_inline_asm
../Core/Src/main.c:727:6:UserButton_Callback	0	static
../Core/Src/main.c:738:6:DMA1_TransmitComplete_Callback	0	static
../Core/Src/main.c:750:6:DMA1_ReceiveComplete_Callback	0	static
../Core/Src/main.c:761:6:USART_TransferError_Callback	0	static
../Core/Src/main.c:776:6:vApplicationTickHook	0	static
../Core/Src/main.c:782:6:vApplicationMallocFailedHook	0	static,ignoring_inline_asm
../Core/Src/main.c:799:6:vApplicationIdleHook	0	static
../Core/Src/main.c:812:6:vApplicationStackOverflowHook	0	static,ignoring_inline_asm
../Core/Src/main.c:965:6:HAL_TIM_PeriodElapsedCallback	0	static
../Core/Src/main.c:983:6:Error_Handler	0	static,ignoring_inline_asm
../Core/Src/main.c:994:5:__io_putchar	0	static
