../Drivers/STM32F7xx_HAL_Driver/Inc/stm32f7xx_ll_bus.h:309:22:LL_AHB1_GRP1_EnableClock	8	static
../Drivers/STM32F7xx_HAL_Driver/Inc/stm32f7xx_ll_gpio.h:273:22:LL_GPIO_SetPinMode	12	static,ignoring_inline_asm
../Core/Src/main.c:684:6:lwipinitTask	40	static
../Core/Src/main.c:180:6:SystemClock_Config	8	static,ignoring_inline_asm
../Core/Src/main.c:535:6:MX_LED_Init	8	static
../Core/Src/main.c:96:5:main	80	static,ignoring_inline_asm
../Core/Src/main.c:569:6:UserButton_Callback	0	static
../Core/Src/main.c:581:6:USART_TransferError_Callback	0	static
../Core/Src/main.c:596:6:vApplicationTickHook	0	static
../Core/Src/main.c:602:6:vApplicationMallocFailedHook	0	static,ignoring_inline_asm
../Core/Src/main.c:619:6:vApplicationIdleHook	0	static
../Core/Src/main.c:632:6:vApplicationStackOverflowHook	0	static,ignoring_inline_asm
../Core/Src/main.c:785:6:HAL_TIM_PeriodElapsedCallback	0	static
../Core/Src/main.c:803:6:Error_Handler	0	static,ignoring_inline_asm
