../Drivers/STM32F7xx_HAL_Driver/Inc/stm32f7xx_ll_bus.h:309:22:LL_AHB1_GRP1_EnableClock	8	static
../Drivers/STM32F7xx_HAL_Driver/Inc/stm32f7xx_ll_gpio.h:484:22:LL_GPIO_SetPinPull	12	static,ignoring_inline_asm
../Drivers/STM32F7xx_HAL_Driver/Inc/stm32f7xx_ll_gpio.h:273:22:LL_GPIO_SetPinMode	12	static,ignoring_inline_asm
../Core/Src/main.c:890:6:lwipinitTask	40	static
../Core/Src/main.c:193:6:SystemClock_Config	8	static,ignoring_inline_asm
../Core/Src/main.c:499:6:MX_LED_Init	8	static
../Core/Src/main.c:513:6:LED_On	0	static
../Core/Src/main.c:518:6:LED_Off	0	static
../Core/Src/main.c:523:6:LED_Reverse	0	static
../Core/Src/main.c:618:6:BufferTransferConst	24	static
../Core/Src/main.c:551:6:MX_USART2_UART_Init	32	static,ignoring_inline_asm
../Core/Src/main.c:684:6:MX_USART2_DMA	8	static
../Core/Src/main.c:114:5:main	80	static,ignoring_inline_asm
../Core/Src/main.c:735:6:StartTransfers	0	static,ignoring_inline_asm
../Core/Src/main.c:751:6:UserButton_Callback	0	static
../Core/Src/main.c:762:6:DMA1_TransmitComplete_Callback	0	static
../Core/Src/main.c:774:6:DMA1_ReceiveComplete_Callback	0	static
../Core/Src/main.c:785:6:USART_TransferError_Callback	0	static
../Core/Src/main.c:800:6:vApplicationTickHook	0	static
../Core/Src/main.c:806:6:vApplicationMallocFailedHook	0	static,ignoring_inline_asm
../Core/Src/main.c:823:6:vApplicationIdleHook	0	static
../Core/Src/main.c:837:6:vApplicationStackOverflowHook	0	static,ignoring_inline_asm
../Core/Src/main.c:992:6:HAL_TIM_PeriodElapsedCallback	0	static
../Core/Src/main.c:1010:6:Error_Handler	0	static,ignoring_inline_asm
../Core/Src/main.c:1021:5:__io_putchar	0	static
