../Drivers/STM32F7xx_HAL_Driver/Inc/stm32f7xx_ll_bus.h:309:22:LL_AHB1_GRP1_EnableClock	8	static
../Core/Src/main.c:608:6:lwipinitTask	40	static
../Core/Src/main.c:185:6:SystemClock_Config	8	static,ignoring_inline_asm
../Core/Src/main.c:457:6:MX_LED_Init	16	static,ignoring_inline_asm
../Core/Src/main.c:94:5:main	80	static,ignoring_inline_asm
../Core/Src/main.c:491:6:UserButton_Callback	0	static
../Core/Src/main.c:503:6:USART_TransferError_Callback	0	static
../Core/Src/main.c:518:6:vApplicationTickHook	0	static
../Core/Src/main.c:525:6:vApplicationIdleHook	0	static
../Core/Src/main.c:709:6:HAL_TIM_PeriodElapsedCallback	0	static
../Core/Src/main.c:727:6:Error_Handler	0	static,ignoring_inline_asm
