../Core/Src/stm32f7xx_it.c:74:6:NMI_Handler	0	static
../Core/Src/stm32f7xx_it.c:89:6:HardFault_Handler	0	static
../Core/Src/stm32f7xx_it.c:104:6:MemManage_Handler	0	static
../Core/Src/stm32f7xx_it.c:118:6:USART2_IRQHandler	8	static
../Core/Src/stm32f7xx_it.c:132:6:BusFault_Handler	0	static
../Core/Src/stm32f7xx_it.c:147:6:UsageFault_Handler	0	static
../Core/Src/stm32f7xx_it.c:175:6:DebugMon_Handler	0	static
../Core/Src/stm32f7xx_it.c:225:6:TIM7_IRQHandler	0	static
../Core/Src/stm32f7xx_it.c:237:6:EXTI15_10_IRQHandler	0	static
../Core/Src/stm32f7xx_it.c:253:6:DMA1_Stream6_IRQHandler	0	static
../Core/Src/stm32f7xx_it.c:274:6:DMA1_Stream5_IRQHandler	0	static
../Core/Src/stm32f7xx_it.c:291:6:ETH_IRQHandler	0	static
../Core/Src/stm32f7xx_it.c:319:6:DMA2_Stream4_IRQHandler	0	static
../Core/Src/stm32f7xx_it.c:341:6:DMA2_Stream6_IRQHandler	0	static
