../freertos/timers.c:716:23:prvInsertTimerInActiveList	8	static
../freertos/timers.c:522:17:prvReloadTimer	16	static
../freertos/timers.c:541:17:prvProcessExpiredTimer	16	static
../freertos/timers.c:693:23:prvSampleTimeNow	24	static
../freertos/timers.c:568:12:prvTimerTask	48	static,ignoring_inline_asm
../freertos/timers.c:933:17:prvCheckForValidListAndQueue	24	static
../freertos/timers.c:233:16:xTimerCreateTimerTask	16	static,ignoring_inline_asm
../freertos/timers.c:288:23:xTimerCreate	24	static,ignoring_inline_asm
../freertos/timers.c:386:16:xTimerGenericCommand	32	static,ignoring_inline_asm
../freertos/timers.c:433:18:xTimerGetTimerDaemonTaskHandle	0	static,ignoring_inline_asm
../freertos/timers.c:442:16:xTimerGetPeriod	0	static,ignoring_inline_asm
../freertos/timers.c:451:10:vTimerSetReloadMode	16	static,ignoring_inline_asm
../freertos/timers.c:472:16:xTimerGetReloadMode	8	static,ignoring_inline_asm
../freertos/timers.c:496:17:uxTimerGetReloadMode	0	static
../freertos/timers.c:502:16:xTimerGetExpiryTime	0	static,ignoring_inline_asm
../freertos/timers.c:513:18:pcTimerGetName	0	static,ignoring_inline_asm
../freertos/timers.c:984:16:xTimerIsTimerActive	8	static,ignoring_inline_asm
../freertos/timers.c:1009:12:pvTimerGetTimerID	8	static,ignoring_inline_asm
../freertos/timers.c:1026:10:vTimerSetTimerID	16	static,ignoring_inline_asm
../freertos/timers.c:1043:20:xTimerPendFunctionCallFromISR	24	static
../freertos/timers.c:1070:20:xTimerPendFunctionCall	32	static,ignoring_inline_asm
../freertos/timers.c:1102:21:uxTimerGetTimerNumber	0	static
../freertos/timers.c:1112:14:vTimerSetTimerNumber	0	static
