D:/stm32/workspace_1.12.1/stm32f767_freertos/usb-framework/libusb_stm32/inc/usbd_core.h:407:20:usbd_ep_deconfig	0	static
D:/stm32/workspace_1.12.1/stm32f767_freertos/usb-framework/libusb_stm32/inc/usbd_core.h:433:23:usbd_ep_write	4	static
../usb-framework/usb_app/usb_app.c:270:21:cdc_getdesc	0	static
../usb-framework/usb_app/usb_app.c:302:21:cdc_control	8	static
../usb-framework/usb_app/usb_app.c:392:13:hid_mouse_move	12	static
../usb-framework/usb_app/usb_app.c:425:13:cdc_loopback	16	static
D:/stm32/workspace_1.12.1/stm32f767_freertos/usb-framework/libusb_stm32/inc/usbd_core.h:399:20:usbd_ep_config.isra	4	static
../usb-framework/usb_app/usb_app.c:442:21:cdc_setconf	16	static
../usb-framework/usb_app/usb_app.c:526:6:OTG_FS_IRQHandler	0	static
../usb-framework/usb_app/usb_app.c:531:6:prvUSBappTask	8	static
