../Drivers/STM32F7xx_HAL_Driver/Inc/stm32f7xx_ll_bus.h:309:22:LL_AHB1_GRP1_EnableClock	24	static
../Drivers/STM32F7xx_HAL_Driver/Inc/stm32f7xx_ll_pwr.h:263:22:LL_PWR_EnableOverDriveMode	4	static
../Drivers/STM32F7xx_HAL_Driver/Inc/stm32f7xx_ll_pwr.h:297:22:LL_PWR_SetRegulVoltageScaling	16	static
../Drivers/STM32F7xx_HAL_Driver/Inc/stm32f7xx_ll_pwr.h:410:22:LL_PWR_EnableBkUpAccess	4	static
../Drivers/STM32F7xx_HAL_Driver/Inc/stm32f7xx_ll_rcc.h:1952:22:LL_RCC_HSE_EnableBypass	4	static
../Drivers/STM32F7xx_HAL_Driver/Inc/stm32f7xx_ll_rcc.h:1972:22:LL_RCC_HSE_Enable	4	static
../Drivers/STM32F7xx_HAL_Driver/Inc/stm32f7xx_ll_rcc.h:1992:26:LL_RCC_HSE_IsReady	4	static
../Drivers/STM32F7xx_HAL_Driver/Inc/stm32f7xx_ll_rcc.h:2084:22:LL_RCC_LSE_Enable	4	static
../Drivers/STM32F7xx_HAL_Driver/Inc/stm32f7xx_ll_rcc.h:2130:22:LL_RCC_LSE_SetDriveCapability	16	static
../Drivers/STM32F7xx_HAL_Driver/Inc/stm32f7xx_ll_rcc.h:2214:22:LL_RCC_SetSysClkSource	16	static
../Drivers/STM32F7xx_HAL_Driver/Inc/stm32f7xx_ll_rcc.h:2227:26:LL_RCC_GetSysClkSource	4	static
../Drivers/STM32F7xx_HAL_Driver/Inc/stm32f7xx_ll_rcc.h:2247:22:LL_RCC_SetAHBPrescaler	16	static
../Drivers/STM32F7xx_HAL_Driver/Inc/stm32f7xx_ll_rcc.h:2263:22:LL_RCC_SetAPB1Prescaler	16	static
../Drivers/STM32F7xx_HAL_Driver/Inc/stm32f7xx_ll_rcc.h:2279:22:LL_RCC_SetAPB2Prescaler	16	static
../Drivers/STM32F7xx_HAL_Driver/Inc/stm32f7xx_ll_rcc.h:2934:22:LL_RCC_SetRTCClockSource	16	static
../Drivers/STM32F7xx_HAL_Driver/Inc/stm32f7xx_ll_rcc.h:2948:26:LL_RCC_GetRTCClockSource	4	static
../Drivers/STM32F7xx_HAL_Driver/Inc/stm32f7xx_ll_rcc.h:2958:22:LL_RCC_EnableRTC	4	static
../Drivers/STM32F7xx_HAL_Driver/Inc/stm32f7xx_ll_rcc.h:2988:22:LL_RCC_ForceBackupDomainReset	4	static
../Drivers/STM32F7xx_HAL_Driver/Inc/stm32f7xx_ll_rcc.h:2998:22:LL_RCC_ReleaseBackupDomainReset	4	static
../Drivers/STM32F7xx_HAL_Driver/Inc/stm32f7xx_ll_rcc.h:3040:22:LL_RCC_SetRTC_HSEPrescaler	16	static
../Drivers/STM32F7xx_HAL_Driver/Inc/stm32f7xx_ll_rcc.h:3102:22:LL_RCC_SetTIMPrescaler	16	static
../Drivers/STM32F7xx_HAL_Driver/Inc/stm32f7xx_ll_rcc.h:3132:22:LL_RCC_PLL_Enable	4	static
../Drivers/STM32F7xx_HAL_Driver/Inc/stm32f7xx_ll_rcc.h:3153:26:LL_RCC_PLL_IsReady	4	static
../Drivers/STM32F7xx_HAL_Driver/Inc/stm32f7xx_ll_rcc.h:3241:22:LL_RCC_PLL_ConfigDomain_SYS	24	static
../Drivers/STM32F7xx_HAL_Driver/Inc/stm32f7xx_ll_rtc.h:3009:22:LL_RTC_BAK_SetRegister	32	static
../Drivers/STM32F7xx_HAL_Driver/Inc/stm32f7xx_ll_rtc.h:3059:26:LL_RTC_BAK_GetRegister	24	static
../Drivers/STM32F7xx_HAL_Driver/Inc/stm32f7xx_ll_system.h:891:22:LL_FLASH_SetLatency	16	static
../Drivers/STM32F7xx_HAL_Driver/Inc/stm32f7xx_ll_system.h:917:26:LL_FLASH_GetLatency	4	static
../Core/Src/wrapper.c:22:6:clock_init	8	static
../Core/Src/wrapper.c:77:6:lowlevel_init	8	static
../Core/Src/wrapper.c:82:13:hw_rtc_init	32	static
../Core/Src/wrapper.c:129:6:HAL_Delay	16	static
../Core/Src/wrapper.c:134:10:HAL_GetTick	8	static
