../tinyusb/demo/msc_disk.c:170:13:io_task	40	static
../tinyusb/demo/msc_disk.c:159:6:msc_disk_init	16	static
../tinyusb/demo/msc_disk.c:200:10:tud_msc_inquiry2_cb	56	static
../tinyusb/demo/msc_disk.c:216:6:tud_msc_test_unit_ready_cb	8	static
../tinyusb/demo/msc_disk.c:231:6:tud_msc_capacity_cb	0	static
../tinyusb/demo/msc_disk.c:240:6:tud_msc_start_stop_cb	0	static
../tinyusb/demo/msc_disk.c:258:9:tud_msc_read10_cb	40	static,ignoring_inline_asm
../tinyusb/demo/msc_disk.c:285:6:tud_msc_is_writable_cb	0	static
../tinyusb/demo/msc_disk.c:297:9:tud_msc_write10_cb	40	static,ignoring_inline_asm
../tinyusb/demo/msc_disk.c:333:9:tud_msc_scsi_cb	8	static
