../tinyusb/demo/msc_disk.c:180:13:io_task	64	static
../tinyusb/demo/msc_disk.c:169:6:msc_disk_init	16	static
../tinyusb/demo/msc_disk.c:275:10:tud_msc_inquiry2_cb	56	static
../tinyusb/demo/msc_disk.c:291:6:tud_msc_test_unit_ready_cb	8	static
../tinyusb/demo/msc_disk.c:308:6:tud_msc_capacity_cb	16	static
../tinyusb/demo/msc_disk.c:325:6:tud_msc_start_stop_cb	0	static
../tinyusb/demo/msc_disk.c:346:9:tud_msc_read10_cb	48	static,ignoring_inline_asm
../tinyusb/demo/msc_disk.c:428:6:tud_msc_is_writable_cb	0	static
../tinyusb/demo/msc_disk.c:441:9:tud_msc_write10_cb	48	static,ignoring_inline_asm
../tinyusb/demo/msc_disk.c:491:9:tud_msc_scsi_cb	8	static
