../tinyusb/demo/usb_app.c:422:13:usb_device_task	16	static
../tinyusb/demo/usb_app.c:484:6:cdc_task	80	static
../tinyusb/demo/usb_app.c:548:6:led_blinking_task	8	static
../tinyusb/demo/usb_app.c:400:6:usb_main	16	static
../tinyusb/demo/usb_app.c:455:6:tud_mount_cb	0	static
../tinyusb/demo/usb_app.c:461:6:tud_umount_cb	0	static
../tinyusb/demo/usb_app.c:469:6:tud_suspend_cb	0	static
../tinyusb/demo/usb_app.c:476:6:tud_resume_cb	8	static
../tinyusb/demo/usb_app.c:528:6:tud_cdc_line_state_cb	0	static
../tinyusb/demo/usb_app.c:541:6:tud_cdc_rx_cb	0	static
