../tinyusb/demo/usb_app.c:421:13:usb_device_task	16	static
../tinyusb/demo/usb_app.c:483:6:cdc_task	80	static
../tinyusb/demo/usb_app.c:547:6:led_blinking_task	8	static
../tinyusb/demo/usb_app.c:400:6:usb_main	16	static
../tinyusb/demo/usb_app.c:454:6:tud_mount_cb	0	static
../tinyusb/demo/usb_app.c:460:6:tud_umount_cb	0	static
../tinyusb/demo/usb_app.c:468:6:tud_suspend_cb	0	static
../tinyusb/demo/usb_app.c:475:6:tud_resume_cb	8	static
../tinyusb/demo/usb_app.c:527:6:tud_cdc_line_state_cb	0	static
../tinyusb/demo/usb_app.c:540:6:tud_cdc_rx_cb	0	static
