../freertos/portable/port.c:263:13:prvPortStartFirstTask	0	static,ignoring_inline_asm
../freertos/portable/port.c:756:13:vPortEnableVFP	0	static,ignoring_inline_asm
../freertos/portable/port.c:218:13:prvTaskExitError	8	static,ignoring_inline_asm
../freertos/portable/port.c:186:15:pxPortInitialiseStack	0	static
../freertos/portable/port.c:244:6:SVC_Handler	0	static,ignoring_inline_asm
../freertos/portable/port.c:393:6:vPortEndScheduler	0	static,ignoring_inline_asm
../freertos/portable/port.c:401:6:vPortEnterCritical	0	static,ignoring_inline_asm
../freertos/portable/port.c:418:6:vPortExitCritical	0	static,ignoring_inline_asm
../freertos/portable/port.c:430:6:PendSV_Handler	0	static,ignoring_inline_asm
../freertos/portable/port.c:489:6:SysTick_Handler	8	static,ignoring_inline_asm
../freertos/portable/port.c:734:32:vPortSetupTimerInterrupt	0	static
../freertos/portable/port.c:290:12:xPortStartScheduler	24	static,ignoring_inline_asm
../freertos/portable/port.c:773:10:vPortValidateInterruptPriority	0	static,ignoring_inline_asm
