../tinyusb/src/common/tusb_fifo.c:356:17:advance_index	0	static
../tinyusb/src/common/tusb_fifo.c:420:13:_tu_fifo_peek	16	static
../tinyusb/src/common/tusb_fifo.c:124:13:_ff_pull_const_addr	16	static
../tinyusb/src/common/tusb_fifo.c:444:17:_tu_fifo_peek_n	48	static
../tinyusb/src/common/tusb_fifo.c:556:17:_tu_fifo_read_n	32	static
../tinyusb/src/common/tusb_fifo.c:101:13:_ff_push_const_addr	16	static
../tinyusb/src/common/tusb_fifo.c:469:17:_tu_fifo_write_n.part.0	56	static
../tinyusb/src/common/tusb_fifo.c:70:6:tu_fifo_config	24	static
../tinyusb/src/common/tusb_fifo.c:590:10:tu_fifo_count	0	static
../tinyusb/src/common/tusb_fifo.c:608:6:tu_fifo_empty	0	static
../tinyusb/src/common/tusb_fifo.c:626:6:tu_fifo_full	0	static
../tinyusb/src/common/tusb_fifo.c:644:10:tu_fifo_remaining	0	static
../tinyusb/src/common/tusb_fifo.c:670:6:tu_fifo_overflowed	0	static
../tinyusb/src/common/tusb_fifo.c:676:6:tu_fifo_correct_read_pointer	8	static
../tinyusb/src/common/tusb_fifo.c:699:6:tu_fifo_read	16	static
../tinyusb/src/common/tusb_fifo.c:730:10:tu_fifo_read_n	0	static
../tinyusb/src/common/tusb_fifo.c:753:10:tu_fifo_read_n_const_addr_full_words	0	static
../tinyusb/src/common/tusb_fifo.c:772:6:tu_fifo_peek	16	static
../tinyusb/src/common/tusb_fifo.c:795:10:tu_fifo_peek_n	32	static
../tinyusb/src/common/tusb_fifo.c:819:6:tu_fifo_write	24	static
../tinyusb/src/common/tusb_fifo.c:861:10:tu_fifo_write_n	0	static
../tinyusb/src/common/tusb_fifo.c:882:10:tu_fifo_write_n_const_addr_full_words	0	static
../tinyusb/src/common/tusb_fifo.c:896:6:tu_fifo_clear	8	static
../tinyusb/src/common/tusb_fifo.c:919:6:tu_fifo_set_overwritable	16	static
../tinyusb/src/common/tusb_fifo.c:951:6:tu_fifo_advance_write_pointer	8	static
../tinyusb/src/common/tusb_fifo.c:972:6:tu_fifo_advance_read_pointer	8	static
../tinyusb/src/common/tusb_fifo.c:992:6:tu_fifo_get_read_info	24	static
../tinyusb/src/common/tusb_fifo.c:1060:6:tu_fifo_get_write_info	16	static
