../lwip-2.2.2/src/core/netif.c:1673:1:netif_null_output_ip4	0	static
../lwip-2.2.2/src/core/netif.c:902:1:netif_issue_reports	8	static
../lwip-2.2.2/src/core/netif.c:474:1:netif_do_set_ipaddr.isra	24	static
../lwip-2.2.2/src/core/netif.c:188:1:netif_init	0	static
../lwip-2.2.2/src/core/netif.c:228:1:netif_input	16	static
../lwip-2.2.2/src/core/netif.c:521:1:netif_set_ipaddr	16	static
../lwip-2.2.2/src/core/netif.c:581:1:netif_set_netmask	0	static
../lwip-2.2.2/src/core/netif.c:642:1:netif_set_gw	0	static
../lwip-2.2.2/src/core/netif.c:679:1:netif_set_addr	32	static
../lwip-2.2.2/src/core/netif.c:287:1:netif_add	40	static
../lwip-2.2.2/src/core/netif.c:250:1:netif_add_noaddr	24	static
../lwip-2.2.2/src/core/netif.c:849:1:netif_set_default	0	static
../lwip-2.2.2/src/core/netif.c:871:1:netif_set_up	0	static
../lwip-2.2.2/src/core/netif.c:949:1:netif_set_down	0	static
../lwip-2.2.2/src/core/netif.c:764:1:netif_remove	16	static
../lwip-2.2.2/src/core/netif.c:1018:1:netif_set_link_up	8	static
../lwip-2.2.2/src/core/netif.c:1056:1:netif_set_link_down	0	static
../lwip-2.2.2/src/core/netif.c:1094:1:netif_set_link_callback	0	static
../lwip-2.2.2/src/core/netif.c:1730:1:netif_get_by_index	0	static
../lwip-2.2.2/src/core/netif.c:1710:1:netif_index_to_name	16	static
../lwip-2.2.2/src/core/netif.c:1755:1:netif_find	8	static
../lwip-2.2.2/src/core/netif.c:1691:1:netif_name_to_index	8	static
