../lwip-2.2.2/src/core/tcp_out.c:1436:1:tcp_output_segment_busy	8	static
../lwip-2.2.2/src/core/tcp_out.c:228:1:tcp_pbuf_prealloc	32	static
../lwip-2.2.2/src/core/tcp_out.c:161:1:tcp_create_segment	32	static
../lwip-2.2.2/src/core/tcp_out.c:1946:1:tcp_output_control_segment_netif	40	static
../lwip-2.2.2/src/core/tcp_out.c:1822:1:tcp_output_alloc_header_common.constprop	24	static
../lwip-2.2.2/src/core/tcp_out.c:1857:1:tcp_output_alloc_header.constprop	32	static
../lwip-2.2.2/src/core/tcp_out.c:1876:1:tcp_output_fill_options.constprop	0	static
../lwip-2.2.2/src/core/tcp_out.c:1980:1:tcp_rst_common.isra	32	static
../lwip-2.2.2/src/core/tcp_out.c:1925:1:tcp_output_control_segment	32	static
../lwip-2.2.2/src/core/tcp_out.c:393:1:tcp_write	104	static
../lwip-2.2.2/src/core/tcp_out.c:830:1:tcp_split_unsent_seg	48	static
../lwip-2.2.2/src/core/tcp_out.c:1036:1:tcp_enqueue_flags	40	static
../lwip-2.2.2/src/core/tcp_out.c:1005:1:tcp_send_fin	24	static
../lwip-2.2.2/src/core/tcp_out.c:1635:1:tcp_rexmit_rto_prepare	24	static
../lwip-2.2.2/src/core/tcp_out.c:1728:1:tcp_rexmit	24	static
../lwip-2.2.2/src/core/tcp_out.c:1787:1:tcp_rexmit_fast	16	static
../lwip-2.2.2/src/core/tcp_out.c:2037:1:tcp_rst	24	static
../lwip-2.2.2/src/core/tcp_out.c:2069:1:tcp_rst_netif	24	static
../lwip-2.2.2/src/core/tcp_out.c:2089:1:tcp_send_empty_ack	16	static
../lwip-2.2.2/src/core/tcp_out.c:1241:1:tcp_output	64	static
../lwip-2.2.2/src/core/tcp_out.c:1690:1:tcp_rexmit_rto_commit	8	static
../lwip-2.2.2/src/core/tcp_out.c:1711:1:tcp_rexmit_rto	8	static
../lwip-2.2.2/src/core/tcp_out.c:2148:1:tcp_keepalive	16	static
../lwip-2.2.2/src/core/tcp_out.c:2186:1:tcp_zero_window_probe	24	static
