Archive member included to satisfy reference by file (symbol)

C:/ST/STM32CubeIDE_1.12.1/STM32CubeIDE/plugins/com.st.stm32cube.ide.mcu.externaltools.gnu-tools-for-stm32.13.3.rel1.win32_1.0.0.202411081344/tools/bin/../lib/gcc/arm-none-eabi/13.3.1/../../../../arm-none-eabi/lib/thumb/v7e-m+dp/hard\libc_nano.a(libc_a-atoi.o)
                              ./lwip-2.2.2/src/apps/http/http_client.o (atoi)
C:/ST/STM32CubeIDE_1.12.1/STM32CubeIDE/plugins/com.st.stm32cube.ide.mcu.externaltools.gnu-tools-for-stm32.13.3.rel1.win32_1.0.0.202411081344/tools/bin/../lib/gcc/arm-none-eabi/13.3.1/../../../../arm-none-eabi/lib/thumb/v7e-m+dp/hard\libc_nano.a(libc_a-exit.o)
                              C:/ST/STM32CubeIDE_1.12.1/STM32CubeIDE/plugins/com.st.stm32cube.ide.mcu.externaltools.gnu-tools-for-stm32.13.3.rel1.win32_1.0.0.202411081344/tools/bin/../lib/gcc/arm-none-eabi/13.3.1/../../../../arm-none-eabi/lib/thumb/v7e-m+dp/hard/crt0.o (exit)
C:/ST/STM32CubeIDE_1.12.1/STM32CubeIDE/plugins/com.st.stm32cube.ide.mcu.externaltools.gnu-tools-for-stm32.13.3.rel1.win32_1.0.0.202411081344/tools/bin/../lib/gcc/arm-none-eabi/13.3.1/../../../../arm-none-eabi/lib/thumb/v7e-m+dp/hard\libc_nano.a(libc_a-rand.o)
                              ./lwip-2.2.2/src/apps/sntp/sntp.o (rand)
C:/ST/STM32CubeIDE_1.12.1/STM32CubeIDE/plugins/com.st.stm32cube.ide.mcu.externaltools.gnu-tools-for-stm32.13.3.rel1.win32_1.0.0.202411081344/tools/bin/../lib/gcc/arm-none-eabi/13.3.1/../../../../arm-none-eabi/lib/thumb/v7e-m+dp/hard\libc_nano.a(libc_a-strtol.o)
                              C:/ST/STM32CubeIDE_1.12.1/STM32CubeIDE/plugins/com.st.stm32cube.ide.mcu.externaltools.gnu-tools-for-stm32.13.3.rel1.win32_1.0.0.202411081344/tools/bin/../lib/gcc/arm-none-eabi/13.3.1/../../../../arm-none-eabi/lib/thumb/v7e-m+dp/hard\libc_nano.a(libc_a-atoi.o) (_strtol_r)
C:/ST/STM32CubeIDE_1.12.1/STM32CubeIDE/plugins/com.st.stm32cube.ide.mcu.externaltools.gnu-tools-for-stm32.13.3.rel1.win32_1.0.0.202411081344/tools/bin/../lib/gcc/arm-none-eabi/13.3.1/../../../../arm-none-eabi/lib/thumb/v7e-m+dp/hard\libc_nano.a(libc_a-ctype_.o)
                              ./lwip-2.2.2/src/apps/netbiosns/netbiosns.o (_ctype_)
C:/ST/STM32CubeIDE_1.12.1/STM32CubeIDE/plugins/com.st.stm32cube.ide.mcu.externaltools.gnu-tools-for-stm32.13.3.rel1.win32_1.0.0.202411081344/tools/bin/../lib/gcc/arm-none-eabi/13.3.1/../../../../arm-none-eabi/lib/thumb/v7e-m+dp/hard\libc_nano.a(libc_a-findfp.o)
                              C:/ST/STM32CubeIDE_1.12.1/STM32CubeIDE/plugins/com.st.stm32cube.ide.mcu.externaltools.gnu-tools-for-stm32.13.3.rel1.win32_1.0.0.202411081344/tools/bin/../lib/gcc/arm-none-eabi/13.3.1/../../../../arm-none-eabi/lib/thumb/v7e-m+dp/hard\libc_nano.a(libc_a-exit.o) (__stdio_exit_handler)
C:/ST/STM32CubeIDE_1.12.1/STM32CubeIDE/plugins/com.st.stm32cube.ide.mcu.externaltools.gnu-tools-for-stm32.13.3.rel1.win32_1.0.0.202411081344/tools/bin/../lib/gcc/arm-none-eabi/13.3.1/../../../../arm-none-eabi/lib/thumb/v7e-m+dp/hard\libc_nano.a(libc_a-fwalk.o)
                              C:/ST/STM32CubeIDE_1.12.1/STM32CubeIDE/plugins/com.st.stm32cube.ide.mcu.externaltools.gnu-tools-for-stm32.13.3.rel1.win32_1.0.0.202411081344/tools/bin/../lib/gcc/arm-none-eabi/13.3.1/../../../../arm-none-eabi/lib/thumb/v7e-m+dp/hard\libc_nano.a(libc_a-findfp.o) (_fwalk_sglue)
C:/ST/STM32CubeIDE_1.12.1/STM32CubeIDE/plugins/com.st.stm32cube.ide.mcu.externaltools.gnu-tools-for-stm32.13.3.rel1.win32_1.0.0.202411081344/tools/bin/../lib/gcc/arm-none-eabi/13.3.1/../../../../arm-none-eabi/lib/thumb/v7e-m+dp/hard\libc_nano.a(libc_a-printf.o)
                              ./Core/Src/ethernetif.o (printf)
C:/ST/STM32CubeIDE_1.12.1/STM32CubeIDE/plugins/com.st.stm32cube.ide.mcu.externaltools.gnu-tools-for-stm32.13.3.rel1.win32_1.0.0.202411081344/tools/bin/../lib/gcc/arm-none-eabi/13.3.1/../../../../arm-none-eabi/lib/thumb/v7e-m+dp/hard\libc_nano.a(libc_a-puts.o)
                              ./Core/Src/ethernetif.o (puts)
C:/ST/STM32CubeIDE_1.12.1/STM32CubeIDE/plugins/com.st.stm32cube.ide.mcu.externaltools.gnu-tools-for-stm32.13.3.rel1.win32_1.0.0.202411081344/tools/bin/../lib/gcc/arm-none-eabi/13.3.1/../../../../arm-none-eabi/lib/thumb/v7e-m+dp/hard\libc_nano.a(libc_a-snprintf.o)
                              ./lwip-2.2.2/src/apps/http/http_client.o (snprintf)
C:/ST/STM32CubeIDE_1.12.1/STM32CubeIDE/plugins/com.st.stm32cube.ide.mcu.externaltools.gnu-tools-for-stm32.13.3.rel1.win32_1.0.0.202411081344/tools/bin/../lib/gcc/arm-none-eabi/13.3.1/../../../../arm-none-eabi/lib/thumb/v7e-m+dp/hard\libc_nano.a(libc_a-stdio.o)
                              C:/ST/STM32CubeIDE_1.12.1/STM32CubeIDE/plugins/com.st.stm32cube.ide.mcu.externaltools.gnu-tools-for-stm32.13.3.rel1.win32_1.0.0.202411081344/tools/bin/../lib/gcc/arm-none-eabi/13.3.1/../../../../arm-none-eabi/lib/thumb/v7e-m+dp/hard\libc_nano.a(libc_a-findfp.o) (__sread)
[...]
Memory Configuration

Name             Origin             Length             Attributes
RAM              0x20000000         0x00080000         xrw
FLASH            0x08000000         0x00200000         xr
*default*        0x00000000         0xffffffff

Linker script and memory map

LOAD C:/ST/STM32CubeIDE_1.12.1/STM32CubeIDE/plugins/com.st.stm32cube.ide.mcu.externaltools.gnu-tools-for-stm32.13.3.rel1.win32_1.0.0.202411081344/tools/bin/../lib/gcc/arm-none-eabi/13.3.1/thumb/v7e-m+dp/hard/crti.o
LOAD C:/ST/STM32CubeIDE_1.12.1/STM32CubeIDE/plugins/com.st.stm32cube.ide.mcu.externaltools.gnu-tools-for-stm32.13.3.rel1.win32_1.0.0.202411081344/tools/bin/../lib/gcc/arm-none-eabi/13.3.1/thumb/v7e-m+dp/hard/crtbegin.o
LOAD C:/ST/STM32CubeIDE_1.12.1/STM32CubeIDE/plugins/com.st.stm32cube.ide.mcu.externaltools.gnu-tools-for-stm32.13.3.rel1.win32_1.0.0.202411081344/tools/bin/../lib/gcc/arm-none-eabi/13.3.1/../../../../arm-none-eabi/lib/thumb/v7e-m+dp/hard/crt0.o
LOAD ./Bsp/button.o
LOAD ./Bsp/lan8742.o
LOAD ./Bsp/sdio_sd.o
LOAD ./Core/Src/app_ethernet.o
LOAD ./Core/Src/ethernetif.o
LOAD ./Core/Src/httpserver-netconn.o
LOAD ./Core/Src/lwiperf_example.o
LOAD ./Core/Src/main.o
LOAD ./Core/Src/stm32f7xx_hal_msp.o
LOAD ./Core/Src/stm32f7xx_hal_timebase_tim.o
LOAD ./Core/Src/stm32f7xx_it.o
LOAD ./Core/Src/syscalls.o
LOAD ./Core/Src/sysmem.o
LOAD ./Core/Src/system_stm32f7xx.o
LOAD ./Core/Startup/startup_stm32f767zitx.o
LOAD ./Drivers/STM32F7xx_HAL_Driver/Src/stm32f7xx_hal.o
LOAD ./Drivers/STM32F7xx_HAL_Driver/Src/stm32f7xx_hal_cortex.o
LOAD ./Drivers/STM32F7xx_HAL_Driver/Src/stm32f7xx_hal_dma.o
LOAD ./Drivers/STM32F7xx_HAL_Driver/Src/stm32f7xx_hal_dma_ex.o
LOAD ./Drivers/STM32F7xx_HAL_Driver/Src/stm32f7xx_hal_eth.o
LOAD ./Drivers/STM32F7xx_HAL_Driver/Src/stm32f7xx_hal_exti.o
LOAD ./Drivers/STM32F7xx_HAL_Driver/Src/stm32f7xx_hal_flash.o
LOAD ./Drivers/STM32F7xx_HAL_Driver/Src/stm32f7xx_hal_flash_ex.o
LOAD ./Drivers/STM32F7xx_HAL_Driver/Src/stm32f7xx_hal_gpio.o
LOAD ./Drivers/STM32F7xx_HAL_Driver/Src/stm32f7xx_hal_i2c.o
LOAD ./Drivers/STM32F7xx_HAL_Driver/Src/stm32f7xx_hal_i2c_ex.o
LOAD ./Drivers/STM32F7xx_HAL_Driver/Src/stm32f7xx_hal_pcd.o
LOAD ./Drivers/STM32F7xx_HAL_Driver/Src/stm32f7xx_hal_pcd_ex.o
LOAD ./Drivers/STM32F7xx_HAL_Driver/Src/stm32f7xx_hal_pwr.o
LOAD ./Drivers/STM32F7xx_HAL_Driver/Src/stm32f7xx_hal_pwr_ex.o
LOAD ./Drivers/STM32F7xx_HAL_Driver/Src/stm32f7xx_hal_rcc.o
LOAD ./Drivers/STM32F7xx_HAL_Driver/Src/stm32f7xx_hal_rcc_ex.o
LOAD ./Drivers/STM32F7xx_HAL_Driver/Src/stm32f7xx_hal_sd.o
LOAD ./Drivers/STM32F7xx_HAL_Driver/Src/stm32f7xx_hal_sdram.o
LOAD ./Drivers/STM32F7xx_HAL_Driver/Src/stm32f7xx_hal_smartcard.o
LOAD ./Drivers/STM32F7xx_HAL_Driver/Src/stm32f7xx_hal_smartcard_ex.o
LOAD ./Drivers/STM32F7xx_HAL_Driver/Src/stm32f7xx_hal_spdifrx.o
LOAD ./Drivers/STM32F7xx_HAL_Driver/Src/stm32f7xx_hal_spi.o
LOAD ./Drivers/STM32F7xx_HAL_Driver/Src/stm32f7xx_hal_sram.o
LOAD ./Drivers/STM32F7xx_HAL_Driver/Src/stm32f7xx_hal_tim.o
LOAD ./Drivers/STM32F7xx_HAL_Driver/Src/stm32f7xx_hal_tim_ex.o
LOAD ./Drivers/STM32F7xx_HAL_Driver/Src/stm32f7xx_ll_adc.o
LOAD ./Drivers/STM32F7xx_HAL_Driver/Src/stm32f7xx_ll_crc.o
LOAD ./Drivers/STM32F7xx_HAL_Driver/Src/stm32f7xx_ll_dac.o
LOAD ./Drivers/STM32F7xx_HAL_Driver/Src/stm32f7xx_ll_dma.o
LOAD ./Drivers/STM32F7xx_HAL_Driver/Src/stm32f7xx_ll_dma2d.o
LOAD ./Drivers/STM32F7xx_HAL_Driver/Src/stm32f7xx_ll_exti.o
LOAD ./Drivers/STM32F7xx_HAL_Driver/Src/stm32f7xx_ll_fmc.o
LOAD ./Drivers/STM32F7xx_HAL_Driver/Src/stm32f7xx_ll_gpio.o
LOAD ./Drivers/STM32F7xx_HAL_Driver/Src/stm32f7xx_ll_i2c.o
LOAD ./Drivers/STM32F7xx_HAL_Driver/Src/stm32f7xx_ll_lptim.o
LOAD ./Drivers/STM32F7xx_HAL_Driver/Src/stm32f7xx_ll_pwr.o
LOAD ./Drivers/STM32F7xx_HAL_Driver/Src/stm32f7xx_ll_rcc.o
LOAD ./Drivers/STM32F7xx_HAL_Driver/Src/stm32f7xx_ll_rng.o
LOAD ./Drivers/STM32F7xx_HAL_Driver/Src/stm32f7xx_ll_rtc.o
LOAD ./Drivers/STM32F7xx_HAL_Driver/Src/stm32f7xx_ll_sdmmc.o
LOAD ./Drivers/STM32F7xx_HAL_Driver/Src/stm32f7xx_ll_spi.o
LOAD ./Drivers/STM32F7xx_HAL_Driver/Src/stm32f7xx_ll_tim.o
LOAD ./Drivers/STM32F7xx_HAL_Driver/Src/stm32f7xx_ll_usart.o
LOAD ./Drivers/STM32F7xx_HAL_Driver/Src/stm32f7xx_ll_usb.o
LOAD ./Drivers/STM32F7xx_HAL_Driver/Src/stm32f7xx_ll_utils.o
LOAD ./freertos/croutine.o
LOAD ./freertos/event_groups.o
LOAD ./freertos/list.o
LOAD ./freertos/queue.o
LOAD ./freertos/stream_buffer.o
LOAD ./freertos/tasks.o
LOAD ./freertos/timers.o
LOAD ./freertos/portable/heap_4.o
LOAD ./freertos/portable/port.o
LOAD ./lwip-2.2.2/src/api/api_lib.o
LOAD ./lwip-2.2.2/src/api/api_msg.o
LOAD ./lwip-2.2.2/src/api/err.o
LOAD ./lwip-2.2.2/src/api/if_api.o
LOAD ./lwip-2.2.2/src/api/netbuf.o
LOAD ./lwip-2.2.2/src/api/netdb.o
LOAD ./lwip-2.2.2/src/api/netifapi.o
LOAD ./lwip-2.2.2/src/api/sockets.o
LOAD ./lwip-2.2.2/src/api/tcpip.o
LOAD ./lwip-2.2.2/src/apps/altcp_tls/altcp_tls_mbedtls.o
LOAD ./lwip-2.2.2/src/apps/altcp_tls/altcp_tls_mbedtls_mem.o
LOAD ./lwip-2.2.2/src/apps/http/altcp_proxyconnect.o
LOAD ./lwip-2.2.2/src/apps/http/fs.o
LOAD ./lwip-2.2.2/src/apps/http/http_client.o
LOAD ./lwip-2.2.2/src/apps/http/httpd.o
LOAD ./lwip-2.2.2/src/apps/lwiperf/lwiperf.o
LOAD ./lwip-2.2.2/src/apps/mdns/mdns.o
LOAD ./lwip-2.2.2/src/apps/mdns/mdns_domain.o
LOAD ./lwip-2.2.2/src/apps/mdns/mdns_out.o
LOAD ./lwip-2.2.2/src/apps/mqtt/mqtt.o
LOAD ./lwip-2.2.2/src/apps/netbiosns/netbiosns.o
LOAD ./lwip-2.2.2/src/apps/smtp/smtp.o
LOAD ./lwip-2.2.2/src/apps/snmp/snmp_asn1.o
LOAD ./lwip-2.2.2/src/apps/snmp/snmp_core.o
LOAD ./lwip-2.2.2/src/apps/snmp/snmp_mib2.o
LOAD ./lwip-2.2.2/src/apps/snmp/snmp_mib2_icmp.o
LOAD ./lwip-2.2.2/src/apps/snmp/snmp_mib2_interfaces.o
LOAD ./lwip-2.2.2/src/apps/snmp/snmp_mib2_ip.o
LOAD ./lwip-2.2.2/src/apps/snmp/snmp_mib2_snmp.o
LOAD ./lwip-2.2.2/src/apps/snmp/snmp_mib2_system.o
LOAD ./lwip-2.2.2/src/apps/snmp/snmp_mib2_tcp.o
LOAD ./lwip-2.2.2/src/apps/snmp/snmp_mib2_udp.o
LOAD ./lwip-2.2.2/src/apps/snmp/snmp_msg.o
LOAD ./lwip-2.2.2/src/apps/snmp/snmp_netconn.o
LOAD ./lwip-2.2.2/src/apps/snmp/snmp_pbuf_stream.o
LOAD ./lwip-2.2.2/src/apps/snmp/snmp_raw.o
LOAD ./lwip-2.2.2/src/apps/snmp/snmp_scalar.o
LOAD ./lwip-2.2.2/src/apps/snmp/snmp_snmpv2_framework.o
LOAD ./lwip-2.2.2/src/apps/snmp/snmp_snmpv2_usm.o
LOAD ./lwip-2.2.2/src/apps/snmp/snmp_table.o
LOAD ./lwip-2.2.2/src/apps/snmp/snmp_threadsync.o
LOAD ./lwip-2.2.2/src/apps/snmp/snmp_traps.o
LOAD ./lwip-2.2.2/src/apps/snmp/snmpv3.o
LOAD ./lwip-2.2.2/src/apps/snmp/snmpv3_mbedtls.o
LOAD ./lwip-2.2.2/src/apps/sntp/sntp.o
LOAD ./lwip-2.2.2/src/apps/tftp/tftp.o
LOAD ./lwip-2.2.2/src/core/altcp.o
LOAD ./lwip-2.2.2/src/core/altcp_alloc.o
LOAD ./lwip-2.2.2/src/core/altcp_tcp.o
LOAD ./lwip-2.2.2/src/core/def.o
LOAD ./lwip-2.2.2/src/core/dns.o
LOAD ./lwip-2.2.2/src/core/inet_chksum.o
LOAD ./lwip-2.2.2/src/core/init.o
LOAD ./lwip-2.2.2/src/core/ip.o
LOAD ./lwip-2.2.2/src/core/mem.o
LOAD ./lwip-2.2.2/src/core/memp.o
LOAD ./lwip-2.2.2/src/core/netif.o
LOAD ./lwip-2.2.2/src/core/pbuf.o
LOAD ./lwip-2.2.2/src/core/raw.o
LOAD ./lwip-2.2.2/src/core/stats.o
LOAD ./lwip-2.2.2/src/core/sys.o
LOAD ./lwip-2.2.2/src/core/tcp.o
LOAD ./lwip-2.2.2/src/core/tcp_in.o
LOAD ./lwip-2.2.2/src/core/tcp_out.o
LOAD ./lwip-2.2.2/src/core/timeouts.o
LOAD ./lwip-2.2.2/src/core/udp.o
LOAD ./lwip-2.2.2/src/core/ipv4/acd.o
LOAD ./lwip-2.2.2/src/core/ipv4/autoip.o
LOAD ./lwip-2.2.2/src/core/ipv4/dhcp.o
LOAD ./lwip-2.2.2/src/core/ipv4/etharp.o
LOAD ./lwip-2.2.2/src/core/ipv4/icmp.o
LOAD ./lwip-2.2.2/src/core/ipv4/igmp.o
LOAD ./lwip-2.2.2/src/core/ipv4/ip4.o
LOAD ./lwip-2.2.2/src/core/ipv4/ip4_addr.o
LOAD ./lwip-2.2.2/src/core/ipv4/ip4_frag.o
LOAD ./lwip-2.2.2/src/core/ipv6/dhcp6.o
LOAD ./lwip-2.2.2/src/core/ipv6/ethip6.o
LOAD ./lwip-2.2.2/src/core/ipv6/icmp6.o
LOAD ./lwip-2.2.2/src/core/ipv6/inet6.o
LOAD ./lwip-2.2.2/src/core/ipv6/ip6.o
LOAD ./lwip-2.2.2/src/core/ipv6/ip6_addr.o
LOAD ./lwip-2.2.2/src/core/ipv6/ip6_frag.o
LOAD ./lwip-2.2.2/src/core/ipv6/mld6.o
LOAD ./lwip-2.2.2/src/core/ipv6/nd6.o
LOAD ./lwip-2.2.2/src/netif/bridgeif.o
LOAD ./lwip-2.2.2/src/netif/bridgeif_fdb.o
LOAD ./lwip-2.2.2/src/netif/ethernet.o
LOAD ./lwip-2.2.2/src/netif/lowpan6.o
LOAD ./lwip-2.2.2/src/netif/lowpan6_ble.o
LOAD ./lwip-2.2.2/src/netif/lowpan6_common.o
LOAD ./lwip-2.2.2/src/netif/slipif.o
LOAD ./lwip-2.2.2/src/netif/zepif.o
LOAD ./lwip-2.2.2/src/netif/ppp/auth.o
LOAD ./lwip-2.2.2/src/netif/ppp/ccp.o
LOAD ./lwip-2.2.2/src/netif/ppp/chap-md5.o
LOAD ./lwip-2.2.2/src/netif/ppp/chap-new.o
LOAD ./lwip-2.2.2/src/netif/ppp/chap_ms.o
LOAD ./lwip-2.2.2/src/netif/ppp/demand.o
LOAD ./lwip-2.2.2/src/netif/ppp/eap.o
LOAD ./lwip-2.2.2/src/netif/ppp/ecp.o
LOAD ./lwip-2.2.2/src/netif/ppp/eui64.o
LOAD ./lwip-2.2.2/src/netif/ppp/fsm.o
LOAD ./lwip-2.2.2/src/netif/ppp/ipcp.o
LOAD ./lwip-2.2.2/src/netif/ppp/ipv6cp.o
LOAD ./lwip-2.2.2/src/netif/ppp/lcp.o
LOAD ./lwip-2.2.2/src/netif/ppp/magic.o
LOAD ./lwip-2.2.2/src/netif/ppp/mppe.o
LOAD ./lwip-2.2.2/src/netif/ppp/multilink.o
LOAD ./lwip-2.2.2/src/netif/ppp/ppp.o
LOAD ./lwip-2.2.2/src/netif/ppp/pppapi.o
LOAD ./lwip-2.2.2/src/netif/ppp/pppcrypt.o
LOAD ./lwip-2.2.2/src/netif/ppp/pppoe.o
LOAD ./lwip-2.2.2/src/netif/ppp/pppol2tp.o
LOAD ./lwip-2.2.2/src/netif/ppp/pppos.o
LOAD ./lwip-2.2.2/src/netif/ppp/upap.o
LOAD ./lwip-2.2.2/src/netif/ppp/utils.o
LOAD ./lwip-2.2.2/src/netif/ppp/vj.o
LOAD ./lwip-2.2.2/src/netif/ppp/polarssl/arc4.o
LOAD ./lwip-2.2.2/src/netif/ppp/polarssl/des.o
LOAD ./lwip-2.2.2/src/netif/ppp/polarssl/md4.o
LOAD ./lwip-2.2.2/src/netif/ppp/polarssl/md5.o
LOAD ./lwip-2.2.2/src/netif/ppp/polarssl/sha1.o
LOAD ./lwip-2.2.2/system/os/sys_arch.o
START GROUP
LOAD C:/ST/STM32CubeIDE_1.12.1/STM32CubeIDE/plugins/com.st.stm32cube.ide.mcu.externaltools.gnu-tools-for-stm32.13.3.rel1.win32_1.0.0.202411081344/tools/bin/../lib/gcc/arm-none-eabi/13.3.1/../../../../arm-none-eabi/lib/thumb/v7e-m+dp/hard\libc_nano.a
LOAD C:/ST/STM32CubeIDE_1.12.1/STM32CubeIDE/plugins/com.st.stm32cube.ide.mcu.externaltools.gnu-tools-for-stm32.13.3.rel1.win32_1.0.0.202411081344/tools/bin/../lib/gcc/arm-none-eabi/13.3.1/../../../../arm-none-eabi/lib/thumb/v7e-m+dp/hard\libm.a
END GROUP
START GROUP
LOAD C:/ST/STM32CubeIDE_1.12.1/STM32CubeIDE/plugins/com.st.stm32cube.ide.mcu.externaltools.gnu-tools-for-stm32.13.3.rel1.win32_1.0.0.202411081344/tools/bin/../lib/gcc/arm-none-eabi/13.3.1/thumb/v7e-m+dp/hard\libgcc.a
LOAD C:/ST/STM32CubeIDE_1.12.1/STM32CubeIDE/plugins/com.st.stm32cube.ide.mcu.externaltools.gnu-tools-for-stm32.13.3.rel1.win32_1.0.0.202411081344/tools/bin/../lib/gcc/arm-none-eabi/13.3.1/../../../../arm-none-eabi/lib/thumb/v7e-m+dp/hard\libc_nano.a
END GROUP
START GROUP
LOAD C:/ST/STM32CubeIDE_1.12.1/STM32CubeIDE/plugins/com.st.stm32cube.ide.mcu.externaltools.gnu-tools-for-stm32.13.3.rel1.win32_1.0.0.202411081344/tools/bin/../lib/gcc/arm-none-eabi/13.3.1/thumb/v7e-m+dp/hard\libgcc.a
LOAD C:/ST/STM32CubeIDE_1.12.1/STM32CubeIDE/plugins/com.st.stm32cube.ide.mcu.externaltools.gnu-tools-for-stm32.13.3.rel1.win32_1.0.0.202411081344/tools/bin/../lib/gcc/arm-none-eabi/13.3.1/../../../../arm-none-eabi/lib/thumb/v7e-m+dp/hard\libc_nano.a
LOAD C:/ST/STM32CubeIDE_1.12.1/STM32CubeIDE/plugins/com.st.stm32cube.ide.mcu.externaltools.gnu-tools-for-stm32.13.3.rel1.win32_1.0.0.202411081344/tools/bin/../lib/gcc/arm-none-eabi/13.3.1/../../../../arm-none-eabi/lib/thumb/v7e-m+dp/hard\libnosys.a
END GROUP
START GROUP
LOAD C:/ST/STM32CubeIDE_1.12.1/STM32CubeIDE/plugins/com.st.stm32cube.ide.mcu.externaltools.gnu-tools-for-stm32.13.3.rel1.win32_1.0.0.202411081344/tools/bin/../lib/gcc/arm-none-eabi/13.3.1/thumb/v7e-m+dp/hard\libgcc.a
LOAD C:/ST/STM32CubeIDE_1.12.1/STM32CubeIDE/plugins/com.st.stm32cube.ide.mcu.externaltools.gnu-tools-for-stm32.13.3.rel1.win32_1.0.0.202411081344/tools/bin/../lib/gcc/arm-none-eabi/13.3.1/../../../../arm-none-eabi/lib/thumb/v7e-m+dp/hard\libc_nano.a
LOAD C:/ST/STM32CubeIDE_1.12.1/STM32CubeIDE/plugins/com.st.stm32cube.ide.mcu.externaltools.gnu-tools-for-stm32.13.3.rel1.win32_1.0.0.202411081344/tools/bin/../lib/gcc/arm-none-eabi/13.3.1/../../../../arm-none-eabi/lib/thumb/v7e-m+dp/hard\libnosys.a
END GROUP
LOAD C:/ST/STM32CubeIDE_1.12.1/STM32CubeIDE/plugins/com.st.stm32cube.ide.mcu.externaltools.gnu-tools-for-stm32.13.3.rel1.win32_1.0.0.202411081344/tools/bin/../lib/gcc/arm-none-eabi/13.3.1/thumb/v7e-m+dp/hard/crtend.o
LOAD C:/ST/STM32CubeIDE_1.12.1/STM32CubeIDE/plugins/com.st.stm32cube.ide.mcu.externaltools.gnu-tools-for-stm32.13.3.rel1.win32_1.0.0.202411081344/tools/bin/../lib/gcc/arm-none-eabi/13.3.1/thumb/v7e-m+dp/hard/crtn.o
                0x20080000                        _estack = (ORIGIN (RAM) + LENGTH (RAM))
                0x00000200                        _Min_Heap_Size = 0x200
                0x00000400                        _Min_Stack_Size = 0x400

.isr_vector     0x08000000      0x1f8
                0x08000000                        . = ALIGN (0x4)
 *(.isr_vector)
 .isr_vector    0x08000000      0x1f8 ./Core/Startup/startup_stm32f767zitx.o
                0x08000000                g_pfnVectors
                0x080001f8                        . = ALIGN (0x4)

.text           0x08000200     0xef84
                0x08000200                        . = ALIGN (0x4)
 *(.text)
 .text          0x08000200       0x40 C:/ST/STM32CubeIDE_1.12.1/STM32CubeIDE/plugins/com.st.stm32cube.ide.mcu.externaltools.gnu-tools-for-stm32.13.3.rel1.win32_1.0.0.202411081344/tools/bin/../lib/gcc/arm-none-eabi/13.3.1/thumb/v7e-m+dp/hard/crtbegin.o
 .text          0x08000240       0x10 C:/ST/STM32CubeIDE_1.12.1/STM32CubeIDE/plugins/com.st.stm32cube.ide.mcu.externaltools.gnu-tools-for-stm32.13.3.rel1.win32_1.0.0.202411081344/tools/bin/../lib/gcc/arm-none-eabi/13.3.1/../../../../arm-none-eabi/lib/thumb/v7e-m+dp/hard\libc_nano.a(libc_a-strlen.o)
                0x08000240                strlen
 .text          0x08000250       0xa0 C:/ST/STM32CubeIDE_1.12.1/STM32CubeIDE/plugins/com.st.stm32cube.ide.mcu.externaltools.gnu-tools-for-stm32.13.3.rel1.win32_1.0.0.202411081344/tools/bin/../lib/gcc/arm-none-eabi/13.3.1/../../../../arm-none-eabi/lib/thumb/v7e-m+dp/hard\libc_nano.a(libc_a-memchr.o)
                0x08000250                memchr
 *(.text*)
 .text.prvLedBreathTask
                0x080002f0       0x34 ./Bsp/button.o
                0x080002f0                prvLedBreathTask
 .text.prvButtonTask
                0x08000324      0x26c ./Bsp/button.o
                0x08000324                prvButtonTask
 .text.LAN8742_RegisterBusIO
                0x08000590       0x28 ./Bsp/lan8742.o
                0x08000590                LAN8742_RegisterBusIO
 .text.LAN8742_Init
                0x080005b8       0x5a ./Bsp/lan8742.o
                0x080005b8                LAN8742_Init
 .text.LAN8742_GetLinkState
                0x08000612       0x94 ./Bsp/lan8742.o
                0x08000612                LAN8742_GetLinkState
 *fill*         0x080006a6        0x2 
 .text.LL_AHB1_GRP1_EnableClock
                0x080006a8       0x1c ./Bsp/sdio_sd.o
 .text.CmdResp2Error
                0x080006c4       0x34 ./Bsp/sdio_sd.o
 .text.CmdResp1Error
                0x080006f8       0xec ./Bsp/sdio_sd.o
 .text.FindSCR.constprop.0
                0x080007e4       0xb8 ./Bsp/sdio_sd.o
 .text.SDEnWideBus
                0x0800089c       0x88 ./Bsp/sdio_sd.o
 .text.SD_LowLevel_DeInit
                0x08000924       0x70 ./Bsp/sdio_sd.o
                0x08000924                SD_LowLevel_DeInit
 .text.SD_LowLevel_Init
                0x08000994       0x94 ./Bsp/sdio_sd.o
                0x08000994                SD_LowLevel_Init
 .text.SD_PowerON
                0x08000a28      0x184 ./Bsp/sdio_sd.o
                0x08000a28                SD_PowerON
 .text.SD_InitializeCards
                0x08000bac      0x138 ./Bsp/sdio_sd.o
                0x08000bac                SD_InitializeCards
 .text.SD_GetCardInfo
                0x08000ce4      0x288 ./Bsp/sdio_sd.o
                0x08000ce4                SD_GetCardInfo
 .text.SD_SelectDeselect
                0x08000f6c       0x14 ./Bsp/sdio_sd.o
                0x08000f6c                SD_SelectDeselect
 .text.SD_EnableWideBusOperation
                0x08000f80       0x4c ./Bsp/sdio_sd.o
                0x08000f80                SD_EnableWideBusOperation
 .text.SD_LowLevel_DMA_RxConfig
                0x08000fcc       0x44 ./Bsp/sdio_sd.o
                0x08000fcc                SD_LowLevel_DMA_RxConfig
 .text.SD_ReadBlock
                0x08001010       0x94 ./Bsp/sdio_sd.o
                0x08001010                SD_ReadBlock
 .text.SD_Init  0x080010a4       0x90 ./Bsp/sdio_sd.o
                0x080010a4                SD_Init
 .text.SD_ProcessIRQSrc
                0x08001134       0x6c ./Bsp/sdio_sd.o
                0x08001134                SD_ProcessIRQSrc
 .text.SDMMC1_IRQHandler
                0x080011a0        0x4 ./Bsp/sdio_sd.o
                0x080011a0                SDMMC1_IRQHandler
 .text.SD_ProcessDMAIRQ
                0x080011a4       0x20 ./Bsp/sdio_sd.o
                0x080011a4                SD_ProcessDMAIRQ
 .text.DMA2_Stream3_IRQHandler
                0x080011c4        0x4 ./Bsp/sdio_sd.o
                0x080011c4                DMA2_Stream3_IRQHandler
 .text.ethernet_link_status_updated
                0x080011c8        0x2 ./Core/Src/app_ethernet.o
                0x080011c8                ethernet_link_status_updated
 .text.ETH_PHY_IO_DeInit
                0x080011ca        0x4 ./Core/Src/ethernetif.o
                0x080011ca                ETH_PHY_IO_DeInit
 *fill*         0x080011ce        0x2 
 .text.low_level_output
                0x080011d0       0x80 ./Core/Src/ethernetif.o
 .text.RMII_Thread
                0x08001250       0x4c ./Core/Src/ethernetif.o
 .text.ETH_PHY_IO_Init
                0x0800129c       0x10 ./Core/Src/ethernetif.o
                0x0800129c                ETH_PHY_IO_Init
 .text.ETH_PHY_IO_ReadReg
                0x080012ac       0x1c ./Core/Src/ethernetif.o
                0x080012ac                ETH_PHY_IO_ReadReg
 .text.ETH_PHY_IO_WriteReg
                0x080012c8       0x1c ./Core/Src/ethernetif.o
                0x080012c8                ETH_PHY_IO_WriteReg
 .text.ETH_PHY_IO_GetTick
                0x080012e4        0x4 ./Core/Src/ethernetif.o
                0x080012e4                ETH_PHY_IO_GetTick
 .text.pbuf_free_custom
                0x080012e8       0x34 ./Core/Src/ethernetif.o
                0x080012e8                pbuf_free_custom
 .text.ethernetif_input
                0x0800131c       0x58 ./Core/Src/ethernetif.o
 .text.ethernetif_init
                0x08001374      0x1d0 ./Core/Src/ethernetif.o
                0x08001374                ethernetif_init
 .text.HAL_ETH_MspInit
                0x08001544       0xf0 ./Core/Src/ethernetif.o
                0x08001544                HAL_ETH_MspInit
 .text.HAL_ETH_RxCpltCallback
                0x08001634       0x34 ./Core/Src/ethernetif.o
                0x08001634                HAL_ETH_RxCpltCallback
 .text.HAL_ETH_TxCpltCallback
                0x08001668       0x34 ./Core/Src/ethernetif.o
                0x08001668                HAL_ETH_TxCpltCallback
 .text.HAL_ETH_ErrorCallback
                0x0800169c       0x3c ./Core/Src/ethernetif.o
                0x0800169c                HAL_ETH_ErrorCallback
 .text.ethernet_link_thread
                0x080016d8       0xf8 ./Core/Src/ethernetif.o
                0x080016d8                ethernet_link_thread
 .text.HAL_ETH_RxAllocateCallback
                0x080017d0       0x44 ./Core/Src/ethernetif.o
                0x080017d0                HAL_ETH_RxAllocateCallback
 .text.HAL_ETH_RxLinkCallback
                0x08001814       0x32 ./Core/Src/ethernetif.o
                0x08001814                HAL_ETH_RxLinkCallback
 .text.HAL_ETH_TxFreeCallback
                0x08001846        0x4 ./Core/Src/ethernetif.o
                0x08001846                HAL_ETH_TxFreeCallback
 *fill*         0x0800184a        0x2 
 .text.http_server_netconn_thread
                0x0800184c       0xb4 ./Core/Src/httpserver-netconn.o
 .text.http_server_netconn_init
                0x08001900       0x24 ./Core/Src/httpserver-netconn.o
                0x08001900                http_server_netconn_init
 .text.lwiperf_report
                0x08001924       0x34 ./Core/Src/lwiperf_example.o
 .text.lwiperf_example_init
                0x08001958        0xc ./Core/Src/lwiperf_example.o
                0x08001958                lwiperf_example_init
 .text.LL_AHB1_GRP1_EnableClock
                0x08001964       0x1c ./Core/Src/main.o
 .text.LL_GPIO_SetPinPull
                0x08001980       0x2a ./Core/Src/main.o
 .text.LL_GPIO_SetPinMode
                0x080019aa       0x2a ./Core/Src/main.o
 .text.lwipinitTask
                0x080019d4       0x88 ./Core/Src/main.o
                0x080019d4                lwipinitTask
 .text.SystemClock_Config
                0x08001a5c       0xf4 ./Core/Src/main.o
                0x08001a5c                SystemClock_Config
 .text.MX_LED_Init
                0x08001b50       0x1c ./Core/Src/main.o
                0x08001b50                MX_LED_Init
 .text.BufferTransferConst
                0x08001b6c       0x38 ./Core/Src/main.o
                0x08001b6c                BufferTransferConst
 .text.MX_USART2_UART_Init
                0x08001ba4      0x168 ./Core/Src/main.o
                0x08001ba4                MX_USART2_UART_Init
 .text.MX_USART2_DMA
                0x08001d0c      0x13c ./Core/Src/main.o
                0x08001d0c                MX_USART2_DMA
 .text.startup.main
                0x08001e48      0x350 ./Core/Src/main.o
                0x08001e48                main
 .text.UserButton_Callback
                0x08002198        0xc ./Core/Src/main.o
                0x08002198                UserButton_Callback
 .text.DMA1_TransmitComplete_Callback
                0x080021a4       0x1c ./Core/Src/main.o
                0x080021a4                DMA1_TransmitComplete_Callback
 .text.DMA1_ReceiveComplete_Callback
                0x080021c0        0xc ./Core/Src/main.o
                0x080021c0                DMA1_ReceiveComplete_Callback
 .text.USART_TransferError_Callback
                0x080021cc       0x18 ./Core/Src/main.o
                0x080021cc                USART_TransferError_Callback
 .text.vApplicationMallocFailedHook
                0x080021e4       0x16 ./Core/Src/main.o
                0x080021e4                vApplicationMallocFailedHook
 .text.vApplicationStackOverflowHook
                0x080021fa       0x16 ./Core/Src/main.o
                0x080021fa                vApplicationStackOverflowHook
 .text.HAL_TIM_PeriodElapsedCallback
                0x08002210       0x14 ./Core/Src/main.o
                0x08002210                HAL_TIM_PeriodElapsedCallback
 .text.__io_putchar
                0x08002224       0x1c ./Core/Src/main.o
                0x08002224                __io_putchar
 .text.HAL_MspInit
                0x08002240       0x30 ./Core/Src/stm32f7xx_hal_msp.o
                0x08002240                HAL_MspInit
 .text.HAL_PCD_MspInit
                0x08002270       0x98 ./Core/Src/stm32f7xx_hal_msp.o
                0x08002270                HAL_PCD_MspInit
 .text.HAL_InitTick
                0x08002308       0x9c ./Core/Src/stm32f7xx_hal_timebase_tim.o
                0x08002308                HAL_InitTick
 .text.NMI_Handler
                0x080023a4        0x2 ./Core/Src/stm32f7xx_it.o
                0x080023a4                NMI_Handler
 .text.HardFault_Handler
                0x080023a6        0x2 ./Core/Src/stm32f7xx_it.o
                0x080023a6                HardFault_Handler
 .text.MemManage_Handler
                0x080023a8        0x2 ./Core/Src/stm32f7xx_it.o
                0x080023a8                MemManage_Handler
 .text.BusFault_Handler
                0x080023aa        0x2 ./Core/Src/stm32f7xx_it.o
                0x080023aa                BusFault_Handler
 .text.UsageFault_Handler
                0x080023ac        0x2 ./Core/Src/stm32f7xx_it.o
                0x080023ac                UsageFault_Handler
 .text.DebugMon_Handler
                0x080023ae        0x2 ./Core/Src/stm32f7xx_it.o
                0x080023ae                DebugMon_Handler
 .text.TIM7_IRQHandler
                0x080023b0        0xc ./Core/Src/stm32f7xx_it.o
                0x080023b0                TIM7_IRQHandler
 .text.EXTI15_10_IRQHandler
                0x080023bc       0x18 ./Core/Src/stm32f7xx_it.o
                0x080023bc                EXTI15_10_IRQHandler
 .text.DMA1_Stream6_IRQHandler
                0x080023d4       0x24 ./Core/Src/stm32f7xx_it.o
                0x080023d4                DMA1_Stream6_IRQHandler
 .text.DMA1_Stream5_IRQHandler
                0x080023f8       0x24 ./Core/Src/stm32f7xx_it.o
                0x080023f8                DMA1_Stream5_IRQHandler
 .text.ETH_IRQHandler
                0x0800241c        0xc ./Core/Src/stm32f7xx_it.o
                0x0800241c                ETH_IRQHandler
 .text.DMA2_Stream4_IRQHandler
                0x08002428        0x2 ./Core/Src/stm32f7xx_it.o
                0x08002428                DMA2_Stream4_IRQHandler
 .text.DMA2_Stream6_IRQHandler
                0x0800242a        0x2 ./Core/Src/stm32f7xx_it.o
                0x0800242a                DMA2_Stream6_IRQHandler
 .text._getpid  0x0800242c        0x4 ./Core/Src/syscalls.o
                0x0800242c                _getpid
 .text._kill    0x08002430       0x10 ./Core/Src/syscalls.o
                0x08002430                _kill
 .text._exit    0x08002440        0xc ./Core/Src/syscalls.o
                0x08002440                _exit
 .text._read    0x0800244c       0x1c ./Core/Src/syscalls.o
                0x0800244c                _read
 .text._write   0x08002468       0x1c ./Core/Src/syscalls.o
                0x08002468                _write
 .text._close   0x08002484        0x6 ./Core/Src/syscalls.o
                0x08002484                _close
 .text._fstat   0x0800248a        0xa ./Core/Src/syscalls.o
                0x0800248a                _fstat
 .text._isatty  0x08002494        0x4 ./Core/Src/syscalls.o
                0x08002494                _isatty
 .text._lseek   0x08002498        0x4 ./Core/Src/syscalls.o
                0x08002498                _lseek
 .text._sbrk    0x0800249c       0x40 ./Core/Src/sysmem.o
                0x0800249c                _sbrk
 .text.SystemInit
                0x080024dc       0x14 ./Core/Src/system_stm32f7xx.o
                0x080024dc                SystemInit
 .text.Reset_Handler
                0x080024f0       0x50 ./Core/Startup/startup_stm32f767zitx.o
                0x080024f0                Reset_Handler
 .text.Default_Handler
                0x08002540        0x2 ./Core/Startup/startup_stm32f767zitx.o
                0x08002540                RTC_Alarm_IRQHandler
                0x08002540                EXTI2_IRQHandler
                0x08002540                TIM8_CC_IRQHandler
                0x08002540                UART8_IRQHandler
                0x08002540                SPI4_IRQHandler
                0x08002540                TIM1_CC_IRQHandler
                0x08002540                DMA2_Stream5_IRQHandler
                0x08002540                JPEG_IRQHandler
                0x08002540                CAN3_RX1_IRQHandler
                0x08002540                PVD_IRQHandler
                0x08002540                TAMP_STAMP_IRQHandler
                0x08002540                CAN2_RX1_IRQHandler
                0x08002540                EXTI3_IRQHandler
                0x08002540                TIM8_TRG_COM_TIM14_IRQHandler
                0x08002540                DFSDM1_FLT1_IRQHandler
                0x08002540                TIM1_UP_TIM10_IRQHandler
                0x08002540                TIM8_UP_TIM13_IRQHandler
                0x08002540                I2C3_ER_IRQHandler
                0x08002540                DFSDM1_FLT2_IRQHandler
                0x08002540                EXTI0_IRQHandler
                0x08002540                I2C2_EV_IRQHandler
                0x08002540                DMA1_Stream2_IRQHandler
                0x08002540                CAN1_RX0_IRQHandler
                0x08002540                FPU_IRQHandler
                0x08002540                OTG_HS_WKUP_IRQHandler
                0x08002540                CAN3_SCE_IRQHandler
                0x08002540                LTDC_ER_IRQHandler
                0x08002540                CAN2_SCE_IRQHandler
                0x08002540                DMA2_Stream2_IRQHandler
                0x08002540                SPI1_IRQHandler
                0x08002540                TIM6_DAC_IRQHandler
                0x08002540                TIM1_BRK_TIM9_IRQHandler
                0x08002540                DCMI_IRQHandler
                0x08002540                CAN2_RX0_IRQHandler
                0x08002540                SAI2_IRQHandler
                0x08002540                DFSDM1_FLT3_IRQHandler
                0x08002540                USART6_IRQHandler
                0x08002540                CAN3_RX0_IRQHandler
                0x08002540                USART3_IRQHandler
                0x08002540                CAN1_RX1_IRQHandler
                0x08002540                UART5_IRQHandler
                0x08002540                DMA2_Stream0_IRQHandler
                0x08002540                TIM4_IRQHandler
                0x08002540                QUADSPI_IRQHandler
                0x08002540                I2C1_EV_IRQHandler
                0x08002540                DMA1_Stream1_IRQHandler
                0x08002540                UART4_IRQHandler
                0x08002540                TIM3_IRQHandler
                0x08002540                RCC_IRQHandler
                0x08002540                TIM8_BRK_TIM12_IRQHandler
                0x08002540                Default_Handler
                0x08002540                CEC_IRQHandler
                0x08002540                ADC_IRQHandler
                0x08002540                DMA1_Stream7_IRQHandler
                0x08002540                SPI5_IRQHandler
                0x08002540                CAN2_TX_IRQHandler
                0x08002540                TIM5_IRQHandler
                0x08002540                DMA2_Stream7_IRQHandler
                0x08002540                I2C3_EV_IRQHandler
                0x08002540                EXTI9_5_IRQHandler
                0x08002540                RTC_WKUP_IRQHandler
                0x08002540                LTDC_IRQHandler
                0x08002540                ETH_WKUP_IRQHandler
                0x08002540                SPDIF_RX_IRQHandler
                0x08002540                SPI2_IRQHandler
                0x08002540                OTG_HS_EP1_IN_IRQHandler
                0x08002540                DMA1_Stream0_IRQHandler
                0x08002540                CAN1_TX_IRQHandler
                0x08002540                EXTI4_IRQHandler
                0x08002540                RNG_IRQHandler
                0x08002540                OTG_HS_EP1_OUT_IRQHandler
                0x08002540                WWDG_IRQHandler
                0x08002540                SPI6_IRQHandler
                0x08002540                MDIOS_IRQHandler
                0x08002540                I2C4_EV_IRQHandler
                0x08002540                CAN3_TX_IRQHandler
                0x08002540                TIM2_IRQHandler
                0x08002540                OTG_FS_WKUP_IRQHandler
                0x08002540                TIM1_TRG_COM_TIM11_IRQHandler
                0x08002540                OTG_HS_IRQHandler
                0x08002540                DMA2D_IRQHandler
                0x08002540                EXTI1_IRQHandler
                0x08002540                SDMMC2_IRQHandler
                0x08002540                UART7_IRQHandler
                0x08002540                USART2_IRQHandler
                0x08002540                DFSDM1_FLT0_IRQHandler
                0x08002540                I2C2_ER_IRQHandler
                0x08002540                DMA2_Stream1_IRQHandler
                0x08002540                CAN1_SCE_IRQHandler
                0x08002540                FLASH_IRQHandler
                0x08002540                USART1_IRQHandler
                0x08002540                OTG_FS_IRQHandler
                0x08002540                SPI3_IRQHandler
                0x08002540                DMA1_Stream4_IRQHandler
                0x08002540                I2C1_ER_IRQHandler
                0x08002540                FMC_IRQHandler
                0x08002540                LPTIM1_IRQHandler
                0x08002540                I2C4_ER_IRQHandler
                0x08002540                SAI1_IRQHandler
                0x08002540                DMA1_Stream3_IRQHandler
 .text.HAL_Init
                0x08002542       0x16 ./Drivers/STM32F7xx_HAL_Driver/Src/stm32f7xx_hal.o
                0x08002542                HAL_Init
 .text.HAL_IncTick
                0x08002558       0x18 ./Drivers/STM32F7xx_HAL_Driver/Src/stm32f7xx_hal.o
                0x08002558                HAL_IncTick
 .text.HAL_GetTick
                0x08002570        0xc ./Drivers/STM32F7xx_HAL_Driver/Src/stm32f7xx_hal.o
                0x08002570                HAL_GetTick
 .text.HAL_Delay
                0x0800257c       0x24 ./Drivers/STM32F7xx_HAL_Driver/Src/stm32f7xx_hal.o
                0x0800257c                HAL_Delay
 .text.HAL_GetREVID
                0x080025a0        0xc ./Drivers/STM32F7xx_HAL_Driver/Src/stm32f7xx_hal.o
                0x080025a0                HAL_GetREVID
 .text.HAL_NVIC_SetPriorityGrouping
                0x080025ac       0x24 ./Drivers/STM32F7xx_HAL_Driver/Src/stm32f7xx_hal_cortex.o
                0x080025ac                HAL_NVIC_SetPriorityGrouping
 .text.HAL_NVIC_SetPriority
                0x080025d0       0x64 ./Drivers/STM32F7xx_HAL_Driver/Src/stm32f7xx_hal_cortex.o
                0x080025d0                HAL_NVIC_SetPriority
 .text.HAL_NVIC_EnableIRQ
                0x08002634       0x1c ./Drivers/STM32F7xx_HAL_Driver/Src/stm32f7xx_hal_cortex.o
                0x08002634                HAL_NVIC_EnableIRQ
 .text.HAL_MPU_Disable
                0x08002650       0x1c ./Drivers/STM32F7xx_HAL_Driver/Src/stm32f7xx_hal_cortex.o
                0x08002650                HAL_MPU_Disable
 .text.HAL_MPU_Enable
                0x0800266c       0x20 ./Drivers/STM32F7xx_HAL_Driver/Src/stm32f7xx_hal_cortex.o
                0x0800266c                HAL_MPU_Enable
 .text.HAL_MPU_ConfigRegion
                0x0800268c       0x58 ./Drivers/STM32F7xx_HAL_Driver/Src/stm32f7xx_hal_cortex.o
                0x0800268c                HAL_MPU_ConfigRegion
 .text.ETH_Prepare_Tx_Descriptors
                0x080026e4      0x164 ./Drivers/STM32F7xx_HAL_Driver/Src/stm32f7xx_hal_eth.o
 .text.ETH_SetMACConfig
                0x08002848       0xec ./Drivers/STM32F7xx_HAL_Driver/Src/stm32f7xx_hal_eth.o
 .text.ETH_SetDMAConfig
                0x08002934       0xa4 ./Drivers/STM32F7xx_HAL_Driver/Src/stm32f7xx_hal_eth.o
 .text.ETH_FlushTransmitFIFO
                0x080029d8       0x2e ./Drivers/STM32F7xx_HAL_Driver/Src/stm32f7xx_hal_eth.o
 *fill*         0x08002a06        0x2 
 .text.ETH_UpdateDescriptor
                0x08002a08       0x8c ./Drivers/STM32F7xx_HAL_Driver/Src/stm32f7xx_hal_eth.o
 .text.HAL_ETH_Init
                0x08002a94      0x1f8 ./Drivers/STM32F7xx_HAL_Driver/Src/stm32f7xx_hal_eth.o
                0x08002a94                HAL_ETH_Init
 .text.HAL_ETH_Start_IT
                0x08002c8c       0x80 ./Drivers/STM32F7xx_HAL_Driver/Src/stm32f7xx_hal_eth.o
                0x08002c8c                HAL_ETH_Start_IT
 .text.HAL_ETH_Stop_IT
                0x08002d0c       0x8a ./Drivers/STM32F7xx_HAL_Driver/Src/stm32f7xx_hal_eth.o
                0x08002d0c                HAL_ETH_Stop_IT
 .text.HAL_ETH_Transmit_IT
                0x08002d96       0x5c ./Drivers/STM32F7xx_HAL_Driver/Src/stm32f7xx_hal_eth.o
                0x08002d96                HAL_ETH_Transmit_IT
 .text.HAL_ETH_ReadData
                0x08002df2       0xe8 ./Drivers/STM32F7xx_HAL_Driver/Src/stm32f7xx_hal_eth.o
                0x08002df2                HAL_ETH_ReadData
 .text.HAL_ETH_ReleaseTxPacket
                0x08002eda       0x5e ./Drivers/STM32F7xx_HAL_Driver/Src/stm32f7xx_hal_eth.o
                0x08002eda                HAL_ETH_ReleaseTxPacket
 .text.HAL_ETH_PMTCallback
                0x08002f38        0x2 ./Drivers/STM32F7xx_HAL_Driver/Src/stm32f7xx_hal_eth.o
                0x08002f38                HAL_ETH_PMTCallback
 .text.HAL_ETH_WakeUpCallback
                0x08002f3a        0x2 ./Drivers/STM32F7xx_HAL_Driver/Src/stm32f7xx_hal_eth.o
                0x08002f3a                HAL_ETH_WakeUpCallback
 .text.HAL_ETH_IRQHandler
                0x08002f3c       0xdc ./Drivers/STM32F7xx_HAL_Driver/Src/stm32f7xx_hal_eth.o
                0x08002f3c                HAL_ETH_IRQHandler
 .text.HAL_ETH_ReadPHYRegister
                0x08003018       0x4e ./Drivers/STM32F7xx_HAL_Driver/Src/stm32f7xx_hal_eth.o
                0x08003018                HAL_ETH_ReadPHYRegister
 .text.HAL_ETH_WritePHYRegister
                0x08003066       0x48 ./Drivers/STM32F7xx_HAL_Driver/Src/stm32f7xx_hal_eth.o
                0x08003066                HAL_ETH_WritePHYRegister
 .text.HAL_ETH_GetMACConfig
                0x080030ae       0xcc ./Drivers/STM32F7xx_HAL_Driver/Src/stm32f7xx_hal_eth.o
                0x080030ae                HAL_ETH_GetMACConfig
 .text.HAL_ETH_SetMACConfig
                0x0800317a       0x18 ./Drivers/STM32F7xx_HAL_Driver/Src/stm32f7xx_hal_eth.o
                0x0800317a                HAL_ETH_SetMACConfig
 *fill*         0x08003192        0x2 
 .text.HAL_ETH_SetMDIOClockRange
                0x08003194       0x54 ./Drivers/STM32F7xx_HAL_Driver/Src/stm32f7xx_hal_eth.o
                0x08003194                HAL_ETH_SetMDIOClockRange
 .text.HAL_ETH_GetDMAError
                0x080031e8        0x6 ./Drivers/STM32F7xx_HAL_Driver/Src/stm32f7xx_hal_eth.o
                0x080031e8                HAL_ETH_GetDMAError
 *fill*         0x080031ee        0x2 
 .text.HAL_GPIO_Init
                0x080031f0      0x1c8 ./Drivers/STM32F7xx_HAL_Driver/Src/stm32f7xx_hal_gpio.o
                0x080031f0                HAL_GPIO_Init
 .text.HAL_PCD_Init
                0x080033b8       0xe8 ./Drivers/STM32F7xx_HAL_Driver/Src/stm32f7xx_hal_pcd.o
                0x080033b8                HAL_PCD_Init
 .text.HAL_PCDEx_ActivateLPM
                0x080034a0       0x26 ./Drivers/STM32F7xx_HAL_Driver/Src/stm32f7xx_hal_pcd_ex.o
                0x080034a0                HAL_PCDEx_ActivateLPM
 *fill*         0x080034c6        0x2 
 .text.HAL_RCC_GetHCLKFreq
                0x080034c8        0xc ./Drivers/STM32F7xx_HAL_Driver/Src/stm32f7xx_hal_rcc.o
                0x080034c8                HAL_RCC_GetHCLKFreq
 .text.HAL_RCC_GetPCLK1Freq
                0x080034d4       0x20 ./Drivers/STM32F7xx_HAL_Driver/Src/stm32f7xx_hal_rcc.o
                0x080034d4                HAL_RCC_GetPCLK1Freq
 .text.HAL_RCC_GetClockConfig
                0x080034f4       0x3c ./Drivers/STM32F7xx_HAL_Driver/Src/stm32f7xx_hal_rcc.o
                0x080034f4                HAL_RCC_GetClockConfig
 .text.HAL_TIM_Base_MspInit
                0x08003530        0x2 ./Drivers/STM32F7xx_HAL_Driver/Src/stm32f7xx_hal_tim.o
                0x08003530                HAL_TIM_Base_MspInit
 *fill*         0x08003532        0x2 
 .text.HAL_TIM_Base_Start_IT
                0x08003534       0x7c ./Drivers/STM32F7xx_HAL_Driver/Src/stm32f7xx_hal_tim.o
                0x08003534                HAL_TIM_Base_Start_IT
 .text.HAL_TIM_OC_DelayElapsedCallback
                0x080035b0        0x2 ./Drivers/STM32F7xx_HAL_Driver/Src/stm32f7xx_hal_tim.o
                0x080035b0                HAL_TIM_OC_DelayElapsedCallback
 .text.HAL_TIM_IC_CaptureCallback
                0x080035b2        0x2 ./Drivers/STM32F7xx_HAL_Driver/Src/stm32f7xx_hal_tim.o
                0x080035b2                HAL_TIM_IC_CaptureCallback
 .text.HAL_TIM_PWM_PulseFinishedCallback
                0x080035b4        0x2 ./Drivers/STM32F7xx_HAL_Driver/Src/stm32f7xx_hal_tim.o
                0x080035b4                HAL_TIM_PWM_PulseFinishedCallback
 .text.HAL_TIM_TriggerCallback
                0x080035b6        0x2 ./Drivers/STM32F7xx_HAL_Driver/Src/stm32f7xx_hal_tim.o
                0x080035b6                HAL_TIM_TriggerCallback
 .text.HAL_TIM_IRQHandler
                0x080035b8      0x140 ./Drivers/STM32F7xx_HAL_Driver/Src/stm32f7xx_hal_tim.o
                0x080035b8                HAL_TIM_IRQHandler
 .text.TIM_Base_SetConfig
                0x080036f8       0xb0 ./Drivers/STM32F7xx_HAL_Driver/Src/stm32f7xx_hal_tim.o
                0x080036f8                TIM_Base_SetConfig
 .text.HAL_TIM_Base_Init
                0x080037a8       0x60 ./Drivers/STM32F7xx_HAL_Driver/Src/stm32f7xx_hal_tim.o
                0x080037a8                HAL_TIM_Base_Init
 .text.HAL_TIMEx_CommutCallback
                0x08003808        0x2 ./Drivers/STM32F7xx_HAL_Driver/Src/stm32f7xx_hal_tim_ex.o
                0x08003808                HAL_TIMEx_CommutCallback
 .text.HAL_TIMEx_BreakCallback
                0x0800380a        0x2 ./Drivers/STM32F7xx_HAL_Driver/Src/stm32f7xx_hal_tim_ex.o
                0x0800380a                HAL_TIMEx_BreakCallback
 .text.HAL_TIMEx_Break2Callback
                0x0800380c        0x2 ./Drivers/STM32F7xx_HAL_Driver/Src/stm32f7xx_hal_tim_ex.o
                0x0800380c                HAL_TIMEx_Break2Callback
 *fill*         0x0800380e        0x2 
 .text.LL_EXTI_Init
                0x08003810       0xa8 ./Drivers/STM32F7xx_HAL_Driver/Src/stm32f7xx_ll_exti.o
                0x08003810                LL_EXTI_Init
 .text.LL_GPIO_Init
                0x080038b8      0x146 ./Drivers/STM32F7xx_HAL_Driver/Src/stm32f7xx_ll_gpio.o
                0x080038b8                LL_GPIO_Init
 *fill*         0x080039fe        0x2 
 .text.LL_RCC_HSI_IsReady
                0x08003a00       0x10 ./Drivers/STM32F7xx_HAL_Driver/Src/stm32f7xx_ll_rcc.o
 .text.LL_RCC_LSE_IsReady
                0x08003a10       0x10 ./Drivers/STM32F7xx_HAL_Driver/Src/stm32f7xx_ll_rcc.o
 .text.RCC_GetHCLKClockFreq
                0x08003a20       0x18 ./Drivers/STM32F7xx_HAL_Driver/Src/stm32f7xx_ll_rcc.o
                0x08003a20                RCC_GetHCLKClockFreq
 .text.RCC_GetPCLK1ClockFreq
                0x08003a38       0x18 ./Drivers/STM32F7xx_HAL_Driver/Src/stm32f7xx_ll_rcc.o
                0x08003a38                RCC_GetPCLK1ClockFreq
 .text.RCC_GetPCLK2ClockFreq
                0x08003a50       0x18 ./Drivers/STM32F7xx_HAL_Driver/Src/stm32f7xx_ll_rcc.o
                0x08003a50                RCC_GetPCLK2ClockFreq
 .text.RCC_PLL_GetFreqDomain_SYS
                0x08003a68       0x40 ./Drivers/STM32F7xx_HAL_Driver/Src/stm32f7xx_ll_rcc.o
                0x08003a68                RCC_PLL_GetFreqDomain_SYS
 .text.RCC_GetSystemClockFreq
                0x08003aa8       0x28 ./Drivers/STM32F7xx_HAL_Driver/Src/stm32f7xx_ll_rcc.o
                0x08003aa8                RCC_GetSystemClockFreq
 .text.LL_RCC_GetUSARTClockFreq
                0x08003ad0       0xf0 ./Drivers/STM32F7xx_HAL_Driver/Src/stm32f7xx_ll_rcc.o
                0x08003ad0                LL_RCC_GetUSARTClockFreq
 .text.LL_RCC_GetUARTClockFreq
                0x08003bc0       0xe8 ./Drivers/STM32F7xx_HAL_Driver/Src/stm32f7xx_ll_rcc.o
                0x08003bc0                LL_RCC_GetUARTClockFreq
 .text.SDMMC_GetPowerState
                0x08003ca8        0x8 ./Drivers/STM32F7xx_HAL_Driver/Src/stm32f7xx_ll_sdmmc.o
                0x08003ca8                SDMMC_GetPowerState
 .text.SDMMC_GetCommandResponse
                0x08003cb0        0x6 ./Drivers/STM32F7xx_HAL_Driver/Src/stm32f7xx_ll_sdmmc.o
                0x08003cb0                SDMMC_GetCommandResponse
 .text.SDMMC_GetResponse
                0x08003cb6        0x6 ./Drivers/STM32F7xx_HAL_Driver/Src/stm32f7xx_ll_sdmmc.o
                0x08003cb6                SDMMC_GetResponse
 .text.LL_USART_Init
                0x08003cbc       0xfc ./Drivers/STM32F7xx_HAL_Driver/Src/stm32f7xx_ll_usart.o
                0x08003cbc                LL_USART_Init
 .text.USB_CoreReset
                0x08003db8       0x46 ./Drivers/STM32F7xx_HAL_Driver/Src/stm32f7xx_ll_usb.o
 .text.USB_CoreInit
                0x08003dfe       0x7c ./Drivers/STM32F7xx_HAL_Driver/Src/stm32f7xx_ll_usb.o
                0x08003dfe                USB_CoreInit
 .text.USB_DisableGlobalInt
                0x08003e7a        0xc ./Drivers/STM32F7xx_HAL_Driver/Src/stm32f7xx_ll_usb.o
                0x08003e7a                USB_DisableGlobalInt
 .text.USB_SetCurrentMode
                0x08003e86       0x5c ./Drivers/STM32F7xx_HAL_Driver/Src/stm32f7xx_ll_usb.o
                0x08003e86                USB_SetCurrentMode
 .text.USB_FlushTxFifo
                0x08003ee2       0x46 ./Drivers/STM32F7xx_HAL_Driver/Src/stm32f7xx_ll_usb.o
                0x08003ee2                USB_FlushTxFifo
 .text.USB_FlushRxFifo
                0x08003f28       0x42 ./Drivers/STM32F7xx_HAL_Driver/Src/stm32f7xx_ll_usb.o
                0x08003f28                USB_FlushRxFifo
 .text.USB_SetDevSpeed
                0x08003f6a        0xe ./Drivers/STM32F7xx_HAL_Driver/Src/stm32f7xx_ll_usb.o
                0x08003f6a                USB_SetDevSpeed
 .text.USB_DevInit
                0x08003f78      0x170 ./Drivers/STM32F7xx_HAL_Driver/Src/stm32f7xx_ll_usb.o
                0x08003f78                USB_DevInit
 .text.USB_DevDisconnect
                0x080040e8       0x1c ./Drivers/STM32F7xx_HAL_Driver/Src/stm32f7xx_ll_usb.o
                0x080040e8                USB_DevDisconnect
 .text.LL_SetSystemCoreClock
                0x08004104        0xc ./Drivers/STM32F7xx_HAL_Driver/Src/stm32f7xx_ll_utils.o
                0x08004104                LL_SetSystemCoreClock
 .text.vListInitialise
                0x08004110       0x16 ./freertos/list.o
                0x08004110                vListInitialise
 .text.vListInitialiseItem
                0x08004126        0x6 ./freertos/list.o
                0x08004126                vListInitialiseItem
 .text.vListInsertEnd
                0x0800412c       0x16 ./freertos/list.o
                0x0800412c                vListInsertEnd
 .text.vListInsert
                0x08004142       0x2e ./freertos/list.o
                0x08004142                vListInsert
 .text.uxListRemove
                0x08004170       0x20 ./freertos/list.o
                0x08004170                uxListRemove
 .text.prvIsQueueEmpty
                0x08004190       0x16 ./freertos/queue.o
 .text.prvCopyDataToQueue
                0x080041a6       0x66 ./freertos/queue.o
 .text.prvCopyDataFromQueue
                0x0800420c       0x2a ./freertos/queue.o
 .text.prvUnlockQueue
                0x08004236       0x6c ./freertos/queue.o
 .text.xQueueGenericReset
                0x080042a2       0xa2 ./freertos/queue.o
                0x080042a2                xQueueGenericReset
 .text.xQueueGenericCreate
                0x08004344       0x58 ./freertos/queue.o
                0x08004344                xQueueGenericCreate
 .text.xQueueGenericSend
                0x0800439c      0x174 ./freertos/queue.o
                0x0800439c                xQueueGenericSend
 .text.xQueueCreateMutex
                0x08004510       0x24 ./freertos/queue.o
                0x08004510                xQueueCreateMutex
 .text.xQueueGiveMutexRecursive
                0x08004534       0x42 ./freertos/queue.o
                0x08004534                xQueueGiveMutexRecursive
 .text.xQueueGiveFromISR
                0x08004576       0xd4 ./freertos/queue.o
                0x08004576                xQueueGiveFromISR
 .text.xQueueReceive
                0x0800464a      0x148 ./freertos/queue.o
                0x0800464a                xQueueReceive
 .text.xQueueSemaphoreTake
                0x08004792      0x174 ./freertos/queue.o
                0x08004792                xQueueSemaphoreTake
 .text.xQueueTakeMutexRecursive
                0x08004906       0x46 ./freertos/queue.o
                0x08004906                xQueueTakeMutexRecursive
 .text.vQueueAddToRegistry
                0x0800494c       0x50 ./freertos/queue.o
                0x0800494c                vQueueAddToRegistry
 .text.vQueueUnregisterQueue
                0x0800499c       0x48 ./freertos/queue.o
                0x0800499c                vQueueUnregisterQueue
 .text.vQueueDelete
                0x080049e4       0x26 ./freertos/queue.o
                0x080049e4                vQueueDelete
 .text.vQueueWaitForMessageRestricted
                0x08004a0a       0x46 ./freertos/queue.o
                0x08004a0a                vQueueWaitForMessageRestricted
 .text.prvAddCurrentTaskToDelayedList
                0x08004a50       0x88 ./freertos/tasks.o
 .text.prvResetNextTaskUnblockTime
                0x08004ad8       0x24 ./freertos/tasks.o
 .text.prvIdleTask
                0x08004afc       0x68 ./freertos/tasks.o
 .text.xTaskCreate
                0x08004b64      0x1d4 ./freertos/tasks.o
                0x08004b64                xTaskCreate
 .text.vTaskDelete
                0x08004d38       0xc0 ./freertos/tasks.o
                0x08004d38                vTaskDelete
 .text.vTaskStartScheduler
                0x08004df8       0x88 ./freertos/tasks.o
                0x08004df8                vTaskStartScheduler
 .text.vTaskSuspendAll
                0x08004e80       0x10 ./freertos/tasks.o
                0x08004e80                vTaskSuspendAll
 .text.xTaskGetTickCount
                0x08004e90        0xc ./freertos/tasks.o
                0x08004e90                xTaskGetTickCount
 .text.uxTaskGetNumberOfTasks
                0x08004e9c        0xc ./freertos/tasks.o
                0x08004e9c                uxTaskGetNumberOfTasks
 .text.xTaskIncrementTick
                0x08004ea8      0x16c ./freertos/tasks.o
                0x08004ea8                xTaskIncrementTick
 .text.xTaskResumeAll
                0x08005014      0x140 ./freertos/tasks.o
                0x08005014                xTaskResumeAll
 .text.vTaskDelay
                0x08005154       0x4c ./freertos/tasks.o
                0x08005154                vTaskDelay
 .text.vTaskSwitchContext
                0x080051a0       0xa8 ./freertos/tasks.o
                0x080051a0                vTaskSwitchContext
 .text.vTaskPlaceOnEventList
                0x08005248       0x38 ./freertos/tasks.o
                0x08005248                vTaskPlaceOnEventList
 .text.vTaskPlaceOnEventListRestricted
                0x08005280       0x5c ./freertos/tasks.o
                0x08005280                vTaskPlaceOnEventListRestricted
 .text.xTaskRemoveFromEventList
                0x080052dc       0xd0 ./freertos/tasks.o
                0x080052dc                xTaskRemoveFromEventList
 .text.vTaskInternalSetTimeOutState
                0x080053ac       0x18 ./freertos/tasks.o
                0x080053ac                vTaskInternalSetTimeOutState
 .text.xTaskCheckForTimeOut
                0x080053c4       0x80 ./freertos/tasks.o
                0x080053c4                xTaskCheckForTimeOut
 .text.vTaskMissedYield
                0x08005444        0xc ./freertos/tasks.o
                0x08005444                vTaskMissedYield
 .text.xTaskGetCurrentTaskHandle
                0x08005450        0xc ./freertos/tasks.o
                0x08005450                xTaskGetCurrentTaskHandle
 .text.xTaskGetSchedulerState
                0x0800545c       0x20 ./freertos/tasks.o
                0x0800545c                xTaskGetSchedulerState
 .text.xTaskPriorityInherit
                0x0800547c       0x8c ./freertos/tasks.o
                0x0800547c                xTaskPriorityInherit
 .text.xTaskPriorityDisinherit
                0x08005508       0x9c ./freertos/tasks.o
                0x08005508                xTaskPriorityDisinherit
 .text.vTaskPriorityDisinheritAfterTimeout
                0x080055a4       0xb0 ./freertos/tasks.o
                0x080055a4                vTaskPriorityDisinheritAfterTimeout
 .text.pvTaskIncrementMutexHeldCount
                0x08005654       0x18 ./freertos/tasks.o
                0x08005654                pvTaskIncrementMutexHeldCount
 .text.prvInsertTimerInActiveList
                0x0800566c       0x3c ./freertos/timers.o
 .text.prvReloadTimer
                0x080056a8       0x26 ./freertos/timers.o
 *fill*         0x080056ce        0x2 
 .text.prvProcessExpiredTimer
                0x080056d0       0x40 ./freertos/timers.o
 .text.prvSampleTimeNow
                0x08005710       0x4c ./freertos/timers.o
 .text.prvTimerTask
                0x0800575c      0x17c ./freertos/timers.o
 .text.prvCheckForValidListAndQueue
                0x080058d8       0x58 ./freertos/timers.o
 .text.xTimerCreateTimerTask
                0x08005930       0x54 ./freertos/timers.o
                0x08005930                xTimerCreateTimerTask
 .text.prvInsertBlockIntoFreeList
                0x08005984       0x4c ./freertos/portable/heap_4.o
 .text.pvPortMalloc
                0x080059d0      0x12c ./freertos/portable/heap_4.o
                0x080059d0                pvPortMalloc
 .text.vPortFree
                0x08005afc       0x7c ./freertos/portable/heap_4.o
                0x08005afc                vPortFree
 .text.prvPortStartFirstTask
                0x08005b78       0x28 ./freertos/portable/port.o
 .text.vPortEnableVFP
                0x08005ba0       0x14 ./freertos/portable/port.o
 .text.prvTaskExitError
                0x08005bb4       0x48 ./freertos/portable/port.o
 .text.pxPortInitialiseStack
                0x08005bfc       0x24 ./freertos/portable/port.o
                0x08005bfc                pxPortInitialiseStack
 .text.SVC_Handler
                0x08005c20       0x24 ./freertos/portable/port.o
                0x08005c20                SVC_Handler
 .text.vPortEnterCritical
                0x08005c44       0x48 ./freertos/portable/port.o
                0x08005c44                vPortEnterCritical
 .text.vPortExitCritical
                0x08005c8c       0x2c ./freertos/portable/port.o
                0x08005c8c                vPortExitCritical
 *fill*         0x08005cb8        0x8 
 .text.PendSV_Handler
                0x08005cc0       0x64 ./freertos/portable/port.o
                0x08005cc0                PendSV_Handler
 .text.SysTick_Handler
                0x08005d24       0x30 ./freertos/portable/port.o
                0x08005d24                SysTick_Handler
 .text.vPortSetupTimerInterrupt
                0x08005d54       0x24 ./freertos/portable/port.o
                0x08005d54                vPortSetupTimerInterrupt
 .text.xPortStartScheduler
                0x08005d78       0xc4 ./freertos/portable/port.o
                0x08005d78                xPortStartScheduler
 .text.vPortValidateInterruptPriority
                0x08005e3c       0x64 ./freertos/portable/port.o
                0x08005e3c                vPortValidateInterruptPriority
 .text.netconn_apimsg
                0x08005ea0       0x14 ./lwip-2.2.2/src/api/api_lib.o
 .text.netconn_close_shutdown
                0x08005eb4       0x2c ./lwip-2.2.2/src/api/api_lib.o
 .text.netconn_new_with_proto_and_callback
                0x08005ee0       0xa0 ./lwip-2.2.2/src/api/api_lib.o
                0x08005ee0                netconn_new_with_proto_and_callback
 .text.netconn_prepare_delete
                0x08005f80       0x20 ./lwip-2.2.2/src/api/api_lib.o
                0x08005f80                netconn_prepare_delete
 .text.netconn_delete
                0x08005fa0       0x1c ./lwip-2.2.2/src/api/api_lib.o
                0x08005fa0                netconn_delete
 .text.netconn_bind
                0x08005fbc       0x34 ./lwip-2.2.2/src/api/api_lib.o
                0x08005fbc                netconn_bind
 .text.netconn_listen_with_backlog
                0x08005ff0       0x20 ./lwip-2.2.2/src/api/api_lib.o
                0x08005ff0                netconn_listen_with_backlog
 .text.netconn_write_vectors_partly
                0x08006010       0xbc ./lwip-2.2.2/src/api/api_lib.o
                0x08006010                netconn_write_vectors_partly
 .text.netconn_write_partly
                0x080060cc       0x18 ./lwip-2.2.2/src/api/api_lib.o
                0x080060cc                netconn_write_partly
 .text.netconn_close
                0x080060e4        0x6 ./lwip-2.2.2/src/api/api_lib.o
                0x080060e4                netconn_close
 .text.netconn_err
                0x080060ea       0x1e ./lwip-2.2.2/src/api/api_lib.o
                0x080060ea                netconn_err
 .text.netconn_accept
                0x08006108       0x82 ./lwip-2.2.2/src/api/api_lib.o
                0x08006108                netconn_accept
 *fill*         0x0800618a        0x2 
 .text.netconn_recv_data
                0x0800618c       0xc4 ./lwip-2.2.2/src/api/api_lib.o
 .text.netconn_recv_data_tcp
                0x08006250       0x9c ./lwip-2.2.2/src/api/api_lib.o
 .text.netconn_recv
                0x080062ec       0x88 ./lwip-2.2.2/src/api/api_lib.o
                0x080062ec                netconn_recv
 .text.recv_udp
                0x08006374       0xa8 ./lwip-2.2.2/src/api/api_msg.o
 .text.setup_tcp
                0x0800641c       0x44 ./lwip-2.2.2/src/api/api_msg.o
 .text.lwip_netconn_do_writemore
                0x08006460      0x250 ./lwip-2.2.2/src/api/api_msg.o
 .text.lwip_netconn_do_close_internal
                0x080066b0      0x1e4 ./lwip-2.2.2/src/api/api_msg.o
 .text.poll_tcp
                0x08006894       0x7c ./lwip-2.2.2/src/api/api_msg.o
 .text.sent_tcp
                0x08006910       0x6c ./lwip-2.2.2/src/api/api_msg.o
 .text.recv_tcp
                0x0800697c       0xbc ./lwip-2.2.2/src/api/api_msg.o
 .text.err_tcp  0x08006a38      0x128 ./lwip-2.2.2/src/api/api_msg.o
 .text.lwip_netconn_is_err_msg
                0x08006b60       0x54 ./lwip-2.2.2/src/api/api_msg.o
                0x08006b60                lwip_netconn_is_err_msg
 .text.lwip_netconn_do_newconn
                0x08006bb4       0x60 ./lwip-2.2.2/src/api/api_msg.o
                0x08006bb4                lwip_netconn_do_newconn
 .text.netconn_alloc
                0x08006c14       0x84 ./lwip-2.2.2/src/api/api_msg.o
                0x08006c14                netconn_alloc
 .text.netconn_free
                0x08006c98       0x68 ./lwip-2.2.2/src/api/api_msg.o
                0x08006c98                netconn_free
 .text.netconn_drain
                0x08006d00       0x94 ./lwip-2.2.2/src/api/api_msg.o
 .text.accept_function
                0x08006d94       0xdc ./lwip-2.2.2/src/api/api_msg.o
 .text.lwip_netconn_do_delconn
                0x08006e70      0x108 ./lwip-2.2.2/src/api/api_msg.o
                0x08006e70                lwip_netconn_do_delconn
 .text.lwip_netconn_do_bind
                0x08006f78       0x34 ./lwip-2.2.2/src/api/api_msg.o
                0x08006f78                lwip_netconn_do_bind
 .text.lwip_netconn_do_listen
                0x08006fac       0xa4 ./lwip-2.2.2/src/api/api_msg.o
                0x08006fac                lwip_netconn_do_listen
 .text.lwip_netconn_do_recv
                0x08007050       0x36 ./lwip-2.2.2/src/api/api_msg.o
                0x08007050                lwip_netconn_do_recv
 *fill*         0x08007086        0x2 
 .text.lwip_netconn_do_write
                0x08007088       0xcc ./lwip-2.2.2/src/api/api_msg.o
                0x08007088                lwip_netconn_do_write
 .text.lwip_netconn_do_close
                0x08007154       0xbc ./lwip-2.2.2/src/api/api_msg.o
                0x08007154                lwip_netconn_do_close
 .text.netbuf_delete
                0x08007210       0x22 ./lwip-2.2.2/src/api/netbuf.o
                0x08007210                netbuf_delete
 .text.netbuf_data
                0x08007232       0x24 ./lwip-2.2.2/src/api/netbuf.o
                0x08007232                netbuf_data
 .text.netifapi_do_netif_common
                0x08007256       0x1a ./lwip-2.2.2/src/api/netifapi.o
 .text.netifapi_netif_common
                0x08007270       0x1c ./lwip-2.2.2/src/api/netifapi.o
                0x08007270                netifapi_netif_common
 .text.tcpip_thread
                0x0800728c       0xd0 ./lwip-2.2.2/src/api/tcpip.o
 .text.tcpip_inpkt
                0x0800735c       0x58 ./lwip-2.2.2/src/api/tcpip.o
                0x0800735c                tcpip_inpkt
 .text.tcpip_input
                0x080073b4       0x1c ./lwip-2.2.2/src/api/tcpip.o
                0x080073b4                tcpip_input
 .text.tcpip_send_msg_wait_sem
                0x080073d0       0x20 ./lwip-2.2.2/src/api/tcpip.o
                0x080073d0                tcpip_send_msg_wait_sem
 .text.tcpip_api_call
                0x080073f0       0x24 ./lwip-2.2.2/src/api/tcpip.o
                0x080073f0                tcpip_api_call
 .text.tcpip_init
                0x08007414       0x80 ./lwip-2.2.2/src/api/tcpip.o
                0x08007414                tcpip_init
 .text.lwiperf_tcp_close
                0x08007494       0xfc ./lwip-2.2.2/src/apps/lwiperf/lwiperf.o
 .text.lwiperf_tcp_accept
                0x08007590      0x138 ./lwip-2.2.2/src/apps/lwiperf/lwiperf.o
 .text.lwiperf_tcp_err
                0x080076c8        0xc ./lwip-2.2.2/src/apps/lwiperf/lwiperf.o
 .text.lwiperf_tcp_client_send_more
                0x080076d4       0xec ./lwip-2.2.2/src/apps/lwiperf/lwiperf.o
 .text.lwiperf_tcp_client_sent
                0x080077c0       0x34 ./lwip-2.2.2/src/apps/lwiperf/lwiperf.o
 .text.lwiperf_tcp_poll
                0x080077f4       0x50 ./lwip-2.2.2/src/apps/lwiperf/lwiperf.o
 .text.lwiperf_tcp_client_connected
                0x08007844       0x48 ./lwip-2.2.2/src/apps/lwiperf/lwiperf.o
 .text.lwiperf_start_tcp_server_impl.constprop.0
                0x0800788c       0x94 ./lwip-2.2.2/src/apps/lwiperf/lwiperf.o
 .text.lwiperf_tx_start_impl
                0x08007920      0x104 ./lwip-2.2.2/src/apps/lwiperf/lwiperf.o
 .text.lwiperf_tx_start_passive
                0x08007a24       0x54 ./lwip-2.2.2/src/apps/lwiperf/lwiperf.o
 .text.lwiperf_tcp_recv
                0x08007a78      0x144 ./lwip-2.2.2/src/apps/lwiperf/lwiperf.o
 .text.lwiperf_start_tcp_server
                0x08007bbc       0x1e ./lwip-2.2.2/src/apps/lwiperf/lwiperf.o
                0x08007bbc                lwiperf_start_tcp_server
 *fill*         0x08007bda        0x2 
 .text.lwiperf_start_tcp_server_default
                0x08007bdc       0x14 ./lwip-2.2.2/src/apps/lwiperf/lwiperf.o
                0x08007bdc                lwiperf_start_tcp_server_default
 .text.lwip_htons
                0x08007bf0        0x6 ./lwip-2.2.2/src/core/def.o
                0x08007bf0                lwip_htons
 .text.lwip_htonl
                0x08007bf6        0x4 ./lwip-2.2.2/src/core/def.o
                0x08007bf6                lwip_htonl
 .text.lwip_standard_chksum
                0x08007bfa       0x56 ./lwip-2.2.2/src/core/inet_chksum.o
                0x08007bfa                lwip_standard_chksum
 .text.inet_chksum_pbuf
                0x08007c50       0x44 ./lwip-2.2.2/src/core/inet_chksum.o
                0x08007c50                inet_chksum_pbuf
 .text.lwip_init
                0x08007c94       0x22 ./lwip-2.2.2/src/core/init.o
                0x08007c94                lwip_init
 *fill*         0x08007cb6        0x2 
 .text.mem_init
                0x08007cb8       0x68 ./lwip-2.2.2/src/core/mem.o
                0x08007cb8                mem_init
 .text.mem_free
                0x08007d20      0x1b0 ./lwip-2.2.2/src/core/mem.o
                0x08007d20                mem_free
 .text.mem_trim
                0x08007ed0      0x16c ./lwip-2.2.2/src/core/mem.o
                0x08007ed0                mem_trim
 .text.mem_malloc
                0x0800803c      0x14c ./lwip-2.2.2/src/core/mem.o
                0x0800803c                mem_malloc
 .text.do_memp_malloc_pool
                0x08008188       0x3c ./lwip-2.2.2/src/core/memp.o
 .text.do_memp_free_pool
                0x080081c4       0x38 ./lwip-2.2.2/src/core/memp.o
 .text.memp_init_pool
                0x080081fc       0x26 ./lwip-2.2.2/src/core/memp.o
                0x080081fc                memp_init_pool
 *fill*         0x08008222        0x2 
 .text.memp_init
                0x08008224       0x1c ./lwip-2.2.2/src/core/memp.o
                0x08008224                memp_init
 .text.memp_malloc_pool
                0x08008240       0x2c ./lwip-2.2.2/src/core/memp.o
                0x08008240                memp_malloc_pool
 .text.memp_malloc
                0x0800826c       0x18 ./lwip-2.2.2/src/core/memp.o
                0x0800826c                memp_malloc
 .text.memp_free_pool
                0x08008284       0x24 ./lwip-2.2.2/src/core/memp.o
                0x08008284                memp_free_pool
 .text.memp_free
                0x080082a8       0x18 ./lwip-2.2.2/src/core/memp.o
                0x080082a8                memp_free
 .text.netif_null_output_ip4
                0x080082c0        0x6 ./lwip-2.2.2/src/core/netif.o
 *fill*         0x080082c6        0x2 
 .text.netif_issue_reports
                0x080082c8       0x44 ./lwip-2.2.2/src/core/netif.o
 .text.netif_do_set_ipaddr.isra.0
                0x0800830c       0x34 ./lwip-2.2.2/src/core/netif.o
 .text.netif_init
                0x08008340        0x2 ./lwip-2.2.2/src/core/netif.o
                0x08008340                netif_init
 *fill*         0x08008342        0x2 
 .text.netif_set_addr
                0x08008344       0x58 ./lwip-2.2.2/src/core/netif.o
                0x08008344                netif_set_addr
 .text.netif_add
                0x0800839c       0xfc ./lwip-2.2.2/src/core/netif.o
                0x0800839c                netif_add
 .text.netif_set_default
                0x08008498        0xc ./lwip-2.2.2/src/core/netif.o
                0x08008498                netif_set_default
 .text.netif_set_up
                0x080084a4       0x1a ./lwip-2.2.2/src/core/netif.o
                0x080084a4                netif_set_up
 .text.netif_set_down
                0x080084be       0x1c ./lwip-2.2.2/src/core/netif.o
                0x080084be                netif_set_down
 .text.netif_set_link_up
                0x080084da       0x2a ./lwip-2.2.2/src/core/netif.o
                0x080084da                netif_set_link_up
 .text.netif_set_link_down
                0x08008504       0x1a ./lwip-2.2.2/src/core/netif.o
                0x08008504                netif_set_link_down
 .text.netif_set_link_callback
                0x0800851e        0x6 ./lwip-2.2.2/src/core/netif.o
                0x0800851e                netif_set_link_callback
 .text.netif_get_by_index
                0x08008524       0x24 ./lwip-2.2.2/src/core/netif.o
                0x08008524                netif_get_by_index
 .text.pbuf_skip_const
                0x08008548       0x16 ./lwip-2.2.2/src/core/pbuf.o
 *fill*         0x0800855e        0x2 
 .text.pbuf_add_header_impl
                0x08008560       0x68 ./lwip-2.2.2/src/core/pbuf.o
 .text.pbuf_alloc_reference
                0x080085c8       0x48 ./lwip-2.2.2/src/core/pbuf.o
                0x080085c8                pbuf_alloc_reference
 .text.pbuf_alloced_custom
                0x08008610       0x32 ./lwip-2.2.2/src/core/pbuf.o
                0x08008610                pbuf_alloced_custom
 .text.pbuf_add_header
                0x08008642        0x6 ./lwip-2.2.2/src/core/pbuf.o
                0x08008642                pbuf_add_header
 .text.pbuf_remove_header
                0x08008648       0x48 ./lwip-2.2.2/src/core/pbuf.o
                0x08008648                pbuf_remove_header
 .text.pbuf_header_force
                0x08008690       0x10 ./lwip-2.2.2/src/core/pbuf.o
                0x08008690                pbuf_header_force
 .text.pbuf_free
                0x080086a0       0xd4 ./lwip-2.2.2/src/core/pbuf.o
                0x080086a0                pbuf_free
 .text.pbuf_alloc
                0x08008774       0xf0 ./lwip-2.2.2/src/core/pbuf.o
                0x08008774                pbuf_alloc
 .text.pbuf_realloc
                0x08008864       0xc4 ./lwip-2.2.2/src/core/pbuf.o
                0x08008864                pbuf_realloc
 .text.pbuf_clen
                0x08008928       0x10 ./lwip-2.2.2/src/core/pbuf.o
                0x08008928                pbuf_clen
 .text.pbuf_ref
                0x08008938       0x38 ./lwip-2.2.2/src/core/pbuf.o
                0x08008938                pbuf_ref
 .text.pbuf_cat
                0x08008970       0x74 ./lwip-2.2.2/src/core/pbuf.o
                0x08008970                pbuf_cat
 .text.pbuf_copy_partial_pbuf
                0x080089e4       0xf8 ./lwip-2.2.2/src/core/pbuf.o
                0x080089e4                pbuf_copy_partial_pbuf
 .text.pbuf_copy
                0x08008adc       0x10 ./lwip-2.2.2/src/core/pbuf.o
                0x08008adc                pbuf_copy
 .text.pbuf_copy_partial
                0x08008aec       0x60 ./lwip-2.2.2/src/core/pbuf.o
                0x08008aec                pbuf_copy_partial
 .text.pbuf_clone
                0x08008b4c       0x38 ./lwip-2.2.2/src/core/pbuf.o
                0x08008b4c                pbuf_clone
 .text.pbuf_try_get_at
                0x08008b84       0x26 ./lwip-2.2.2/src/core/pbuf.o
                0x08008b84                pbuf_try_get_at
 .text.pbuf_get_at
                0x08008baa        0xe ./lwip-2.2.2/src/core/pbuf.o
                0x08008baa                pbuf_get_at
 .text.pbuf_memcmp
                0x08008bb8       0x4e ./lwip-2.2.2/src/core/pbuf.o
                0x08008bb8                pbuf_memcmp
 *fill*         0x08008c06        0x2 
 .text.tcp_new_port
                0x08008c08       0x50 ./lwip-2.2.2/src/core/tcp.o
 .text.tcp_close_shutdown_fin
                0x08008c58       0x60 ./lwip-2.2.2/src/core/tcp.o
 .text.tcp_init
                0x08008cb8       0x18 ./lwip-2.2.2/src/core/tcp.o
                0x08008cb8                tcp_init
 .text.tcp_free
                0x08008cd0       0x30 ./lwip-2.2.2/src/core/tcp.o
                0x08008cd0                tcp_free
 .text.tcp_bind
                0x08008d00       0x80 ./lwip-2.2.2/src/core/tcp.o
                0x08008d00                tcp_bind
 .text.tcp_listen_with_backlog_and_err
                0x08008d80       0xa8 ./lwip-2.2.2/src/core/tcp.o
                0x08008d80                tcp_listen_with_backlog_and_err
 .text.tcp_listen_with_backlog
                0x08008e28        0x6 ./lwip-2.2.2/src/core/tcp.o
                0x08008e28                tcp_listen_with_backlog
 *fill*         0x08008e2e        0x2 
 .text.tcp_update_rcv_ann_wnd
                0x08008e30       0x68 ./lwip-2.2.2/src/core/tcp.o
                0x08008e30                tcp_update_rcv_ann_wnd
 .text.tcp_recved
                0x08008e98       0x64 ./lwip-2.2.2/src/core/tcp.o
                0x08008e98                tcp_recved
 .text.tcp_seg_free
                0x08008efc       0x1c ./lwip-2.2.2/src/core/tcp.o
                0x08008efc                tcp_seg_free
 .text.tcp_segs_free
                0x08008f18       0x10 ./lwip-2.2.2/src/core/tcp.o
                0x08008f18                tcp_segs_free
 .text.tcp_arg  0x08008f28        0x6 ./lwip-2.2.2/src/core/tcp.o
                0x08008f28                tcp_arg
 *fill*         0x08008f2e        0x2 
 .text.tcp_recv
                0x08008f30       0x30 ./lwip-2.2.2/src/core/tcp.o
                0x08008f30                tcp_recv
 .text.tcp_sent
                0x08008f60       0x2c ./lwip-2.2.2/src/core/tcp.o
                0x08008f60                tcp_sent
 .text.tcp_err  0x08008f8c       0x30 ./lwip-2.2.2/src/core/tcp.o
                0x08008f8c                tcp_err
 .text.tcp_accept
                0x08008fbc        0xc ./lwip-2.2.2/src/core/tcp.o
                0x08008fbc                tcp_accept
 .text.tcp_poll
                0x08008fc8       0x34 ./lwip-2.2.2/src/core/tcp.o
                0x08008fc8                tcp_poll
 .text.tcp_pcb_purge
                0x08008ffc       0x3a ./lwip-2.2.2/src/core/tcp.o
                0x08008ffc                tcp_pcb_purge
 *fill*         0x08009036        0x2 
 .text.tcp_slowtmr
                0x08009038      0x424 ./lwip-2.2.2/src/core/tcp.o
                0x08009038                tcp_slowtmr
 .text.tcp_pcb_remove
                0x0800945c       0xb8 ./lwip-2.2.2/src/core/tcp.o
                0x0800945c                tcp_pcb_remove
 .text.tcp_close_shutdown
                0x08009514      0x164 ./lwip-2.2.2/src/core/tcp.o
 .text.tcp_close
                0x08009678       0x1c ./lwip-2.2.2/src/core/tcp.o
                0x08009678                tcp_close
 .text.tcp_recv_null
                0x08009694       0x2c ./lwip-2.2.2/src/core/tcp.o
                0x08009694                tcp_recv_null
 .text.tcp_process_refused_data
                0x080096c0       0x6e ./lwip-2.2.2/src/core/tcp.o
                0x080096c0                tcp_process_refused_data
 *fill*         0x0800972e        0x2 
 .text.tcp_fasttmr
                0x08009730       0x80 ./lwip-2.2.2/src/core/tcp.o
                0x08009730                tcp_fasttmr
 .text.tcp_tmr  0x080097b0       0x24 ./lwip-2.2.2/src/core/tcp.o
                0x080097b0                tcp_tmr
 .text.tcp_shutdown
                0x080097d4       0x54 ./lwip-2.2.2/src/core/tcp.o
                0x080097d4                tcp_shutdown
 .text.tcp_abandon
                0x08009828       0xec ./lwip-2.2.2/src/core/tcp.o
                0x08009828                tcp_abandon
 .text.tcp_abort
                0x08009914        0x6 ./lwip-2.2.2/src/core/tcp.o
                0x08009914                tcp_abort
 *fill*         0x0800991a        0x2 
 .text.tcp_accept_null
                0x0800991c       0x2c ./lwip-2.2.2/src/core/tcp.o
 .text.tcp_netif_ip_addr_changed_pcblist
                0x08009948       0x3c ./lwip-2.2.2/src/core/tcp.o
 .text.tcp_kill_state
                0x08009984       0x3c ./lwip-2.2.2/src/core/tcp.o
 .text.tcp_alloc
                0x080099c0      0x134 ./lwip-2.2.2/src/core/tcp.o
                0x080099c0                tcp_alloc
 .text.tcp_new_ip_type
                0x08009af4        0x6 ./lwip-2.2.2/src/core/tcp.o
                0x08009af4                tcp_new_ip_type
 *fill*         0x08009afa        0x2 
 .text.tcp_next_iss
                0x08009afc       0x34 ./lwip-2.2.2/src/core/tcp.o
                0x08009afc                tcp_next_iss
 .text.tcp_eff_send_mss_netif
                0x08009b30       0x3c ./lwip-2.2.2/src/core/tcp.o
                0x08009b30                tcp_eff_send_mss_netif
 .text.tcp_connect
                0x08009b6c       0xf8 ./lwip-2.2.2/src/core/tcp.o
                0x08009b6c                tcp_connect
 .text.tcp_netif_ip_addr_changed
                0x08009c64       0x48 ./lwip-2.2.2/src/core/tcp.o
                0x08009c64                tcp_netif_ip_addr_changed
 .text.tcp_get_next_optbyte
                0x08009cac       0x38 ./lwip-2.2.2/src/core/tcp_in.o
 .text.tcp_parseopt
                0x08009ce4       0x94 ./lwip-2.2.2/src/core/tcp_in.o
 .text.tcp_input_delayed_close
                0x08009d78       0x3c ./lwip-2.2.2/src/core/tcp_in.o
 .text.tcp_free_acked_segments.isra.0
                0x08009db4       0xc4 ./lwip-2.2.2/src/core/tcp_in.o
 .text.tcp_receive
                0x08009e78      0x4b4 ./lwip-2.2.2/src/core/tcp_in.o
 .text.tcp_input
                0x0800a32c      0xb0c ./lwip-2.2.2/src/core/tcp_in.o
                0x0800a32c                tcp_input
 .text.tcp_trigger_input_pcb_close
                0x0800ae38       0x10 ./lwip-2.2.2/src/core/tcp_in.o
                0x0800ae38                tcp_trigger_input_pcb_close
 .text.tcp_output_segment_busy
                0x0800ae48       0x2c ./lwip-2.2.2/src/core/tcp_out.o
 .text.tcp_pbuf_prealloc
                0x0800ae74       0xa0 ./lwip-2.2.2/src/core/tcp_out.o
 .text.tcp_create_segment
                0x0800af14       0xdc ./lwip-2.2.2/src/core/tcp_out.o
 .text.tcp_output_control_segment_netif
                0x0800aff0       0x60 ./lwip-2.2.2/src/core/tcp_out.o
 .text.tcp_output_alloc_header_common.constprop.0
                0x0800b050       0x84 ./lwip-2.2.2/src/core/tcp_out.o
 .text.tcp_output_alloc_header.constprop.0
                0x0800b0d4       0x4c ./lwip-2.2.2/src/core/tcp_out.o
 .text.tcp_output_fill_options.constprop.0
                0x0800b120       0x20 ./lwip-2.2.2/src/core/tcp_out.o
 .text.tcp_rst_common.isra.0
                0x0800b140       0x6c ./lwip-2.2.2/src/core/tcp_out.o
 .text.tcp_output_control_segment
                0x0800b1ac       0x58 ./lwip-2.2.2/src/core/tcp_out.o
 .text.tcp_write
                0x0800b204      0x508 ./lwip-2.2.2/src/core/tcp_out.o
                0x0800b204                tcp_write
 .text.tcp_split_unsent_seg
                0x0800b70c      0x198 ./lwip-2.2.2/src/core/tcp_out.o
                0x0800b70c                tcp_split_unsent_seg
 .text.tcp_enqueue_flags
                0x0800b8a4      0x128 ./lwip-2.2.2/src/core/tcp_out.o
                0x0800b8a4                tcp_enqueue_flags
 .text.tcp_send_fin
                0x0800b9cc       0x60 ./lwip-2.2.2/src/core/tcp_out.o
                0x0800b9cc                tcp_send_fin
 .text.tcp_rexmit_rto_prepare
                0x0800ba2c       0x88 ./lwip-2.2.2/src/core/tcp_out.o
                0x0800ba2c                tcp_rexmit_rto_prepare
 .text.tcp_rexmit
                0x0800bab4       0x80 ./lwip-2.2.2/src/core/tcp_out.o
                0x0800bab4                tcp_rexmit
 .text.tcp_rexmit_fast
                0x0800bb34       0x68 ./lwip-2.2.2/src/core/tcp_out.o
                0x0800bb34                tcp_rexmit_fast
 .text.tcp_rst  0x0800bb9c       0x38 ./lwip-2.2.2/src/core/tcp_out.o
                0x0800bb9c                tcp_rst
 .text.tcp_rst_netif
                0x0800bbd4       0x3c ./lwip-2.2.2/src/core/tcp_out.o
                0x0800bbd4                tcp_rst_netif
 .text.tcp_send_empty_ack
                0x0800bc10       0x64 ./lwip-2.2.2/src/core/tcp_out.o
                0x0800bc10                tcp_send_empty_ack
 .text.tcp_output
                0x0800bc74      0x350 ./lwip-2.2.2/src/core/tcp_out.o
                0x0800bc74                tcp_output
 .text.tcp_rexmit_rto_commit
                0x0800bfc4       0x38 ./lwip-2.2.2/src/core/tcp_out.o
                0x0800bfc4                tcp_rexmit_rto_commit
 .text.tcp_rexmit_rto
                0x0800bffc       0x34 ./lwip-2.2.2/src/core/tcp_out.o
                0x0800bffc                tcp_rexmit_rto
 .text.tcp_keepalive
                0x0800c030       0x50 ./lwip-2.2.2/src/core/tcp_out.o
                0x0800c030                tcp_keepalive
 .text.tcp_zero_window_probe
                0x0800c080       0xc8 ./lwip-2.2.2/src/core/tcp_out.o
                0x0800c080                tcp_zero_window_probe
 .text.sys_timeout_abs
                0x0800c148       0x64 ./lwip-2.2.2/src/core/timeouts.o
 .text.lwip_cyclic_timer
                0x0800c1ac       0x34 ./lwip-2.2.2/src/core/timeouts.o
 .text.sys_timeout
                0x0800c1e0       0x3c ./lwip-2.2.2/src/core/timeouts.o
                0x0800c1e0                sys_timeout
 .text.tcp_timer_needed
                0x0800c21c       0x34 ./lwip-2.2.2/src/core/timeouts.o
                0x0800c21c                tcp_timer_needed
 .text.tcpip_tcp_timer
                0x0800c250       0x38 ./lwip-2.2.2/src/core/timeouts.o
 .text.sys_timeouts_init
                0x0800c288       0x2c ./lwip-2.2.2/src/core/timeouts.o
                0x0800c288                sys_timeouts_init
 .text.sys_check_timeouts
                0x0800c2b4       0x44 ./lwip-2.2.2/src/core/timeouts.o
                0x0800c2b4                sys_check_timeouts
 .text.sys_timeouts_sleeptime
                0x0800c2f8       0x24 ./lwip-2.2.2/src/core/timeouts.o
                0x0800c2f8                sys_timeouts_sleeptime
 .text.udp_init
                0x0800c31c       0x18 ./lwip-2.2.2/src/core/udp.o
                0x0800c31c                udp_init
 .text.udp_input
                0x0800c334      0x1ac ./lwip-2.2.2/src/core/udp.o
                0x0800c334                udp_input
 .text.udp_bind
                0x0800c4e0       0xc0 ./lwip-2.2.2/src/core/udp.o
                0x0800c4e0                udp_bind
 .text.udp_recv
                0x0800c5a0        0x8 ./lwip-2.2.2/src/core/udp.o
                0x0800c5a0                udp_recv
 .text.udp_remove
                0x0800c5a8       0x34 ./lwip-2.2.2/src/core/udp.o
                0x0800c5a8                udp_remove
 .text.udp_new  0x0800c5dc       0x1c ./lwip-2.2.2/src/core/udp.o
                0x0800c5dc                udp_new
 .text.udp_new_ip_type
                0x0800c5f8        0x4 ./lwip-2.2.2/src/core/udp.o
                0x0800c5f8                udp_new_ip_type
 .text.udp_netif_ip_addr_changed
                0x0800c5fc       0x2c ./lwip-2.2.2/src/core/udp.o
                0x0800c5fc                udp_netif_ip_addr_changed
 .text.etharp_free_entry
                0x0800c628       0x28 ./lwip-2.2.2/src/core/ipv4/etharp.o
 .text.etharp_find_entry
                0x0800c650      0x11c ./lwip-2.2.2/src/core/ipv4/etharp.o
 .text.etharp_raw
                0x0800c76c       0xdc ./lwip-2.2.2/src/core/ipv4/etharp.o
 .text.etharp_cleanup_netif
                0x0800c848       0x28 ./lwip-2.2.2/src/core/ipv4/etharp.o
                0x0800c848                etharp_cleanup_netif
 .text.etharp_input
                0x0800c870      0x14c ./lwip-2.2.2/src/core/ipv4/etharp.o
                0x0800c870                etharp_input
 .text.etharp_request
                0x0800c9bc       0x2c ./lwip-2.2.2/src/core/ipv4/etharp.o
                0x0800c9bc                etharp_request
 .text.etharp_tmr
                0x0800c9e8       0x50 ./lwip-2.2.2/src/core/ipv4/etharp.o
                0x0800c9e8                etharp_tmr
 .text.etharp_output_to_arp_index
                0x0800ca38       0xac ./lwip-2.2.2/src/core/ipv4/etharp.o
 .text.etharp_query
                0x0800cae4      0x150 ./lwip-2.2.2/src/core/ipv4/etharp.o
                0x0800cae4                etharp_query
 .text.etharp_output
                0x0800cc34      0x138 ./lwip-2.2.2/src/core/ipv4/etharp.o
                0x0800cc34                etharp_output
 .text.icmp_send_response
                0x0800cd6c       0xa8 ./lwip-2.2.2/src/core/ipv4/icmp.o
 .text.icmp_input
                0x0800ce14      0x13c ./lwip-2.2.2/src/core/ipv4/icmp.o
                0x0800ce14                icmp_input
 .text.icmp_dest_unreach
                0x0800cf50        0x8 ./lwip-2.2.2/src/core/ipv4/icmp.o
                0x0800cf50                icmp_dest_unreach
 .text.icmp_time_exceeded
                0x0800cf58        0x8 ./lwip-2.2.2/src/core/ipv4/icmp.o
                0x0800cf58                icmp_time_exceeded
 .text.ip4_input_accept
                0x0800cf60       0x34 ./lwip-2.2.2/src/core/ipv4/ip4.o
 .text.ip4_route
                0x0800cf94       0x5c ./lwip-2.2.2/src/core/ipv4/ip4.o
                0x0800cf94                ip4_route
 .text.ip4_input
                0x0800cff0      0x16c ./lwip-2.2.2/src/core/ipv4/ip4.o
                0x0800cff0                ip4_input
 .text.ip4_output_if_src
                0x0800d15c       0xf8 ./lwip-2.2.2/src/core/ipv4/ip4.o
                0x0800d15c                ip4_output_if_src
 .text.ip4_output_if
                0x0800d254       0x22 ./lwip-2.2.2/src/core/ipv4/ip4.o
                0x0800d254                ip4_output_if
 .text.ip4_addr_isbroadcast_u32
                0x0800d276       0x36 ./lwip-2.2.2/src/core/ipv4/ip4_addr.o
                0x0800d276                ip4_addr_isbroadcast_u32
 .text.ip4addr_ntoa_r
                0x0800d2ac       0x94 ./lwip-2.2.2/src/core/ipv4/ip4_addr.o
                0x0800d2ac                ip4addr_ntoa_r
 .text.ip4addr_ntoa
                0x0800d340        0xc ./lwip-2.2.2/src/core/ipv4/ip4_addr.o
                0x0800d340                ip4addr_ntoa
 .text.ip_reass_dequeue_datagram
                0x0800d34c       0x44 ./lwip-2.2.2/src/core/ipv4/ip4_frag.o
 .text.ip_reass_free_complete_datagram
                0x0800d390       0xe8 ./lwip-2.2.2/src/core/ipv4/ip4_frag.o
 .text.ip_reass_remove_oldest_datagram
                0x0800d478       0x7c ./lwip-2.2.2/src/core/ipv4/ip4_frag.o
 .text.ipfrag_free_pbuf_custom
                0x0800d4f4       0x34 ./lwip-2.2.2/src/core/ipv4/ip4_frag.o
 .text.ip_reass_tmr
                0x0800d528       0x2c ./lwip-2.2.2/src/core/ipv4/ip4_frag.o
                0x0800d528                ip_reass_tmr
 .text.ip4_reass
                0x0800d554      0x3a0 ./lwip-2.2.2/src/core/ipv4/ip4_frag.o
                0x0800d554                ip4_reass
 .text.ip4_frag
                0x0800d8f4      0x1c4 ./lwip-2.2.2/src/core/ipv4/ip4_frag.o
                0x0800d8f4                ip4_frag
 .text.ethernet_input
                0x0800dab8       0xa0 ./lwip-2.2.2/src/netif/ethernet.o
                0x0800dab8                ethernet_input
 .text.ethernet_output
                0x0800db58       0x70 ./lwip-2.2.2/src/netif/ethernet.o
                0x0800db58                ethernet_output
 .text.sys_init
                0x0800dbc8        0x2 ./lwip-2.2.2/system/os/sys_arch.o
                0x0800dbc8                sys_init
 .text.sys_now  0x0800dbca        0x4 ./lwip-2.2.2/system/os/sys_arch.o
                0x0800dbca                sys_now
 .text.sys_arch_protect
                0x0800dbce        0xa ./lwip-2.2.2/system/os/sys_arch.o
                0x0800dbce                sys_arch_protect
 .text.sys_arch_unprotect
                0x0800dbd8        0x4 ./lwip-2.2.2/system/os/sys_arch.o
                0x0800dbd8                sys_arch_unprotect
 .text.sys_mutex_new
                0x0800dbdc       0x30 ./lwip-2.2.2/system/os/sys_arch.o
                0x0800dbdc                sys_mutex_new
 .text.sys_mutex_lock
                0x0800dc0c       0x58 ./lwip-2.2.2/system/os/sys_arch.o
                0x0800dc0c                sys_mutex_lock
 .text.sys_mutex_unlock
                0x0800dc64       0x54 ./lwip-2.2.2/system/os/sys_arch.o
                0x0800dc64                sys_mutex_unlock
 .text.sys_sem_new
                0x0800dcb8       0x74 ./lwip-2.2.2/system/os/sys_arch.o
                0x0800dcb8                sys_sem_new
 .text.sys_sem_signal
                0x0800dd2c       0x60 ./lwip-2.2.2/system/os/sys_arch.o
                0x0800dd2c                sys_sem_signal
 .text.sys_arch_sem_wait
                0x0800dd8c       0x78 ./lwip-2.2.2/system/os/sys_arch.o
                0x0800dd8c                sys_arch_sem_wait
 .text.sys_sem_free
                0x0800de04       0x44 ./lwip-2.2.2/system/os/sys_arch.o
                0x0800de04                sys_sem_free
 .text.sys_mbox_new
                0x0800de48       0x50 ./lwip-2.2.2/system/os/sys_arch.o
                0x0800de48                sys_mbox_new
 .text.sys_mbox_trypost
                0x0800de98       0x68 ./lwip-2.2.2/system/os/sys_arch.o
                0x0800de98                sys_mbox_trypost
 .text.sys_arch_mbox_fetch
                0x0800df00       0x88 ./lwip-2.2.2/system/os/sys_arch.o
                0x0800df00                sys_arch_mbox_fetch
 .text.sys_arch_mbox_tryfetch
                0x0800df88       0x70 ./lwip-2.2.2/system/os/sys_arch.o
                0x0800df88                sys_arch_mbox_tryfetch
 .text.sys_mbox_free
                0x0800dff8       0x40 ./lwip-2.2.2/system/os/sys_arch.o
                0x0800dff8                sys_mbox_free
 .text.sys_thread_new
                0x0800e038       0x5c ./lwip-2.2.2/system/os/sys_arch.o
                0x0800e038                sys_thread_new
 .text.rand     0x0800e094       0x7c C:/ST/STM32CubeIDE_1.12.1/STM32CubeIDE/plugins/com.st.stm32cube.ide.mcu.externaltools.gnu-tools-for-stm32.13.3.rel1.win32_1.0.0.202411081344/tools/bin/../lib/gcc/arm-none-eabi/13.3.1/../../../../arm-none-eabi/lib/thumb/v7e-m+dp/hard\libc_nano.a(libc_a-rand.o)
                0x0800e094                rand
 .text.std      0x0800e110       0x6c C:/ST/STM32CubeIDE_1.12.1/STM32CubeIDE/plugins/com.st.stm32cube.ide.mcu.externaltools.gnu-tools-for-stm32.13.3.rel1.win32_1.0.0.202411081344/tools/bin/../lib/gcc/arm-none-eabi/13.3.1/../../../../arm-none-eabi/lib/thumb/v7e-m+dp/hard\libc_nano.a(libc_a-findfp.o)
 .text.stdio_exit_handler
                0x0800e17c       0x18 C:/ST/STM32CubeIDE_1.12.1/STM32CubeIDE/plugins/com.st.stm32cube.ide.mcu.externaltools.gnu-tools-for-stm32.13.3.rel1.win32_1.0.0.202411081344/tools/bin/../lib/gcc/arm-none-eabi/13.3.1/../../../../arm-none-eabi/lib/thumb/v7e-m+dp/hard\libc_nano.a(libc_a-findfp.o)
 .text.cleanup_stdio
                0x0800e194       0x40 C:/ST/STM32CubeIDE_1.12.1/STM32CubeIDE/plugins/com.st.stm32cube.ide.mcu.externaltools.gnu-tools-for-stm32.13.3.rel1.win32_1.0.0.202411081344/tools/bin/../lib/gcc/arm-none-eabi/13.3.1/../../../../arm-none-eabi/lib/thumb/v7e-m+dp/hard\libc_nano.a(libc_a-findfp.o)
 .text.global_stdio_init.part.0
                0x0800e1d4       0x3c C:/ST/STM32CubeIDE_1.12.1/STM32CubeIDE/plugins/com.st.stm32cube.ide.mcu.externaltools.gnu-tools-for-stm32.13.3.rel1.win32_1.0.0.202411081344/tools/bin/../lib/gcc/arm-none-eabi/13.3.1/../../../../arm-none-eabi/lib/thumb/v7e-m+dp/hard\libc_nano.a(libc_a-findfp.o)
 .text.__sfp_lock_acquire
                0x0800e210        0xc C:/ST/STM32CubeIDE_1.12.1/STM32CubeIDE/plugins/com.st.stm32cube.ide.mcu.externaltools.gnu-tools-for-stm32.13.3.rel1.win32_1.0.0.202411081344/tools/bin/../lib/gcc/arm-none-eabi/13.3.1/../../../../arm-none-eabi/lib/thumb/v7e-m+dp/hard\libc_nano.a(libc_a-findfp.o)
                0x0800e210                __sfp_lock_acquire
 .text.__sfp_lock_release
                0x0800e21c        0xc C:/ST/STM32CubeIDE_1.12.1/STM32CubeIDE/plugins/com.st.stm32cube.ide.mcu.externaltools.gnu-tools-for-stm32.13.3.rel1.win32_1.0.0.202411081344/tools/bin/../lib/gcc/arm-none-eabi/13.3.1/../../../../arm-none-eabi/lib/thumb/v7e-m+dp/hard\libc_nano.a(libc_a-findfp.o)
                0x0800e21c                __sfp_lock_release
 .text.__sinit  0x0800e228       0x30 C:/ST/STM32CubeIDE_1.12.1/STM32CubeIDE/plugins/com.st.stm32cube.ide.mcu.externaltools.gnu-tools-for-stm32.13.3.rel1.win32_1.0.0.202411081344/tools/bin/../lib/gcc/arm-none-eabi/13.3.1/../../../../arm-none-eabi/lib/thumb/v7e-m+dp/hard\libc_nano.a(libc_a-findfp.o)
                0x0800e228                __sinit
 .text._fwalk_sglue
                0x0800e258       0x3c C:/ST/STM32CubeIDE_1.12.1/STM32CubeIDE/plugins/com.st.stm32cube.ide.mcu.externaltools.gnu-tools-for-stm32.13.3.rel1.win32_1.0.0.202411081344/tools/bin/../lib/gcc/arm-none-eabi/13.3.1/../../../../arm-none-eabi/lib/thumb/v7e-m+dp/hard\libc_nano.a(libc_a-fwalk.o)
                0x0800e258                _fwalk_sglue
 .text.printf   0x0800e294       0x24 C:/ST/STM32CubeIDE_1.12.1/STM32CubeIDE/plugins/com.st.stm32cube.ide.mcu.externaltools.gnu-tools-for-stm32.13.3.rel1.win32_1.0.0.202411081344/tools/bin/../lib/gcc/arm-none-eabi/13.3.1/../../../../arm-none-eabi/lib/thumb/v7e-m+dp/hard\libc_nano.a(libc_a-printf.o)
                0x0800e294                iprintf
                0x0800e294                printf
 .text._puts_r  0x0800e2b8       0xaa C:/ST/STM32CubeIDE_1.12.1/STM32CubeIDE/plugins/com.st.stm32cube.ide.mcu.externaltools.gnu-tools-for-stm32.13.3.rel1.win32_1.0.0.202411081344/tools/bin/../lib/gcc/arm-none-eabi/13.3.1/../../../../arm-none-eabi/lib/thumb/v7e-m+dp/hard\libc_nano.a(libc_a-puts.o)
                0x0800e2b8                _puts_r
 *fill*         0x0800e362        0x2 
 .text.puts     0x0800e364       0x10 C:/ST/STM32CubeIDE_1.12.1/STM32CubeIDE/plugins/com.st.stm32cube.ide.mcu.externaltools.gnu-tools-for-stm32.13.3.rel1.win32_1.0.0.202411081344/tools/bin/../lib/gcc/arm-none-eabi/13.3.1/../../../../arm-none-eabi/lib/thumb/v7e-m+dp/hard\libc_nano.a(libc_a-puts.o)
                0x0800e364                puts
 .text.__sread  0x0800e374       0x22 C:/ST/STM32CubeIDE_1.12.1/STM32CubeIDE/plugins/com.st.stm32cube.ide.mcu.externaltools.gnu-tools-for-stm32.13.3.rel1.win32_1.0.0.202411081344/tools/bin/../lib/gcc/arm-none-eabi/13.3.1/../../../../arm-none-eabi/lib/thumb/v7e-m+dp/hard\libc_nano.a(libc_a-stdio.o)
                0x0800e374                __sread
 .text.__swrite
                0x0800e396       0x38 C:/ST/STM32CubeIDE_1.12.1/STM32CubeIDE/plugins/com.st.stm32cube.ide.mcu.externaltools.gnu-tools-for-stm32.13.3.rel1.win32_1.0.0.202411081344/tools/bin/../lib/gcc/arm-none-eabi/13.3.1/../../../../arm-none-eabi/lib/thumb/v7e-m+dp/hard\libc_nano.a(libc_a-stdio.o)
                0x0800e396                __swrite
 .text.__sseek  0x0800e3ce       0x24 C:/ST/STM32CubeIDE_1.12.1/STM32CubeIDE/plugins/com.st.stm32cube.ide.mcu.externaltools.gnu-tools-for-stm32.13.3.rel1.win32_1.0.0.202411081344/tools/bin/../lib/gcc/arm-none-eabi/13.3.1/../../../../arm-none-eabi/lib/thumb/v7e-m+dp/hard\libc_nano.a(libc_a-stdio.o)
                0x0800e3ce                __sseek
 .text.__sclose
                0x0800e3f2        0x8 C:/ST/STM32CubeIDE_1.12.1/STM32CubeIDE/plugins/com.st.stm32cube.ide.mcu.externaltools.gnu-tools-for-stm32.13.3.rel1.win32_1.0.0.202411081344/tools/bin/../lib/gcc/arm-none-eabi/13.3.1/../../../../arm-none-eabi/lib/thumb/v7e-m+dp/hard\libc_nano.a(libc_a-stdio.o)
                0x0800e3f2                __sclose
 .text.__swbuf_r
                0x0800e3fa       0x7c C:/ST/STM32CubeIDE_1.12.1/STM32CubeIDE/plugins/com.st.stm32cube.ide.mcu.externaltools.gnu-tools-for-stm32.13.3.rel1.win32_1.0.0.202411081344/tools/bin/../lib/gcc/arm-none-eabi/13.3.1/../../../../arm-none-eabi/lib/thumb/v7e-m+dp/hard\libc_nano.a(libc_a-wbuf.o)
                0x0800e3fa                __swbuf_r
 *fill*         0x0800e476        0x2 
 .text.__swsetup_r
                0x0800e478       0xac C:/ST/STM32CubeIDE_1.12.1/STM32CubeIDE/plugins/com.st.stm32cube.ide.mcu.externaltools.gnu-tools-for-stm32.13.3.rel1.win32_1.0.0.202411081344/tools/bin/../lib/gcc/arm-none-eabi/13.3.1/../../../../arm-none-eabi/lib/thumb/v7e-m+dp/hard\libc_nano.a(libc_a-wsetup.o)
                0x0800e478                __swsetup_r