Archive member included to satisfy reference by file (symbol)

C:/ST/STM32CubeIDE_1.12.1/STM32CubeIDE/plugins/com.st.stm32cube.ide.mcu.externaltools.gnu-tools-for-stm32.13.3.rel1.win32_1.0.0.202411081344/tools/bin/../lib/gcc/arm-none-eabi/13.3.1/../../../../arm-none-eabi/lib/thumb/v7e-m+dp/hard\libc_nano.a(libc_a-atoi.o)
                              ./lwip-2.2.2/src/apps/http/http_client.o (atoi)
C:/ST/STM32CubeIDE_1.12.1/STM32CubeIDE/plugins/com.st.stm32cube.ide.mcu.externaltools.gnu-tools-for-stm32.13.3.rel1.win32_1.0.0.202411081344/tools/bin/../lib/gcc/arm-none-eabi/13.3.1/../../../../arm-none-eabi/lib/thumb/v7e-m+dp/hard\libc_nano.a(libc_a-exit.o)
                              C:/ST/STM32CubeIDE_1.12.1/STM32CubeIDE/plugins/com.st.stm32cube.ide.mcu.externaltools.gnu-tools-for-stm32.13.3.rel1.win32_1.0.0.202411081344/tools/bin/../lib/gcc/arm-none-eabi/13.3.1/../../../../arm-none-eabi/lib/thumb/v7e-m+dp/hard/crt0.o (exit)
C:/ST/STM32CubeIDE_1.12.1/STM32CubeIDE/plugins/com.st.stm32cube.ide.mcu.externaltools.gnu-tools-for-stm32.13.3.rel1.win32_1.0.0.202411081344/tools/bin/../lib/gcc/arm-none-eabi/13.3.1/../../../../arm-none-eabi/lib/thumb/v7e-m+dp/hard\libc_nano.a(libc_a-malloc.o)
                              ./fatfs_r0.15b/drivers/tm_stm32f7_fatfs.o (malloc)
C:/ST/STM32CubeIDE_1.12.1/STM32CubeIDE/plugins/com.st.stm32cube.ide.mcu.externaltools.gnu-tools-for-stm32.13.3.rel1.win32_1.0.0.202411081344/tools/bin/../lib/gcc/arm-none-eabi/13.3.1/../../../../arm-none-eabi/lib/thumb/v7e-m+dp/hard\libc_nano.a(libc_a-mallocr.o)
                              C:/ST/STM32CubeIDE_1.12.1/STM32CubeIDE/plugins/com.st.stm32cube.ide.mcu.externaltools.gnu-tools-for-stm32.13.3.rel1.win32_1.0.0.202411081344/tools/bin/../lib/gcc/arm-none-eabi/13.3.1/../../../../arm-none-eabi/lib/thumb/v7e-m+dp/hard\libc_nano.a(libc_a-malloc.o) (_malloc_r)
C:/ST/STM32CubeIDE_1.12.1/STM32CubeIDE/plugins/com.st.stm32cube.ide.mcu.externaltools.gnu-tools-for-stm32.13.3.rel1.win32_1.0.0.202411081344/tools/bin/../lib/gcc/arm-none-eabi/13.3.1/../../../../arm-none-eabi/lib/thumb/v7e-m+dp/hard\libc_nano.a(libc_a-mlock.o)
                              C:/ST/STM32CubeIDE_1.12.1/STM32CubeIDE/plugins/com.st.stm32cube.ide.mcu.externaltools.gnu-tools-for-stm32.13.3.rel1.win32_1.0.0.202411081344/tools/bin/../lib/gcc/arm-none-eabi/13.3.1/../../../../arm-none-eabi/lib/thumb/v7e-m+dp/hard\libc_nano.a(libc_a-mallocr.o) (__malloc_lock)
C:/ST/STM32CubeIDE_1.12.1/STM32CubeIDE/plugins/com.st.stm32cube.ide.mcu.externaltools.gnu-tools-for-stm32.13.3.rel1.win32_1.0.0.202411081344/tools/bin/../lib/gcc/arm-none-eabi/13.3.1/../../../../arm-none-eabi/lib/thumb/v7e-m+dp/hard\libc_nano.a(libc_a-rand.o)
                              ./lwip-2.2.2/src/apps/sntp/sntp.o (rand)
C:/ST/STM32CubeIDE_1.12.1/STM32CubeIDE/plugins/com.st.stm32cube.ide.mcu.externaltools.gnu-tools-for-stm32.13.3.rel1.win32_1.0.0.202411081344/tools/bin/../lib/gcc/arm-none-eabi/13.3.1/../../../../arm-none-eabi/lib/thumb/v7e-m+dp/hard\libc_nano.a(libc_a-strtol.o)
                              C:/ST/STM32CubeIDE_1.12.1/STM32CubeIDE/plugins/com.st.stm32cube.ide.mcu.externaltools.gnu-tools-for-stm32.13.3.rel1.win32_1.0.0.202411081344/tools/bin/../lib/gcc/arm-none-eabi/13.3.1/../../../../arm-none-eabi/lib/thumb/v7e-m+dp/hard\libc_nano.a(libc_a-atoi.o) (_strtol_r)
C:/ST/STM32CubeIDE_1.12.1/STM32CubeIDE/plugins/com.st.stm32cube.ide.mcu.externaltools.gnu-tools-for-stm32.13.3.rel1.win32_1.0.0.202411081344/tools/bin/../lib/gcc/arm-none-eabi/13.3.1/../../../../arm-none-eabi/lib/thumb/v7e-m+dp/hard\libc_nano.a(libc_a-ctype_.o)
                              ./lwip-2.2.2/src/apps/netbiosns/netbiosns.o (_ctype_)
C:/ST/STM32CubeIDE_1.12.1/STM32CubeIDE/plugins/com.st.stm32cube.ide.mcu.externaltools.gnu-tools-for-stm32.13.3.rel1.win32_1.0.0.202411081344/tools/bin/../lib/gcc/arm-none-eabi/13.3.1/../../../../arm-none-eabi/lib/thumb/v7e-m+dp/hard\libc_nano.a(libc_a-findfp.o)
                              C:/ST/STM32CubeIDE_1.12.1/STM32CubeIDE/plugins/com.st.stm32cube.ide.mcu.externaltools.gnu-tools-for-stm32.13.3.rel1.win32_1.0.0.202411081344/tools/bin/../lib/gcc/arm-none-eabi/13.3.1/../../../../arm-none-eabi/lib/thumb/v7e-m+dp/hard\libc_nano.a(libc_a-exit.o) (__stdio_exit_handler)
C:/ST/STM32CubeIDE_1.12.1/STM32CubeIDE/plugins/com.st.stm32cube.ide.mcu.externaltools.gnu-tools-for-stm32.13.3.rel1.win32_1.0.0.202411081344/tools/bin/../lib/gcc/arm-none-eabi/13.3.1/../../../../arm-none-eabi/lib/thumb/v7e-m+dp/hard\libc_nano.a(libc_a-fwalk.o)
                              C:/ST/STM32CubeIDE_1.12.1/STM32CubeIDE/plugins/com.st.stm32cube.ide.mcu.externaltools.gnu-tools-for-stm32.13.3.rel1.win32_1.0.0.202411081344/tools/bin/../lib/gcc/arm-none-eabi/13.3.1/../../../../arm-none-eabi/lib/thumb/v7e-m+dp/hard\libc_nano.a(libc_a-findfp.o) (_fwalk_sglue)
[...]
Memory Configuration

Name             Origin             Length             Attributes
RAM              0x20000000         0x00080000         xrw
FLASH            0x08000000         0x00200000         xr
*default*        0x00000000         0xffffffff

Linker script and memory map

LOAD C:/ST/STM32CubeIDE_1.12.1/STM32CubeIDE/plugins/com.st.stm32cube.ide.mcu.externaltools.gnu-tools-for-stm32.13.3.rel1.win32_1.0.0.202411081344/tools/bin/../lib/gcc/arm-none-eabi/13.3.1/thumb/v7e-m+dp/hard/crti.o
LOAD C:/ST/STM32CubeIDE_1.12.1/STM32CubeIDE/plugins/com.st.stm32cube.ide.mcu.externaltools.gnu-tools-for-stm32.13.3.rel1.win32_1.0.0.202411081344/tools/bin/../lib/gcc/arm-none-eabi/13.3.1/thumb/v7e-m+dp/hard/crtbegin.o
LOAD C:/ST/STM32CubeIDE_1.12.1/STM32CubeIDE/plugins/com.st.stm32cube.ide.mcu.externaltools.gnu-tools-for-stm32.13.3.rel1.win32_1.0.0.202411081344/tools/bin/../lib/gcc/arm-none-eabi/13.3.1/../../../../arm-none-eabi/lib/thumb/v7e-m+dp/hard/crt0.o
LOAD ./Bsp/button.o
LOAD ./Bsp/lan8742.o
LOAD ./Core/Src/app_ethernet.o
LOAD ./Core/Src/ethernetif.o
LOAD ./Core/Src/httpserver-netconn.o
LOAD ./Core/Src/lwiperf_example.o
LOAD ./Core/Src/main.o
LOAD ./Core/Src/stm32f7xx_hal_msp.o
LOAD ./Core/Src/stm32f7xx_hal_timebase_tim.o
LOAD ./Core/Src/stm32f7xx_it.o
LOAD ./Core/Src/syscalls.o
LOAD ./Core/Src/sysmem.o
LOAD ./Core/Src/system_stm32f7xx.o
LOAD ./Core/Startup/startup_stm32f767zitx.o
LOAD ./Drivers/STM32F7xx_HAL_Driver/Src/stm32f7xx_hal.o
LOAD ./Drivers/STM32F7xx_HAL_Driver/Src/stm32f7xx_hal_cortex.o
LOAD ./Drivers/STM32F7xx_HAL_Driver/Src/stm32f7xx_hal_dma.o
LOAD ./Drivers/STM32F7xx_HAL_Driver/Src/stm32f7xx_hal_dma_ex.o
LOAD ./Drivers/STM32F7xx_HAL_Driver/Src/stm32f7xx_hal_eth.o
LOAD ./Drivers/STM32F7xx_HAL_Driver/Src/stm32f7xx_hal_exti.o
LOAD ./Drivers/STM32F7xx_HAL_Driver/Src/stm32f7xx_hal_flash.o
LOAD ./Drivers/STM32F7xx_HAL_Driver/Src/stm32f7xx_hal_flash_ex.o
LOAD ./Drivers/STM32F7xx_HAL_Driver/Src/stm32f7xx_hal_gpio.o
LOAD ./Drivers/STM32F7xx_HAL_Driver/Src/stm32f7xx_hal_i2c.o
LOAD ./Drivers/STM32F7xx_HAL_Driver/Src/stm32f7xx_hal_i2c_ex.o
LOAD ./Drivers/STM32F7xx_HAL_Driver/Src/stm32f7xx_hal_pcd.o
LOAD ./Drivers/STM32F7xx_HAL_Driver/Src/stm32f7xx_hal_pcd_ex.o
LOAD ./Drivers/STM32F7xx_HAL_Driver/Src/stm32f7xx_hal_pwr.o
LOAD ./Drivers/STM32F7xx_HAL_Driver/Src/stm32f7xx_hal_pwr_ex.o
LOAD ./Drivers/STM32F7xx_HAL_Driver/Src/stm32f7xx_hal_rcc.o
LOAD ./Drivers/STM32F7xx_HAL_Driver/Src/stm32f7xx_hal_rcc_ex.o
LOAD ./Drivers/STM32F7xx_HAL_Driver/Src/stm32f7xx_hal_sd.o
LOAD ./Drivers/STM32F7xx_HAL_Driver/Src/stm32f7xx_hal_sdram.o
LOAD ./Drivers/STM32F7xx_HAL_Driver/Src/stm32f7xx_hal_smartcard.o
LOAD ./Drivers/STM32F7xx_HAL_Driver/Src/stm32f7xx_hal_smartcard_ex.o
LOAD ./Drivers/STM32F7xx_HAL_Driver/Src/stm32f7xx_hal_spdifrx.o
LOAD ./Drivers/STM32F7xx_HAL_Driver/Src/stm32f7xx_hal_spi.o
LOAD ./Drivers/STM32F7xx_HAL_Driver/Src/stm32f7xx_hal_sram.o
LOAD ./Drivers/STM32F7xx_HAL_Driver/Src/stm32f7xx_hal_tim.o
LOAD ./Drivers/STM32F7xx_HAL_Driver/Src/stm32f7xx_hal_tim_ex.o
LOAD ./Drivers/STM32F7xx_HAL_Driver/Src/stm32f7xx_hal_uart.o
LOAD ./Drivers/STM32F7xx_HAL_Driver/Src/stm32f7xx_hal_uart_ex.o
LOAD ./Drivers/STM32F7xx_HAL_Driver/Src/stm32f7xx_ll_adc.o
LOAD ./Drivers/STM32F7xx_HAL_Driver/Src/stm32f7xx_ll_crc.o
LOAD ./Drivers/STM32F7xx_HAL_Driver/Src/stm32f7xx_ll_dac.o
LOAD ./Drivers/STM32F7xx_HAL_Driver/Src/stm32f7xx_ll_dma.o
LOAD ./Drivers/STM32F7xx_HAL_Driver/Src/stm32f7xx_ll_dma2d.o
LOAD ./Drivers/STM32F7xx_HAL_Driver/Src/stm32f7xx_ll_exti.o
LOAD ./Drivers/STM32F7xx_HAL_Driver/Src/stm32f7xx_ll_fmc.o
LOAD ./Drivers/STM32F7xx_HAL_Driver/Src/stm32f7xx_ll_gpio.o
LOAD ./Drivers/STM32F7xx_HAL_Driver/Src/stm32f7xx_ll_i2c.o
LOAD ./Drivers/STM32F7xx_HAL_Driver/Src/stm32f7xx_ll_lptim.o
LOAD ./Drivers/STM32F7xx_HAL_Driver/Src/stm32f7xx_ll_pwr.o
LOAD ./Drivers/STM32F7xx_HAL_Driver/Src/stm32f7xx_ll_rcc.o
LOAD ./Drivers/STM32F7xx_HAL_Driver/Src/stm32f7xx_ll_rng.o
LOAD ./Drivers/STM32F7xx_HAL_Driver/Src/stm32f7xx_ll_rtc.o
LOAD ./Drivers/STM32F7xx_HAL_Driver/Src/stm32f7xx_ll_sdmmc.o
LOAD ./Drivers/STM32F7xx_HAL_Driver/Src/stm32f7xx_ll_spi.o
LOAD ./Drivers/STM32F7xx_HAL_Driver/Src/stm32f7xx_ll_tim.o
LOAD ./Drivers/STM32F7xx_HAL_Driver/Src/stm32f7xx_ll_usart.o
LOAD ./Drivers/STM32F7xx_HAL_Driver/Src/stm32f7xx_ll_usb.o
LOAD ./Drivers/STM32F7xx_HAL_Driver/Src/stm32f7xx_ll_utils.o
LOAD ./fatfs_r0.15b/drivers/sdio_sd.o
LOAD ./fatfs_r0.15b/drivers/tm_stm32f7_fatfs.o
LOAD ./fatfs_r0.15b/source/diskio.o
LOAD ./fatfs_r0.15b/source/ff.o
LOAD ./fatfs_r0.15b/source/ffsystem.o
LOAD ./fatfs_r0.15b/source/ffunicode.o
LOAD ./freertos/croutine.o
LOAD ./freertos/event_groups.o
LOAD ./freertos/list.o
LOAD ./freertos/queue.o
LOAD ./freertos/stream_buffer.o
LOAD ./freertos/tasks.o
LOAD ./freertos/timers.o
LOAD ./freertos/portable/heap_4.o
LOAD ./freertos/portable/port.o
LOAD ./letter-shell-3.x/drivers/shell_port.o
LOAD ./letter-shell-3.x/drivers/usart.o
LOAD ./letter-shell-3.x/src/shell.o
LOAD ./letter-shell-3.x/src/shell_cmd_list.o
LOAD ./letter-shell-3.x/src/shell_companion.o
LOAD ./letter-shell-3.x/src/shell_ext.o
LOAD ./lwip-2.2.2/src/api/api_lib.o
LOAD ./lwip-2.2.2/src/api/api_msg.o
LOAD ./lwip-2.2.2/src/api/err.o
LOAD ./lwip-2.2.2/src/api/if_api.o
LOAD ./lwip-2.2.2/src/api/netbuf.o
LOAD ./lwip-2.2.2/src/api/netdb.o
LOAD ./lwip-2.2.2/src/api/netifapi.o
LOAD ./lwip-2.2.2/src/api/sockets.o
LOAD ./lwip-2.2.2/src/api/tcpip.o
LOAD ./lwip-2.2.2/src/apps/altcp_tls/altcp_tls_mbedtls.o
LOAD ./lwip-2.2.2/src/apps/altcp_tls/altcp_tls_mbedtls_mem.o
LOAD ./lwip-2.2.2/src/apps/http/altcp_proxyconnect.o
LOAD ./lwip-2.2.2/src/apps/http/fs.o
LOAD ./lwip-2.2.2/src/apps/http/http_client.o
LOAD ./lwip-2.2.2/src/apps/http/httpd.o
LOAD ./lwip-2.2.2/src/apps/lwiperf/lwiperf.o
LOAD ./lwip-2.2.2/src/apps/mdns/mdns.o
LOAD ./lwip-2.2.2/src/apps/mdns/mdns_domain.o
LOAD ./lwip-2.2.2/src/apps/mdns/mdns_out.o
LOAD ./lwip-2.2.2/src/apps/mqtt/mqtt.o
LOAD ./lwip-2.2.2/src/apps/netbiosns/netbiosns.o
LOAD ./lwip-2.2.2/src/apps/smtp/smtp.o
LOAD ./lwip-2.2.2/src/apps/snmp/snmp_asn1.o
LOAD ./lwip-2.2.2/src/apps/snmp/snmp_core.o
LOAD ./lwip-2.2.2/src/apps/snmp/snmp_mib2.o
LOAD ./lwip-2.2.2/src/apps/snmp/snmp_mib2_icmp.o
LOAD ./lwip-2.2.2/src/apps/snmp/snmp_mib2_interfaces.o
LOAD ./lwip-2.2.2/src/apps/snmp/snmp_mib2_ip.o
LOAD ./lwip-2.2.2/src/apps/snmp/snmp_mib2_snmp.o
LOAD ./lwip-2.2.2/src/apps/snmp/snmp_mib2_system.o
LOAD ./lwip-2.2.2/src/apps/snmp/snmp_mib2_tcp.o
LOAD ./lwip-2.2.2/src/apps/snmp/snmp_mib2_udp.o
LOAD ./lwip-2.2.2/src/apps/snmp/snmp_msg.o
LOAD ./lwip-2.2.2/src/apps/snmp/snmp_netconn.o
LOAD ./lwip-2.2.2/src/apps/snmp/snmp_pbuf_stream.o
LOAD ./lwip-2.2.2/src/apps/snmp/snmp_raw.o
LOAD ./lwip-2.2.2/src/apps/snmp/snmp_scalar.o
LOAD ./lwip-2.2.2/src/apps/snmp/snmp_snmpv2_framework.o
LOAD ./lwip-2.2.2/src/apps/snmp/snmp_snmpv2_usm.o
LOAD ./lwip-2.2.2/src/apps/snmp/snmp_table.o
LOAD ./lwip-2.2.2/src/apps/snmp/snmp_threadsync.o
LOAD ./lwip-2.2.2/src/apps/snmp/snmp_traps.o
LOAD ./lwip-2.2.2/src/apps/snmp/snmpv3.o
LOAD ./lwip-2.2.2/src/apps/snmp/snmpv3_mbedtls.o
LOAD ./lwip-2.2.2/src/apps/sntp/sntp.o
LOAD ./lwip-2.2.2/src/apps/tftp/tftp.o
LOAD ./lwip-2.2.2/src/core/altcp.o
LOAD ./lwip-2.2.2/src/core/altcp_alloc.o
LOAD ./lwip-2.2.2/src/core/altcp_tcp.o
LOAD ./lwip-2.2.2/src/core/def.o
LOAD ./lwip-2.2.2/src/core/dns.o
LOAD ./lwip-2.2.2/src/core/inet_chksum.o
LOAD ./lwip-2.2.2/src/core/init.o
LOAD ./lwip-2.2.2/src/core/ip.o
LOAD ./lwip-2.2.2/src/core/mem.o
LOAD ./lwip-2.2.2/src/core/memp.o
LOAD ./lwip-2.2.2/src/core/netif.o
LOAD ./lwip-2.2.2/src/core/pbuf.o
LOAD ./lwip-2.2.2/src/core/raw.o
LOAD ./lwip-2.2.2/src/core/stats.o
LOAD ./lwip-2.2.2/src/core/sys.o
LOAD ./lwip-2.2.2/src/core/tcp.o
LOAD ./lwip-2.2.2/src/core/tcp_in.o
LOAD ./lwip-2.2.2/src/core/tcp_out.o
LOAD ./lwip-2.2.2/src/core/timeouts.o
LOAD ./lwip-2.2.2/src/core/udp.o
LOAD ./lwip-2.2.2/src/core/ipv4/acd.o
LOAD ./lwip-2.2.2/src/core/ipv4/autoip.o
LOAD ./lwip-2.2.2/src/core/ipv4/dhcp.o
LOAD ./lwip-2.2.2/src/core/ipv4/etharp.o
LOAD ./lwip-2.2.2/src/core/ipv4/icmp.o
LOAD ./lwip-2.2.2/src/core/ipv4/igmp.o
LOAD ./lwip-2.2.2/src/core/ipv4/ip4.o
LOAD ./lwip-2.2.2/src/core/ipv4/ip4_addr.o
LOAD ./lwip-2.2.2/src/core/ipv4/ip4_frag.o
LOAD ./lwip-2.2.2/src/core/ipv6/dhcp6.o
LOAD ./lwip-2.2.2/src/core/ipv6/ethip6.o
LOAD ./lwip-2.2.2/src/core/ipv6/icmp6.o
LOAD ./lwip-2.2.2/src/core/ipv6/inet6.o
LOAD ./lwip-2.2.2/src/core/ipv6/ip6.o
LOAD ./lwip-2.2.2/src/core/ipv6/ip6_addr.o
LOAD ./lwip-2.2.2/src/core/ipv6/ip6_frag.o
LOAD ./lwip-2.2.2/src/core/ipv6/mld6.o
LOAD ./lwip-2.2.2/src/core/ipv6/nd6.o
LOAD ./lwip-2.2.2/src/netif/bridgeif.o
LOAD ./lwip-2.2.2/src/netif/bridgeif_fdb.o
LOAD ./lwip-2.2.2/src/netif/ethernet.o
LOAD ./lwip-2.2.2/src/netif/lowpan6.o
LOAD ./lwip-2.2.2/src/netif/lowpan6_ble.o
LOAD ./lwip-2.2.2/src/netif/lowpan6_common.o
LOAD ./lwip-2.2.2/src/netif/slipif.o
LOAD ./lwip-2.2.2/src/netif/zepif.o
LOAD ./lwip-2.2.2/src/netif/ppp/auth.o
LOAD ./lwip-2.2.2/src/netif/ppp/ccp.o
LOAD ./lwip-2.2.2/src/netif/ppp/chap-md5.o
LOAD ./lwip-2.2.2/src/netif/ppp/chap-new.o
LOAD ./lwip-2.2.2/src/netif/ppp/chap_ms.o
LOAD ./lwip-2.2.2/src/netif/ppp/demand.o
LOAD ./lwip-2.2.2/src/netif/ppp/eap.o
LOAD ./lwip-2.2.2/src/netif/ppp/ecp.o
LOAD ./lwip-2.2.2/src/netif/ppp/eui64.o
LOAD ./lwip-2.2.2/src/netif/ppp/fsm.o
LOAD ./lwip-2.2.2/src/netif/ppp/ipcp.o
LOAD ./lwip-2.2.2/src/netif/ppp/ipv6cp.o
LOAD ./lwip-2.2.2/src/netif/ppp/lcp.o
LOAD ./lwip-2.2.2/src/netif/ppp/magic.o
LOAD ./lwip-2.2.2/src/netif/ppp/mppe.o
LOAD ./lwip-2.2.2/src/netif/ppp/multilink.o
LOAD ./lwip-2.2.2/src/netif/ppp/ppp.o
LOAD ./lwip-2.2.2/src/netif/ppp/pppapi.o
LOAD ./lwip-2.2.2/src/netif/ppp/pppcrypt.o
LOAD ./lwip-2.2.2/src/netif/ppp/pppoe.o
LOAD ./lwip-2.2.2/src/netif/ppp/pppol2tp.o
LOAD ./lwip-2.2.2/src/netif/ppp/pppos.o
LOAD ./lwip-2.2.2/src/netif/ppp/upap.o
LOAD ./lwip-2.2.2/src/netif/ppp/utils.o
LOAD ./lwip-2.2.2/src/netif/ppp/vj.o
LOAD ./lwip-2.2.2/src/netif/ppp/polarssl/arc4.o
LOAD ./lwip-2.2.2/src/netif/ppp/polarssl/des.o
LOAD ./lwip-2.2.2/src/netif/ppp/polarssl/md4.o
LOAD ./lwip-2.2.2/src/netif/ppp/polarssl/md5.o
LOAD ./lwip-2.2.2/src/netif/ppp/polarssl/sha1.o
LOAD ./lwip-2.2.2/system/os/sys_arch.o
START GROUP
LOAD C:/ST/STM32CubeIDE_1.12.1/STM32CubeIDE/plugins/com.st.stm32cube.ide.mcu.externaltools.gnu-tools-for-stm32.13.3.rel1.win32_1.0.0.202411081344/tools/bin/../lib/gcc/arm-none-eabi/13.3.1/../../../../arm-none-eabi/lib/thumb/v7e-m+dp/hard\libc_nano.a
LOAD C:/ST/STM32CubeIDE_1.12.1/STM32CubeIDE/plugins/com.st.stm32cube.ide.mcu.externaltools.gnu-tools-for-stm32.13.3.rel1.win32_1.0.0.202411081344/tools/bin/../lib/gcc/arm-none-eabi/13.3.1/../../../../arm-none-eabi/lib/thumb/v7e-m+dp/hard\libm.a
END GROUP
START GROUP
LOAD C:/ST/STM32CubeIDE_1.12.1/STM32CubeIDE/plugins/com.st.stm32cube.ide.mcu.externaltools.gnu-tools-for-stm32.13.3.rel1.win32_1.0.0.202411081344/tools/bin/../lib/gcc/arm-none-eabi/13.3.1/thumb/v7e-m+dp/hard\libgcc.a
LOAD C:/ST/STM32CubeIDE_1.12.1/STM32CubeIDE/plugins/com.st.stm32cube.ide.mcu.externaltools.gnu-tools-for-stm32.13.3.rel1.win32_1.0.0.202411081344/tools/bin/../lib/gcc/arm-none-eabi/13.3.1/../../../../arm-none-eabi/lib/thumb/v7e-m+dp/hard\libc_nano.a
END GROUP
START GROUP
LOAD C:/ST/STM32CubeIDE_1.12.1/STM32CubeIDE/plugins/com.st.stm32cube.ide.mcu.externaltools.gnu-tools-for-stm32.13.3.rel1.win32_1.0.0.202411081344/tools/bin/../lib/gcc/arm-none-eabi/13.3.1/thumb/v7e-m+dp/hard\libgcc.a
LOAD C:/ST/STM32CubeIDE_1.12.1/STM32CubeIDE/plugins/com.st.stm32cube.ide.mcu.externaltools.gnu-tools-for-stm32.13.3.rel1.win32_1.0.0.202411081344/tools/bin/../lib/gcc/arm-none-eabi/13.3.1/../../../../arm-none-eabi/lib/thumb/v7e-m+dp/hard\libc_nano.a
LOAD C:/ST/STM32CubeIDE_1.12.1/STM32CubeIDE/plugins/com.st.stm32cube.ide.mcu.externaltools.gnu-tools-for-stm32.13.3.rel1.win32_1.0.0.202411081344/tools/bin/../lib/gcc/arm-none-eabi/13.3.1/../../../../arm-none-eabi/lib/thumb/v7e-m+dp/hard\libnosys.a
END GROUP
START GROUP
LOAD C:/ST/STM32CubeIDE_1.12.1/STM32CubeIDE/plugins/com.st.stm32cube.ide.mcu.externaltools.gnu-tools-for-stm32.13.3.rel1.win32_1.0.0.202411081344/tools/bin/../lib/gcc/arm-none-eabi/13.3.1/thumb/v7e-m+dp/hard\libgcc.a
LOAD C:/ST/STM32CubeIDE_1.12.1/STM32CubeIDE/plugins/com.st.stm32cube.ide.mcu.externaltools.gnu-tools-for-stm32.13.3.rel1.win32_1.0.0.202411081344/tools/bin/../lib/gcc/arm-none-eabi/13.3.1/../../../../arm-none-eabi/lib/thumb/v7e-m+dp/hard\libc_nano.a
LOAD C:/ST/STM32CubeIDE_1.12.1/STM32CubeIDE/plugins/com.st.stm32cube.ide.mcu.externaltools.gnu-tools-for-stm32.13.3.rel1.win32_1.0.0.202411081344/tools/bin/../lib/gcc/arm-none-eabi/13.3.1/../../../../arm-none-eabi/lib/thumb/v7e-m+dp/hard\libnosys.a
END GROUP
LOAD C:/ST/STM32CubeIDE_1.12.1/STM32CubeIDE/plugins/com.st.stm32cube.ide.mcu.externaltools.gnu-tools-for-stm32.13.3.rel1.win32_1.0.0.202411081344/tools/bin/../lib/gcc/arm-none-eabi/13.3.1/thumb/v7e-m+dp/hard/crtend.o
LOAD C:/ST/STM32CubeIDE_1.12.1/STM32CubeIDE/plugins/com.st.stm32cube.ide.mcu.externaltools.gnu-tools-for-stm32.13.3.rel1.win32_1.0.0.202411081344/tools/bin/../lib/gcc/arm-none-eabi/13.3.1/thumb/v7e-m+dp/hard/crtn.o
                0x20080000                        _estack = (ORIGIN (RAM) + LENGTH (RAM))
                0x00000200                        _Min_Heap_Size = 0x200
                0x00000400                        _Min_Stack_Size = 0x400

.isr_vector     0x08000000      0x1f8
                0x08000000                        . = ALIGN (0x4)
 *(.isr_vector)
 .isr_vector    0x08000000      0x1f8 ./Core/Startup/startup_stm32f767zitx.o
                0x08000000                g_pfnVectors
                0x080001f8                        . = ALIGN (0x4)

.text           0x08000200    0x149c0
                0x08000200                        . = ALIGN (0x4)
 *(.text)
 .text          0x08000200       0x40 C:/ST/STM32CubeIDE_1.12.1/STM32CubeIDE/plugins/com.st.stm32cube.ide.mcu.externaltools.gnu-tools-for-stm32.13.3.rel1.win32_1.0.0.202411081344/tools/bin/../lib/gcc/arm-none-eabi/13.3.1/thumb/v7e-m+dp/hard/crtbegin.o
 .text          0x08000240       0x14 C:/ST/STM32CubeIDE_1.12.1/STM32CubeIDE/plugins/com.st.stm32cube.ide.mcu.externaltools.gnu-tools-for-stm32.13.3.rel1.win32_1.0.0.202411081344/tools/bin/../lib/gcc/arm-none-eabi/13.3.1/../../../../arm-none-eabi/lib/thumb/v7e-m+dp/hard\libc_nano.a(libc_a-strcmp.o)
                0x08000240                strcmp
 .text          0x08000254       0x10 C:/ST/STM32CubeIDE_1.12.1/STM32CubeIDE/plugins/com.st.stm32cube.ide.mcu.externaltools.gnu-tools-for-stm32.13.3.rel1.win32_1.0.0.202411081344/tools/bin/../lib/gcc/arm-none-eabi/13.3.1/../../../../arm-none-eabi/lib/thumb/v7e-m+dp/hard\libc_nano.a(libc_a-strlen.o)
                0x08000254                strlen
 *fill*         0x08000264        0xc 
 .text          0x08000270       0xa0 C:/ST/STM32CubeIDE_1.12.1/STM32CubeIDE/plugins/com.st.stm32cube.ide.mcu.externaltools.gnu-tools-for-stm32.13.3.rel1.win32_1.0.0.202411081344/tools/bin/../lib/gcc/arm-none-eabi/13.3.1/../../../../arm-none-eabi/lib/thumb/v7e-m+dp/hard\libc_nano.a(libc_a-memchr.o)
                0x08000270                memchr
 .text          0x08000310       0x30 C:/ST/STM32CubeIDE_1.12.1/STM32CubeIDE/plugins/com.st.stm32cube.ide.mcu.externaltools.gnu-tools-for-stm32.13.3.rel1.win32_1.0.0.202411081344/tools/bin/../lib/gcc/arm-none-eabi/13.3.1/thumb/v7e-m+dp/hard\libgcc.a(_aeabi_uldivmod.o)
                0x08000310                __aeabi_uldivmod
 .text          0x08000340      0x2f8 C:/ST/STM32CubeIDE_1.12.1/STM32CubeIDE/plugins/com.st.stm32cube.ide.mcu.externaltools.gnu-tools-for-stm32.13.3.rel1.win32_1.0.0.202411081344/tools/bin/../lib/gcc/arm-none-eabi/13.3.1/thumb/v7e-m+dp/hard\libgcc.a(_udivmoddi4.o)
                0x08000340                __udivmoddi4
 .text          0x08000638        0x4 C:/ST/STM32CubeIDE_1.12.1/STM32CubeIDE/plugins/com.st.stm32cube.ide.mcu.externaltools.gnu-tools-for-stm32.13.3.rel1.win32_1.0.0.202411081344/tools/bin/../lib/gcc/arm-none-eabi/13.3.1/thumb/v7e-m+dp/hard\libgcc.a(_dvmd_tls.o)
                0x08000638                __aeabi_idiv0
                0x08000638                __aeabi_ldiv0
 *(.text*)
 .text.prvLedBreathTask
                0x0800063c       0x34 ./Bsp/button.o
                0x0800063c                prvLedBreathTask
 .text.prvButtonTask
                0x08000670      0x26c ./Bsp/button.o
                0x08000670                prvButtonTask
 .text.LAN8742_RegisterBusIO
                0x080008dc       0x28 ./Bsp/lan8742.o
                0x080008dc                LAN8742_RegisterBusIO
 .text.LAN8742_Init
                0x08000904       0x5a ./Bsp/lan8742.o
                0x08000904                LAN8742_Init
 .text.LAN8742_GetLinkState
                0x0800095e       0x94 ./Bsp/lan8742.o
                0x0800095e                LAN8742_GetLinkState
 .text.ethernet_link_status_updated
                0x080009f2        0x2 ./Core/Src/app_ethernet.o
                0x080009f2                ethernet_link_status_updated
 .text.ETH_PHY_IO_DeInit
                0x080009f4        0x4 ./Core/Src/ethernetif.o
                0x080009f4                ETH_PHY_IO_DeInit
 .text.low_level_output
                0x080009f8       0x80 ./Core/Src/ethernetif.o
 .text.RMII_Thread
                0x08000a78       0x4c ./Core/Src/ethernetif.o
 .text.ETH_PHY_IO_Init
                0x08000ac4       0x10 ./Core/Src/ethernetif.o
                0x08000ac4                ETH_PHY_IO_Init
 .text.ETH_PHY_IO_ReadReg
                0x08000ad4       0x1c ./Core/Src/ethernetif.o
                0x08000ad4                ETH_PHY_IO_ReadReg
 .text.ETH_PHY_IO_WriteReg
                0x08000af0       0x1c ./Core/Src/ethernetif.o
                0x08000af0                ETH_PHY_IO_WriteReg
 .text.ETH_PHY_IO_GetTick
                0x08000b0c        0x4 ./Core/Src/ethernetif.o
                0x08000b0c                ETH_PHY_IO_GetTick
 .text.pbuf_free_custom
                0x08000b10       0x34 ./Core/Src/ethernetif.o
                0x08000b10                pbuf_free_custom
 .text.ethernetif_input
                0x08000b44       0x58 ./Core/Src/ethernetif.o
 .text.ethernetif_init
                0x08000b9c      0x1d0 ./Core/Src/ethernetif.o
                0x08000b9c                ethernetif_init
 .text.HAL_ETH_MspInit
                0x08000d6c       0xf0 ./Core/Src/ethernetif.o
                0x08000d6c                HAL_ETH_MspInit
 .text.HAL_ETH_RxCpltCallback
                0x08000e5c       0x34 ./Core/Src/ethernetif.o
                0x08000e5c                HAL_ETH_RxCpltCallback
 .text.HAL_ETH_TxCpltCallback
                0x08000e90       0x34 ./Core/Src/ethernetif.o
                0x08000e90                HAL_ETH_TxCpltCallback
 .text.HAL_ETH_ErrorCallback
                0x08000ec4       0x3c ./Core/Src/ethernetif.o
                0x08000ec4                HAL_ETH_ErrorCallback
 .text.ethernet_link_thread
                0x08000f00       0xf8 ./Core/Src/ethernetif.o
                0x08000f00                ethernet_link_thread
 .text.HAL_ETH_RxAllocateCallback
                0x08000ff8       0x44 ./Core/Src/ethernetif.o
                0x08000ff8                HAL_ETH_RxAllocateCallback
 .text.HAL_ETH_RxLinkCallback
                0x0800103c       0x32 ./Core/Src/ethernetif.o
                0x0800103c                HAL_ETH_RxLinkCallback
 .text.HAL_ETH_TxFreeCallback
                0x0800106e        0x4 ./Core/Src/ethernetif.o
                0x0800106e                HAL_ETH_TxFreeCallback
 *fill*         0x08001072        0x2 
 .text.http_server_netconn_thread
                0x08001074       0xb4 ./Core/Src/httpserver-netconn.o
 .text.http_server_netconn_init
                0x08001128       0x24 ./Core/Src/httpserver-netconn.o
                0x08001128                http_server_netconn_init
 .text.lwiperf_report
                0x0800114c       0x34 ./Core/Src/lwiperf_example.o
 .text.lwiperf_example_init
                0x08001180        0xc ./Core/Src/lwiperf_example.o
                0x08001180                lwiperf_example_init
 .text.LL_AHB1_GRP1_EnableClock
                0x0800118c       0x1c ./Core/Src/main.o
 .text.lwipinitTask
                0x080011a8       0x88 ./Core/Src/main.o
                0x080011a8                lwipinitTask
 .text.SystemClock_Config
                0x08001230       0xf4 ./Core/Src/main.o
                0x08001230                SystemClock_Config
 .text.MX_LED_Init
                0x08001324       0x38 ./Core/Src/main.o
                0x08001324                MX_LED_Init
 .text.MX_USART2_DMA
                0x0800135c      0x13c ./Core/Src/main.o
                0x0800135c                MX_USART2_DMA
 .text.startup.main
                0x08001498      0x378 ./Core/Src/main.o
                0x08001498                main
 .text.UserButton_Callback
                0x08001810        0xc ./Core/Src/main.o
                0x08001810                UserButton_Callback
 .text.DMA1_TransmitComplete_Callback
                0x0800181c       0x1c ./Core/Src/main.o
                0x0800181c                DMA1_TransmitComplete_Callback
 .text.DMA1_ReceiveComplete_Callback
                0x08001838        0xc ./Core/Src/main.o
                0x08001838                DMA1_ReceiveComplete_Callback
 .text.USART_TransferError_Callback
                0x08001844       0x18 ./Core/Src/main.o
                0x08001844                USART_TransferError_Callback
 .text.vApplicationMallocFailedHook
                0x0800185c       0x16 ./Core/Src/main.o
                0x0800185c                vApplicationMallocFailedHook
 .text.vApplicationStackOverflowHook
                0x08001872       0x16 ./Core/Src/main.o
                0x08001872                vApplicationStackOverflowHook
 .text.HAL_TIM_PeriodElapsedCallback
                0x08001888       0x14 ./Core/Src/main.o
                0x08001888                HAL_TIM_PeriodElapsedCallback
 .text.HAL_MspInit
                0x0800189c       0x30 ./Core/Src/stm32f7xx_hal_msp.o
                0x0800189c                HAL_MspInit
 .text.HAL_PCD_MspInit
                0x080018cc       0x98 ./Core/Src/stm32f7xx_hal_msp.o
                0x080018cc                HAL_PCD_MspInit
 .text.HAL_InitTick
                0x08001964       0x9c ./Core/Src/stm32f7xx_hal_timebase_tim.o
                0x08001964                HAL_InitTick
 .text.NMI_Handler
                0x08001a00        0x2 ./Core/Src/stm32f7xx_it.o
                0x08001a00                NMI_Handler
 .text.HardFault_Handler
                0x08001a02        0x2 ./Core/Src/stm32f7xx_it.o
                0x08001a02                HardFault_Handler
 .text.MemManage_Handler
                0x08001a04        0x2 ./Core/Src/stm32f7xx_it.o
                0x08001a04                MemManage_Handler
 *fill*         0x08001a06        0x2 
 .text.USART2_IRQHandler
                0x08001a08       0x18 ./Core/Src/stm32f7xx_it.o
                0x08001a08                USART2_IRQHandler
 .text.BusFault_Handler
                0x08001a20        0x2 ./Core/Src/stm32f7xx_it.o
                0x08001a20                BusFault_Handler
 .text.UsageFault_Handler
                0x08001a22        0x2 ./Core/Src/stm32f7xx_it.o
                0x08001a22                UsageFault_Handler
 .text.DebugMon_Handler
                0x08001a24        0x2 ./Core/Src/stm32f7xx_it.o
                0x08001a24                DebugMon_Handler
 *fill*         0x08001a26        0x2 
 .text.TIM7_IRQHandler
                0x08001a28        0xc ./Core/Src/stm32f7xx_it.o
                0x08001a28                TIM7_IRQHandler
 .text.EXTI15_10_IRQHandler
                0x08001a34       0x18 ./Core/Src/stm32f7xx_it.o
                0x08001a34                EXTI15_10_IRQHandler
 .text.DMA1_Stream6_IRQHandler
                0x08001a4c       0x24 ./Core/Src/stm32f7xx_it.o
                0x08001a4c                DMA1_Stream6_IRQHandler
 .text.DMA1_Stream5_IRQHandler
                0x08001a70       0x24 ./Core/Src/stm32f7xx_it.o
                0x08001a70                DMA1_Stream5_IRQHandler
 .text.ETH_IRQHandler
                0x08001a94        0xc ./Core/Src/stm32f7xx_it.o
                0x08001a94                ETH_IRQHandler
 .text.DMA2_Stream4_IRQHandler
                0x08001aa0        0x2 ./Core/Src/stm32f7xx_it.o
                0x08001aa0                DMA2_Stream4_IRQHandler
 .text.DMA2_Stream6_IRQHandler
                0x08001aa2        0x2 ./Core/Src/stm32f7xx_it.o
                0x08001aa2                DMA2_Stream6_IRQHandler
 .text._getpid  0x08001aa4        0x4 ./Core/Src/syscalls.o
                0x08001aa4                _getpid
 .text._kill    0x08001aa8       0x10 ./Core/Src/syscalls.o
                0x08001aa8                _kill
 .text._exit    0x08001ab8        0xc ./Core/Src/syscalls.o
                0x08001ab8                _exit
 .text._read    0x08001ac4       0x1c ./Core/Src/syscalls.o
                0x08001ac4                _read
 .text._close   0x08001ae0        0x6 ./Core/Src/syscalls.o
                0x08001ae0                _close
 .text._fstat   0x08001ae6        0xa ./Core/Src/syscalls.o
                0x08001ae6                _fstat
 .text._isatty  0x08001af0        0x4 ./Core/Src/syscalls.o
                0x08001af0                _isatty
 .text._lseek   0x08001af4        0x4 ./Core/Src/syscalls.o
                0x08001af4                _lseek
 .text._sbrk    0x08001af8       0x40 ./Core/Src/sysmem.o
                0x08001af8                _sbrk
 .text.SystemInit
                0x08001b38       0x14 ./Core/Src/system_stm32f7xx.o
                0x08001b38                SystemInit
 .text.Reset_Handler
                0x08001b4c       0x50 ./Core/Startup/startup_stm32f767zitx.o
                0x08001b4c                Reset_Handler
 .text.Default_Handler
                0x08001b9c        0x2 ./Core/Startup/startup_stm32f767zitx.o
                0x08001b9c                RTC_Alarm_IRQHandler
                0x08001b9c                EXTI2_IRQHandler
                0x08001b9c                TIM8_CC_IRQHandler
                0x08001b9c                UART8_IRQHandler
                0x08001b9c                SPI4_IRQHandler
                0x08001b9c                TIM1_CC_IRQHandler
                0x08001b9c                DMA2_Stream5_IRQHandler
                0x08001b9c                JPEG_IRQHandler
                0x08001b9c                CAN3_RX1_IRQHandler
                0x08001b9c                PVD_IRQHandler
                0x08001b9c                TAMP_STAMP_IRQHandler
                0x08001b9c                CAN2_RX1_IRQHandler
                0x08001b9c                EXTI3_IRQHandler
                0x08001b9c                TIM8_TRG_COM_TIM14_IRQHandler
                0x08001b9c                DFSDM1_FLT1_IRQHandler
                0x08001b9c                TIM1_UP_TIM10_IRQHandler
                0x08001b9c                TIM8_UP_TIM13_IRQHandler
                0x08001b9c                I2C3_ER_IRQHandler
                0x08001b9c                DFSDM1_FLT2_IRQHandler
                0x08001b9c                EXTI0_IRQHandler
                0x08001b9c                I2C2_EV_IRQHandler
                0x08001b9c                DMA1_Stream2_IRQHandler
                0x08001b9c                CAN1_RX0_IRQHandler
                0x08001b9c                FPU_IRQHandler
                0x08001b9c                OTG_HS_WKUP_IRQHandler
                0x08001b9c                CAN3_SCE_IRQHandler
                0x08001b9c                LTDC_ER_IRQHandler
                0x08001b9c                CAN2_SCE_IRQHandler
                0x08001b9c                DMA2_Stream2_IRQHandler
                0x08001b9c                SPI1_IRQHandler
                0x08001b9c                TIM6_DAC_IRQHandler
                0x08001b9c                TIM1_BRK_TIM9_IRQHandler
                0x08001b9c                DCMI_IRQHandler
                0x08001b9c                CAN2_RX0_IRQHandler
                0x08001b9c                SAI2_IRQHandler
                0x08001b9c                DFSDM1_FLT3_IRQHandler
                0x08001b9c                USART6_IRQHandler
                0x08001b9c                CAN3_RX0_IRQHandler
                0x08001b9c                USART3_IRQHandler
                0x08001b9c                CAN1_RX1_IRQHandler
                0x08001b9c                UART5_IRQHandler
                0x08001b9c                DMA2_Stream0_IRQHandler
                0x08001b9c                TIM4_IRQHandler
                0x08001b9c                QUADSPI_IRQHandler
                0x08001b9c                I2C1_EV_IRQHandler
                0x08001b9c                DMA1_Stream1_IRQHandler
                0x08001b9c                UART4_IRQHandler
                0x08001b9c                TIM3_IRQHandler
                0x08001b9c                RCC_IRQHandler
                0x08001b9c                TIM8_BRK_TIM12_IRQHandler
                0x08001b9c                Default_Handler
                0x08001b9c                CEC_IRQHandler
                0x08001b9c                ADC_IRQHandler
                0x08001b9c                DMA1_Stream7_IRQHandler
                0x08001b9c                SPI5_IRQHandler
                0x08001b9c                CAN2_TX_IRQHandler
                0x08001b9c                TIM5_IRQHandler
                0x08001b9c                DMA2_Stream7_IRQHandler
                0x08001b9c                I2C3_EV_IRQHandler
                0x08001b9c                EXTI9_5_IRQHandler
                0x08001b9c                RTC_WKUP_IRQHandler
                0x08001b9c                LTDC_IRQHandler
                0x08001b9c                ETH_WKUP_IRQHandler
                0x08001b9c                SPDIF_RX_IRQHandler
                0x08001b9c                SPI2_IRQHandler
                0x08001b9c                OTG_HS_EP1_IN_IRQHandler
                0x08001b9c                DMA1_Stream0_IRQHandler
                0x08001b9c                CAN1_TX_IRQHandler
                0x08001b9c                EXTI4_IRQHandler
                0x08001b9c                RNG_IRQHandler
                0x08001b9c                OTG_HS_EP1_OUT_IRQHandler
                0x08001b9c                WWDG_IRQHandler
                0x08001b9c                SPI6_IRQHandler
                0x08001b9c                MDIOS_IRQHandler
                0x08001b9c                I2C4_EV_IRQHandler
                0x08001b9c                CAN3_TX_IRQHandler
                0x08001b9c                TIM2_IRQHandler
                0x08001b9c                OTG_FS_WKUP_IRQHandler
                0x08001b9c                TIM1_TRG_COM_TIM11_IRQHandler
                0x08001b9c                OTG_HS_IRQHandler
                0x08001b9c                DMA2D_IRQHandler
                0x08001b9c                EXTI1_IRQHandler
                0x08001b9c                SDMMC2_IRQHandler
                0x08001b9c                UART7_IRQHandler
                0x08001b9c                DFSDM1_FLT0_IRQHandler
                0x08001b9c                I2C2_ER_IRQHandler
                0x08001b9c                DMA2_Stream1_IRQHandler
                0x08001b9c                CAN1_SCE_IRQHandler
                0x08001b9c                FLASH_IRQHandler
                0x08001b9c                USART1_IRQHandler
                0x08001b9c                OTG_FS_IRQHandler
                0x08001b9c                SPI3_IRQHandler
                0x08001b9c                DMA1_Stream4_IRQHandler
                0x08001b9c                I2C1_ER_IRQHandler
                0x08001b9c                FMC_IRQHandler
                0x08001b9c                LPTIM1_IRQHandler
                0x08001b9c                I2C4_ER_IRQHandler
                0x08001b9c                SAI1_IRQHandler
                0x08001b9c                DMA1_Stream3_IRQHandler
 .text.HAL_Init
                0x08001b9e       0x16 ./Drivers/STM32F7xx_HAL_Driver/Src/stm32f7xx_hal.o
                0x08001b9e                HAL_Init
 .text.HAL_IncTick
                0x08001bb4       0x18 ./Drivers/STM32F7xx_HAL_Driver/Src/stm32f7xx_hal.o
                0x08001bb4                HAL_IncTick
 .text.HAL_GetTick
                0x08001bcc        0xc ./Drivers/STM32F7xx_HAL_Driver/Src/stm32f7xx_hal.o
                0x08001bcc                HAL_GetTick
 .text.HAL_Delay
                0x08001bd8       0x24 ./Drivers/STM32F7xx_HAL_Driver/Src/stm32f7xx_hal.o
                0x08001bd8                HAL_Delay
 .text.HAL_GetREVID
                0x08001bfc        0xc ./Drivers/STM32F7xx_HAL_Driver/Src/stm32f7xx_hal.o
                0x08001bfc                HAL_GetREVID
 .text.HAL_NVIC_SetPriorityGrouping
                0x08001c08       0x24 ./Drivers/STM32F7xx_HAL_Driver/Src/stm32f7xx_hal_cortex.o
                0x08001c08                HAL_NVIC_SetPriorityGrouping
 .text.HAL_NVIC_SetPriority
                0x08001c2c       0x64 ./Drivers/STM32F7xx_HAL_Driver/Src/stm32f7xx_hal_cortex.o
                0x08001c2c                HAL_NVIC_SetPriority
 .text.HAL_NVIC_EnableIRQ
                0x08001c90       0x1c ./Drivers/STM32F7xx_HAL_Driver/Src/stm32f7xx_hal_cortex.o
                0x08001c90                HAL_NVIC_EnableIRQ
 .text.HAL_MPU_Disable
                0x08001cac       0x1c ./Drivers/STM32F7xx_HAL_Driver/Src/stm32f7xx_hal_cortex.o
                0x08001cac                HAL_MPU_Disable
 .text.HAL_MPU_Enable
                0x08001cc8       0x20 ./Drivers/STM32F7xx_HAL_Driver/Src/stm32f7xx_hal_cortex.o
                0x08001cc8                HAL_MPU_Enable
 .text.HAL_MPU_ConfigRegion
                0x08001ce8       0x58 ./Drivers/STM32F7xx_HAL_Driver/Src/stm32f7xx_hal_cortex.o
                0x08001ce8                HAL_MPU_ConfigRegion
 .text.ETH_Prepare_Tx_Descriptors
                0x08001d40      0x164 ./Drivers/STM32F7xx_HAL_Driver/Src/stm32f7xx_hal_eth.o
 .text.ETH_SetMACConfig
                0x08001ea4       0xec ./Drivers/STM32F7xx_HAL_Driver/Src/stm32f7xx_hal_eth.o
 .text.ETH_SetDMAConfig
                0x08001f90       0xa4 ./Drivers/STM32F7xx_HAL_Driver/Src/stm32f7xx_hal_eth.o
 .text.ETH_FlushTransmitFIFO
                0x08002034       0x2e ./Drivers/STM32F7xx_HAL_Driver/Src/stm32f7xx_hal_eth.o
 *fill*         0x08002062        0x2 
 .text.ETH_UpdateDescriptor
                0x08002064       0x8c ./Drivers/STM32F7xx_HAL_Driver/Src/stm32f7xx_hal_eth.o
 .text.HAL_ETH_Init
                0x080020f0      0x1f8 ./Drivers/STM32F7xx_HAL_Driver/Src/stm32f7xx_hal_eth.o
                0x080020f0                HAL_ETH_Init
 .text.HAL_ETH_Start_IT
                0x080022e8       0x80 ./Drivers/STM32F7xx_HAL_Driver/Src/stm32f7xx_hal_eth.o
                0x080022e8                HAL_ETH_Start_IT
 .text.HAL_ETH_Stop_IT
                0x08002368       0x8a ./Drivers/STM32F7xx_HAL_Driver/Src/stm32f7xx_hal_eth.o
                0x08002368                HAL_ETH_Stop_IT
 .text.HAL_ETH_Transmit_IT
                0x080023f2       0x5c ./Drivers/STM32F7xx_HAL_Driver/Src/stm32f7xx_hal_eth.o
                0x080023f2                HAL_ETH_Transmit_IT
 .text.HAL_ETH_ReadData
                0x0800244e       0xe8 ./Drivers/STM32F7xx_HAL_Driver/Src/stm32f7xx_hal_eth.o
                0x0800244e                HAL_ETH_ReadData
 .text.HAL_ETH_ReleaseTxPacket
                0x08002536       0x5e ./Drivers/STM32F7xx_HAL_Driver/Src/stm32f7xx_hal_eth.o
                0x08002536                HAL_ETH_ReleaseTxPacket
 .text.HAL_ETH_PMTCallback
                0x08002594        0x2 ./Drivers/STM32F7xx_HAL_Driver/Src/stm32f7xx_hal_eth.o
                0x08002594                HAL_ETH_PMTCallback
 .text.HAL_ETH_WakeUpCallback
                0x08002596        0x2 ./Drivers/STM32F7xx_HAL_Driver/Src/stm32f7xx_hal_eth.o
                0x08002596                HAL_ETH_WakeUpCallback
 .text.HAL_ETH_IRQHandler
                0x08002598       0xdc ./Drivers/STM32F7xx_HAL_Driver/Src/stm32f7xx_hal_eth.o
                0x08002598                HAL_ETH_IRQHandler
 .text.HAL_ETH_ReadPHYRegister
                0x08002674       0x4e ./Drivers/STM32F7xx_HAL_Driver/Src/stm32f7xx_hal_eth.o
                0x08002674                HAL_ETH_ReadPHYRegister
 .text.HAL_ETH_WritePHYRegister
                0x080026c2       0x48 ./Drivers/STM32F7xx_HAL_Driver/Src/stm32f7xx_hal_eth.o
                0x080026c2                HAL_ETH_WritePHYRegister
 .text.HAL_ETH_GetMACConfig
                0x0800270a       0xcc ./Drivers/STM32F7xx_HAL_Driver/Src/stm32f7xx_hal_eth.o
                0x0800270a                HAL_ETH_GetMACConfig
 .text.HAL_ETH_SetMACConfig
                0x080027d6       0x18 ./Drivers/STM32F7xx_HAL_Driver/Src/stm32f7xx_hal_eth.o
                0x080027d6                HAL_ETH_SetMACConfig
 *fill*         0x080027ee        0x2 
 .text.HAL_ETH_SetMDIOClockRange
                0x080027f0       0x54 ./Drivers/STM32F7xx_HAL_Driver/Src/stm32f7xx_hal_eth.o
                0x080027f0                HAL_ETH_SetMDIOClockRange
 .text.HAL_ETH_GetDMAError
                0x08002844        0x6 ./Drivers/STM32F7xx_HAL_Driver/Src/stm32f7xx_hal_eth.o
                0x08002844                HAL_ETH_GetDMAError
 *fill*         0x0800284a        0x2 
 .text.HAL_GPIO_Init
                0x0800284c      0x1c8 ./Drivers/STM32F7xx_HAL_Driver/Src/stm32f7xx_hal_gpio.o
                0x0800284c                HAL_GPIO_Init
 .text.HAL_PCD_Init
                0x08002a14       0xe8 ./Drivers/STM32F7xx_HAL_Driver/Src/stm32f7xx_hal_pcd.o
                0x08002a14                HAL_PCD_Init
 .text.HAL_PCDEx_ActivateLPM
                0x08002afc       0x26 ./Drivers/STM32F7xx_HAL_Driver/Src/stm32f7xx_hal_pcd_ex.o
                0x08002afc                HAL_PCDEx_ActivateLPM
 *fill*         0x08002b22        0x2 
 .text.HAL_RCC_GetHCLKFreq
                0x08002b24        0xc ./Drivers/STM32F7xx_HAL_Driver/Src/stm32f7xx_hal_rcc.o
                0x08002b24                HAL_RCC_GetHCLKFreq
 .text.HAL_RCC_GetPCLK1Freq
                0x08002b30       0x20 ./Drivers/STM32F7xx_HAL_Driver/Src/stm32f7xx_hal_rcc.o
                0x08002b30                HAL_RCC_GetPCLK1Freq
 .text.HAL_RCC_GetClockConfig
                0x08002b50       0x3c ./Drivers/STM32F7xx_HAL_Driver/Src/stm32f7xx_hal_rcc.o
                0x08002b50                HAL_RCC_GetClockConfig
 .text.HAL_TIM_Base_MspInit
                0x08002b8c        0x2 ./Drivers/STM32F7xx_HAL_Driver/Src/stm32f7xx_hal_tim.o
                0x08002b8c                HAL_TIM_Base_MspInit
 *fill*         0x08002b8e        0x2 
 .text.HAL_TIM_Base_Start_IT
                0x08002b90       0x7c ./Drivers/STM32F7xx_HAL_Driver/Src/stm32f7xx_hal_tim.o
                0x08002b90                HAL_TIM_Base_Start_IT
 .text.HAL_TIM_OC_DelayElapsedCallback
                0x08002c0c        0x2 ./Drivers/STM32F7xx_HAL_Driver/Src/stm32f7xx_hal_tim.o
                0x08002c0c                HAL_TIM_OC_DelayElapsedCallback
 .text.HAL_TIM_IC_CaptureCallback
                0x08002c0e        0x2 ./Drivers/STM32F7xx_HAL_Driver/Src/stm32f7xx_hal_tim.o
                0x08002c0e                HAL_TIM_IC_CaptureCallback
 .text.HAL_TIM_PWM_PulseFinishedCallback
                0x08002c10        0x2 ./Drivers/STM32F7xx_HAL_Driver/Src/stm32f7xx_hal_tim.o
                0x08002c10                HAL_TIM_PWM_PulseFinishedCallback
 .text.HAL_TIM_TriggerCallback
                0x08002c12        0x2 ./Drivers/STM32F7xx_HAL_Driver/Src/stm32f7xx_hal_tim.o
                0x08002c12                HAL_TIM_TriggerCallback
 .text.HAL_TIM_IRQHandler
                0x08002c14      0x140 ./Drivers/STM32F7xx_HAL_Driver/Src/stm32f7xx_hal_tim.o
                0x08002c14                HAL_TIM_IRQHandler
 .text.TIM_Base_SetConfig
                0x08002d54       0xb0 ./Drivers/STM32F7xx_HAL_Driver/Src/stm32f7xx_hal_tim.o
                0x08002d54                TIM_Base_SetConfig
 .text.HAL_TIM_Base_Init
                0x08002e04       0x60 ./Drivers/STM32F7xx_HAL_Driver/Src/stm32f7xx_hal_tim.o
                0x08002e04                HAL_TIM_Base_Init
 .text.HAL_TIMEx_CommutCallback
                0x08002e64        0x2 ./Drivers/STM32F7xx_HAL_Driver/Src/stm32f7xx_hal_tim_ex.o
                0x08002e64                HAL_TIMEx_CommutCallback
 .text.HAL_TIMEx_BreakCallback
                0x08002e66        0x2 ./Drivers/STM32F7xx_HAL_Driver/Src/stm32f7xx_hal_tim_ex.o
                0x08002e66                HAL_TIMEx_BreakCallback
 .text.HAL_TIMEx_Break2Callback
                0x08002e68        0x2 ./Drivers/STM32F7xx_HAL_Driver/Src/stm32f7xx_hal_tim_ex.o
                0x08002e68                HAL_TIMEx_Break2Callback
 *fill*         0x08002e6a        0x2 
 .text.LL_EXTI_Init
                0x08002e6c       0xa8 ./Drivers/STM32F7xx_HAL_Driver/Src/stm32f7xx_ll_exti.o
                0x08002e6c                LL_EXTI_Init
 .text.LL_GPIO_Init
                0x08002f14      0x146 ./Drivers/STM32F7xx_HAL_Driver/Src/stm32f7xx_ll_gpio.o
                0x08002f14                LL_GPIO_Init
 *fill*         0x0800305a        0x2 
 .text.LL_RCC_HSI_IsReady
                0x0800305c       0x10 ./Drivers/STM32F7xx_HAL_Driver/Src/stm32f7xx_ll_rcc.o
 .text.LL_RCC_LSE_IsReady
                0x0800306c       0x10 ./Drivers/STM32F7xx_HAL_Driver/Src/stm32f7xx_ll_rcc.o
 .text.RCC_GetHCLKClockFreq
                0x0800307c       0x18 ./Drivers/STM32F7xx_HAL_Driver/Src/stm32f7xx_ll_rcc.o
                0x0800307c                RCC_GetHCLKClockFreq
 .text.RCC_GetPCLK1ClockFreq
                0x08003094       0x18 ./Drivers/STM32F7xx_HAL_Driver/Src/stm32f7xx_ll_rcc.o
                0x08003094                RCC_GetPCLK1ClockFreq
 .text.RCC_GetPCLK2ClockFreq
                0x080030ac       0x18 ./Drivers/STM32F7xx_HAL_Driver/Src/stm32f7xx_ll_rcc.o
                0x080030ac                RCC_GetPCLK2ClockFreq
 .text.RCC_PLL_GetFreqDomain_SYS
                0x080030c4       0x40 ./Drivers/STM32F7xx_HAL_Driver/Src/stm32f7xx_ll_rcc.o
                0x080030c4                RCC_PLL_GetFreqDomain_SYS
 .text.RCC_GetSystemClockFreq
                0x08003104       0x28 ./Drivers/STM32F7xx_HAL_Driver/Src/stm32f7xx_ll_rcc.o
                0x08003104                RCC_GetSystemClockFreq
 .text.LL_RCC_GetUSARTClockFreq
                0x0800312c       0xf0 ./Drivers/STM32F7xx_HAL_Driver/Src/stm32f7xx_ll_rcc.o
                0x0800312c                LL_RCC_GetUSARTClockFreq
 .text.LL_RCC_GetUARTClockFreq
                0x0800321c       0xe8 ./Drivers/STM32F7xx_HAL_Driver/Src/stm32f7xx_ll_rcc.o
                0x0800321c                LL_RCC_GetUARTClockFreq
 .text.SDMMC_GetPowerState
                0x08003304        0x8 ./Drivers/STM32F7xx_HAL_Driver/Src/stm32f7xx_ll_sdmmc.o
                0x08003304                SDMMC_GetPowerState
 .text.SDMMC_GetCommandResponse
                0x0800330c        0x6 ./Drivers/STM32F7xx_HAL_Driver/Src/stm32f7xx_ll_sdmmc.o
                0x0800330c                SDMMC_GetCommandResponse
 .text.SDMMC_GetResponse
                0x08003312        0x6 ./Drivers/STM32F7xx_HAL_Driver/Src/stm32f7xx_ll_sdmmc.o
                0x08003312                SDMMC_GetResponse
 .text.LL_USART_Init
                0x08003318       0xfc ./Drivers/STM32F7xx_HAL_Driver/Src/stm32f7xx_ll_usart.o
                0x08003318                LL_USART_Init
 .text.USB_CoreReset
                0x08003414       0x46 ./Drivers/STM32F7xx_HAL_Driver/Src/stm32f7xx_ll_usb.o
 .text.USB_CoreInit
                0x0800345a       0x7c ./Drivers/STM32F7xx_HAL_Driver/Src/stm32f7xx_ll_usb.o
                0x0800345a                USB_CoreInit
 .text.USB_DisableGlobalInt
                0x080034d6        0xc ./Drivers/STM32F7xx_HAL_Driver/Src/stm32f7xx_ll_usb.o
                0x080034d6                USB_DisableGlobalInt
 .text.USB_SetCurrentMode
                0x080034e2       0x5c ./Drivers/STM32F7xx_HAL_Driver/Src/stm32f7xx_ll_usb.o
                0x080034e2                USB_SetCurrentMode
 .text.USB_FlushTxFifo
                0x0800353e       0x46 ./Drivers/STM32F7xx_HAL_Driver/Src/stm32f7xx_ll_usb.o
                0x0800353e                USB_FlushTxFifo
 .text.USB_FlushRxFifo
                0x08003584       0x42 ./Drivers/STM32F7xx_HAL_Driver/Src/stm32f7xx_ll_usb.o
                0x08003584                USB_FlushRxFifo
 .text.USB_SetDevSpeed
                0x080035c6        0xe ./Drivers/STM32F7xx_HAL_Driver/Src/stm32f7xx_ll_usb.o
                0x080035c6                USB_SetDevSpeed
 .text.USB_DevInit
                0x080035d4      0x170 ./Drivers/STM32F7xx_HAL_Driver/Src/stm32f7xx_ll_usb.o
                0x080035d4                USB_DevInit
 .text.USB_DevDisconnect
                0x08003744       0x1c ./Drivers/STM32F7xx_HAL_Driver/Src/stm32f7xx_ll_usb.o
                0x08003744                USB_DevDisconnect
 .text.LL_SetSystemCoreClock
                0x08003760        0xc ./Drivers/STM32F7xx_HAL_Driver/Src/stm32f7xx_ll_utils.o
                0x08003760                LL_SetSystemCoreClock
 .text.LL_AHB1_GRP1_EnableClock
                0x0800376c       0x1c ./fatfs_r0.15b/drivers/sdio_sd.o
 .text.CmdResp2Error
                0x08003788       0x34 ./fatfs_r0.15b/drivers/sdio_sd.o
 .text.CmdResp1Error
                0x080037bc       0xec ./fatfs_r0.15b/drivers/sdio_sd.o
 .text.FindSCR.constprop.0
                0x080038a8       0xb8 ./fatfs_r0.15b/drivers/sdio_sd.o
 .text.SDEnWideBus
                0x08003960       0x88 ./fatfs_r0.15b/drivers/sdio_sd.o
 .text.TM_FATFS_CheckCardDetectPin
                0x080039e8       0x14 ./fatfs_r0.15b/drivers/sdio_sd.o
                0x080039e8                TM_FATFS_CheckCardDetectPin
 .text.TM_FATFS_SD_SDIO_disk_ioctl
                0x080039fc       0x1a ./fatfs_r0.15b/drivers/sdio_sd.o
                0x080039fc                TM_FATFS_SD_SDIO_disk_ioctl
 *fill*         0x08003a16        0x2 
 .text.get_fattime
                0x08003a18        0x8 ./fatfs_r0.15b/drivers/sdio_sd.o
                0x08003a18                get_fattime
 .text.SD_Detect
                0x08003a20       0x1c ./fatfs_r0.15b/drivers/sdio_sd.o
                0x08003a20                SD_Detect
 .text.TM_FATFS_SD_SDIO_disk_status
                0x08003a3c       0x24 ./fatfs_r0.15b/drivers/sdio_sd.o
                0x08003a3c                TM_FATFS_SD_SDIO_disk_status
 .text.SD_LowLevel_DeInit
                0x08003a60       0x70 ./fatfs_r0.15b/drivers/sdio_sd.o
                0x08003a60                SD_LowLevel_DeInit
 .text.SD_LowLevel_Init
                0x08003ad0       0x94 ./fatfs_r0.15b/drivers/sdio_sd.o
                0x08003ad0                SD_LowLevel_Init
 .text.SD_PowerON
                0x08003b64      0x174 ./fatfs_r0.15b/drivers/sdio_sd.o
                0x08003b64                SD_PowerON
 .text.SD_InitializeCards
                0x08003cd8      0x138 ./fatfs_r0.15b/drivers/sdio_sd.o
                0x08003cd8                SD_InitializeCards
 .text.SD_GetCardInfo
                0x08003e10      0x288 ./fatfs_r0.15b/drivers/sdio_sd.o
                0x08003e10                SD_GetCardInfo
 .text.SD_SelectDeselect
                0x08004098       0x14 ./fatfs_r0.15b/drivers/sdio_sd.o
                0x08004098                SD_SelectDeselect
 .text.SD_EnableWideBusOperation
                0x080040ac       0x44 ./fatfs_r0.15b/drivers/sdio_sd.o
                0x080040ac                SD_EnableWideBusOperation
 .text.SD_Init  0x080040f0       0x90 ./fatfs_r0.15b/drivers/sdio_sd.o
                0x080040f0                SD_Init
 .text.TM_FATFS_SD_SDIO_disk_initialize
                0x08004180       0x58 ./fatfs_r0.15b/drivers/sdio_sd.o
                0x08004180                TM_FATFS_SD_SDIO_disk_initialize
 .text.SD_SendStatus
                0x080041d8       0x3c ./fatfs_r0.15b/drivers/sdio_sd.o
                0x080041d8                SD_SendStatus
 .text.SD_GetState
                0x08004214       0x28 ./fatfs_r0.15b/drivers/sdio_sd.o
                0x08004214                SD_GetState
 .text.SD_GetStatus
                0x0800423c       0x18 ./fatfs_r0.15b/drivers/sdio_sd.o
                0x0800423c                SD_GetStatus
 .text.SD_StopTransfer
                0x08004254       0x18 ./fatfs_r0.15b/drivers/sdio_sd.o
                0x08004254                SD_StopTransfer
 .text.SD_WaitReadOperation
                0x0800426c       0x98 ./fatfs_r0.15b/drivers/sdio_sd.o
                0x0800426c                SD_WaitReadOperation
 .text.SD_WaitWriteOperation
                0x08004304       0x80 ./fatfs_r0.15b/drivers/sdio_sd.o
                0x08004304                SD_WaitWriteOperation
 .text.SD_LowLevel_DMA_TxConfig
                0x08004384       0x44 ./fatfs_r0.15b/drivers/sdio_sd.o
                0x08004384                SD_LowLevel_DMA_TxConfig
 .text.SD_WriteMultiBlocks
                0x080043c8       0xc8 ./fatfs_r0.15b/drivers/sdio_sd.o
                0x080043c8                SD_WriteMultiBlocks
 .text.TM_FATFS_SD_SDIO_disk_write
                0x08004490       0x88 ./fatfs_r0.15b/drivers/sdio_sd.o
                0x08004490                TM_FATFS_SD_SDIO_disk_write
 .text.SD_LowLevel_DMA_RxConfig
                0x08004518       0x44 ./fatfs_r0.15b/drivers/sdio_sd.o
                0x08004518                SD_LowLevel_DMA_RxConfig
 .text.SD_ReadMultiBlocks
                0x0800455c       0xa4 ./fatfs_r0.15b/drivers/sdio_sd.o
                0x0800455c                SD_ReadMultiBlocks
 .text.TM_FATFS_SD_SDIO_disk_read
                0x08004600       0x7c ./fatfs_r0.15b/drivers/sdio_sd.o
                0x08004600                TM_FATFS_SD_SDIO_disk_read
 .text.SD_ProcessIRQSrc
                0x0800467c       0x6c ./fatfs_r0.15b/drivers/sdio_sd.o
                0x0800467c                SD_ProcessIRQSrc
 .text.SDMMC1_IRQHandler
                0x080046e8        0x4 ./fatfs_r0.15b/drivers/sdio_sd.o
                0x080046e8                SDMMC1_IRQHandler
 .text.SD_ProcessDMAIRQ
                0x080046ec       0x20 ./fatfs_r0.15b/drivers/sdio_sd.o
                0x080046ec                SD_ProcessDMAIRQ
 .text.DMA2_Stream3_IRQHandler
                0x0800470c        0x4 ./fatfs_r0.15b/drivers/sdio_sd.o
                0x0800470c                DMA2_Stream3_IRQHandler
 .text.sd_card_fatfs_test
                0x08004710      0x1d8 ./fatfs_r0.15b/drivers/tm_stm32f7_fatfs.o
                0x08004710                sd_card_fatfs_test
 .text.disk_status
                0x080048e8        0xc ./fatfs_r0.15b/source/diskio.o
                0x080048e8                disk_status
 .text.disk_initialize
                0x080048f4        0xc ./fatfs_r0.15b/source/diskio.o
                0x080048f4                disk_initialize
 .text.disk_read
                0x08004900       0x14 ./fatfs_r0.15b/source/diskio.o
                0x08004900                disk_read
 .text.disk_write
                0x08004914       0x14 ./fatfs_r0.15b/source/diskio.o
                0x08004914                disk_write
 .text.disk_ioctl
                0x08004928       0x12 ./fatfs_r0.15b/source/diskio.o
                0x08004928                disk_ioctl
 .text.ld_32    0x0800493a        0x4 ./fatfs_r0.15b/source/ff.o
 .text.ld_64    0x0800493e        0x8 ./fatfs_r0.15b/source/ff.o
 .text.st_32    0x08004946       0x10 ./fatfs_r0.15b/source/ff.o
 .text.st_64    0x08004956       0x1e ./fatfs_r0.15b/source/ff.o
 .text.dbc_1st  0x08004974       0x30 ./fatfs_r0.15b/source/ff.o
 .text.clst2sect
                0x080049a4       0x20 ./fatfs_r0.15b/source/ff.o
 .text.sum_sfn  0x080049c4       0x1e ./fatfs_r0.15b/source/ff.o
 .text.xdir_sum
                0x080049e2       0x2c ./fatfs_r0.15b/source/ff.o
 .text.get_ldnumber
                0x08004a0e       0x3a ./fatfs_r0.15b/source/ff.o
 .text.crc32    0x08004a48       0x30 ./fatfs_r0.15b/source/ff.o
 .text.validate
                0x08004a78       0x34 ./fatfs_r0.15b/source/ff.o
 .text.sync_window
                0x08004aac       0x58 ./fatfs_r0.15b/source/ff.o
 .text.xname_sum
                0x08004b04       0x34 ./fatfs_r0.15b/source/ff.o
 .text.st_clust
                0x08004b38       0x18 ./fatfs_r0.15b/source/ff.o
 .text.move_window
                0x08004b50       0x42 ./fatfs_r0.15b/source/ff.o
 *fill*         0x08004b92        0x2 
 .text.check_fs
                0x08004b94       0xc8 ./fatfs_r0.15b/source/ff.o
 .text.change_bitmap
                0x08004c5c       0x84 ./fatfs_r0.15b/source/ff.o
 .text.get_fat  0x08004ce0      0x150 ./fatfs_r0.15b/source/ff.o
 .text.dir_sdi  0x08004e30       0xa8 ./fatfs_r0.15b/source/ff.o
 .text.put_fat  0x08004ed8      0x118 ./fatfs_r0.15b/source/ff.o
 .text.fill_last_frag
                0x08004ff0       0x30 ./fatfs_r0.15b/source/ff.o
 .text.fill_first_frag
                0x08005020       0x30 ./fatfs_r0.15b/source/ff.o
 .text.remove_chain
                0x08005050       0xfe ./fatfs_r0.15b/source/ff.o
 .text.dir_clear
                0x0800514e       0x6a ./fatfs_r0.15b/source/ff.o
 .text.sync_fs  0x080051b8       0xfe ./fatfs_r0.15b/source/ff.o
 *fill*         0x080052b6        0x2 
 .text.mount_volume
                0x080052b8      0x500 ./fatfs_r0.15b/source/ff.o
 .text.make_rand.constprop.0
                0x080057b8       0x28 ./fatfs_r0.15b/source/ff.o
 .text.create_chain
                0x080057e0      0x1f6 ./fatfs_r0.15b/source/ff.o
 .text.dir_next
                0x080059d6       0xd2 ./fatfs_r0.15b/source/ff.o
 .text.dir_alloc
                0x08005aa8       0x52 ./fatfs_r0.15b/source/ff.o
 .text.load_xdir
                0x08005afa       0xea ./fatfs_r0.15b/source/ff.o
 .text.store_xdir
                0x08005be4       0x60 ./fatfs_r0.15b/source/ff.o
 .text.dir_read.constprop.0
                0x08005c44      0x114 ./fatfs_r0.15b/source/ff.o
 .text.dir_find
                0x08005d58      0x1b4 ./fatfs_r0.15b/source/ff.o
 .text.dir_register
                0x08005f0c      0x3ac ./fatfs_r0.15b/source/ff.o
 .text.init_alloc_info.isra.0
                0x080062b8       0x2a ./fatfs_r0.15b/source/ff.o
 .text.ld_clust.isra.0
                0x080062e2       0x10 ./fatfs_r0.15b/source/ff.o
 *fill*         0x080062f2        0x2 
 .text.follow_path
                0x080062f4      0x35c ./fatfs_r0.15b/source/ff.o
 .text.f_mount  0x08006650       0x50 ./fatfs_r0.15b/source/ff.o
                0x08006650                f_mount
 .text.f_open   0x080066a0      0x282 ./fatfs_r0.15b/source/ff.o
                0x080066a0                f_open
 .text.f_read   0x08006922      0x1b0 ./fatfs_r0.15b/source/ff.o
                0x08006922                f_read
 .text.f_write  0x08006ad2      0x1f8 ./fatfs_r0.15b/source/ff.o
                0x08006ad2                f_write
 .text.f_sync   0x08006cca      0x166 ./fatfs_r0.15b/source/ff.o
                0x08006cca                f_sync
 .text.f_close  0x08006e30       0x1a ./fatfs_r0.15b/source/ff.o
                0x08006e30                f_close
 *fill*         0x08006e4a        0x2 
 .text.f_mkfs   0x08006e4c     0x10f8 ./fatfs_r0.15b/source/ff.o
                0x08006e4c                f_mkfs
 .text.ff_uni2oem
                0x08007f44       0xcc ./fatfs_r0.15b/source/ffunicode.o
                0x08007f44                ff_uni2oem
 .text.ff_oem2uni
                0x08008010       0xb4 ./fatfs_r0.15b/source/ffunicode.o
                0x08008010                ff_oem2uni
 .text.ff_wtoupper
                0x080080c4       0x90 ./fatfs_r0.15b/source/ffunicode.o
                0x080080c4                ff_wtoupper
 .text.vListInitialise
                0x08008154       0x16 ./freertos/list.o
                0x08008154                vListInitialise
 .text.vListInitialiseItem
                0x0800816a        0x6 ./freertos/list.o
                0x0800816a                vListInitialiseItem
 .text.vListInsertEnd
                0x08008170       0x16 ./freertos/list.o
                0x08008170                vListInsertEnd
 .text.vListInsert
                0x08008186       0x2e ./freertos/list.o
                0x08008186                vListInsert
 .text.uxListRemove
                0x080081b4       0x20 ./freertos/list.o
                0x080081b4                uxListRemove
 .text.prvIsQueueEmpty
                0x080081d4       0x16 ./freertos/queue.o
 .text.prvCopyDataToQueue
                0x080081ea       0x66 ./freertos/queue.o
 .text.prvCopyDataFromQueue
                0x08008250       0x2a ./freertos/queue.o
 .text.prvUnlockQueue
                0x0800827a       0x6c ./freertos/queue.o
 .text.xQueueGenericReset
                0x080082e6       0xa2 ./freertos/queue.o
                0x080082e6                xQueueGenericReset
 .text.xQueueGenericCreate
                0x08008388       0x58 ./freertos/queue.o
                0x08008388                xQueueGenericCreate
 .text.xQueueGenericSend
                0x080083e0      0x174 ./freertos/queue.o
                0x080083e0                xQueueGenericSend
 .text.xQueueCreateMutex
                0x08008554       0x24 ./freertos/queue.o
                0x08008554                xQueueCreateMutex
 .text.xQueueGiveMutexRecursive
                0x08008578       0x42 ./freertos/queue.o
                0x08008578                xQueueGiveMutexRecursive
 .text.xQueueGiveFromISR
                0x080085ba       0xd4 ./freertos/queue.o
                0x080085ba                xQueueGiveFromISR
 .text.xQueueReceive
                0x0800868e      0x148 ./freertos/queue.o
                0x0800868e                xQueueReceive
 .text.xQueueSemaphoreTake
                0x080087d6      0x174 ./freertos/queue.o
                0x080087d6                xQueueSemaphoreTake
 .text.xQueueTakeMutexRecursive
                0x0800894a       0x46 ./freertos/queue.o
                0x0800894a                xQueueTakeMutexRecursive
 .text.vQueueAddToRegistry
                0x08008990       0x50 ./freertos/queue.o
                0x08008990                vQueueAddToRegistry
 .text.vQueueUnregisterQueue
                0x080089e0       0x48 ./freertos/queue.o
                0x080089e0                vQueueUnregisterQueue
 .text.vQueueDelete
                0x08008a28       0x26 ./freertos/queue.o
                0x08008a28                vQueueDelete
 .text.vQueueWaitForMessageRestricted
                0x08008a4e       0x46 ./freertos/queue.o
                0x08008a4e                vQueueWaitForMessageRestricted
 .text.prvAddCurrentTaskToDelayedList
                0x08008a94       0x88 ./freertos/tasks.o
 .text.prvResetNextTaskUnblockTime
                0x08008b1c       0x24 ./freertos/tasks.o
 .text.prvIdleTask
                0x08008b40       0x68 ./freertos/tasks.o
 .text.xTaskCreate
                0x08008ba8      0x1d4 ./freertos/tasks.o
                0x08008ba8                xTaskCreate
 .text.vTaskDelete
                0x08008d7c       0xc0 ./freertos/tasks.o
                0x08008d7c                vTaskDelete
 .text.vTaskStartScheduler
                0x08008e3c       0x88 ./freertos/tasks.o
                0x08008e3c                vTaskStartScheduler
 .text.vTaskSuspendAll
                0x08008ec4       0x10 ./freertos/tasks.o
                0x08008ec4                vTaskSuspendAll
 .text.xTaskGetTickCount
                0x08008ed4        0xc ./freertos/tasks.o
                0x08008ed4                xTaskGetTickCount
 .text.uxTaskGetNumberOfTasks
                0x08008ee0        0xc ./freertos/tasks.o
                0x08008ee0                uxTaskGetNumberOfTasks
 .text.xTaskIncrementTick
                0x08008eec      0x16c ./freertos/tasks.o
                0x08008eec                xTaskIncrementTick
 .text.xTaskResumeAll
                0x08009058      0x140 ./freertos/tasks.o
                0x08009058                xTaskResumeAll
 .text.vTaskDelay
                0x08009198       0x4c ./freertos/tasks.o
                0x08009198                vTaskDelay
 .text.vTaskSwitchContext
                0x080091e4       0xa8 ./freertos/tasks.o
                0x080091e4                vTaskSwitchContext
 .text.vTaskPlaceOnEventList
                0x0800928c       0x38 ./freertos/tasks.o
                0x0800928c                vTaskPlaceOnEventList
 .text.vTaskPlaceOnEventListRestricted
                0x080092c4       0x5c ./freertos/tasks.o
                0x080092c4                vTaskPlaceOnEventListRestricted
 .text.xTaskRemoveFromEventList
                0x08009320       0xd0 ./freertos/tasks.o
                0x08009320                xTaskRemoveFromEventList
 .text.vTaskInternalSetTimeOutState
                0x080093f0       0x18 ./freertos/tasks.o
                0x080093f0                vTaskInternalSetTimeOutState
 .text.xTaskCheckForTimeOut
                0x08009408       0x80 ./freertos/tasks.o
                0x08009408                xTaskCheckForTimeOut
 .text.vTaskMissedYield
                0x08009488        0xc ./freertos/tasks.o
                0x08009488                vTaskMissedYield
 .text.xTaskGetCurrentTaskHandle
                0x08009494        0xc ./freertos/tasks.o
                0x08009494                xTaskGetCurrentTaskHandle
 .text.xTaskGetSchedulerState
                0x080094a0       0x20 ./freertos/tasks.o
                0x080094a0                xTaskGetSchedulerState
 .text.xTaskPriorityInherit
                0x080094c0       0x8c ./freertos/tasks.o
                0x080094c0                xTaskPriorityInherit
 .text.xTaskPriorityDisinherit
                0x0800954c       0x9c ./freertos/tasks.o
                0x0800954c                xTaskPriorityDisinherit
 .text.vTaskPriorityDisinheritAfterTimeout
                0x080095e8       0xb0 ./freertos/tasks.o
                0x080095e8                vTaskPriorityDisinheritAfterTimeout
 .text.pvTaskIncrementMutexHeldCount
                0x08009698       0x18 ./freertos/tasks.o
                0x08009698                pvTaskIncrementMutexHeldCount
 .text.prvInsertTimerInActiveList
                0x080096b0       0x3c ./freertos/timers.o
 .text.prvReloadTimer
                0x080096ec       0x26 ./freertos/timers.o
 *fill*         0x08009712        0x2 
 .text.prvProcessExpiredTimer
                0x08009714       0x40 ./freertos/timers.o
 .text.prvSampleTimeNow
                0x08009754       0x4c ./freertos/timers.o
 .text.prvTimerTask
                0x080097a0      0x17c ./freertos/timers.o
 .text.prvCheckForValidListAndQueue
                0x0800991c       0x58 ./freertos/timers.o
 .text.xTimerCreateTimerTask
                0x08009974       0x54 ./freertos/timers.o
                0x08009974                xTimerCreateTimerTask
 .text.prvInsertBlockIntoFreeList
                0x080099c8       0x4c ./freertos/portable/heap_4.o
 .text.pvPortMalloc
                0x08009a14      0x12c ./freertos/portable/heap_4.o
                0x08009a14                pvPortMalloc
 .text.vPortFree
                0x08009b40       0x7c ./freertos/portable/heap_4.o
                0x08009b40                vPortFree
 .text.prvPortStartFirstTask
                0x08009bbc       0x28 ./freertos/portable/port.o
 .text.vPortEnableVFP
                0x08009be4       0x14 ./freertos/portable/port.o
 .text.prvTaskExitError
                0x08009bf8       0x48 ./freertos/portable/port.o
 .text.pxPortInitialiseStack
                0x08009c40       0x24 ./freertos/portable/port.o
                0x08009c40                pxPortInitialiseStack
 *fill*         0x08009c64        0xc 
 .text.SVC_Handler
                0x08009c70       0x24 ./freertos/portable/port.o
                0x08009c70                SVC_Handler
 .text.vPortEnterCritical
                0x08009c94       0x48 ./freertos/portable/port.o
                0x08009c94                vPortEnterCritical
 .text.vPortExitCritical
                0x08009cdc       0x2c ./freertos/portable/port.o
                0x08009cdc                vPortExitCritical
 *fill*         0x08009d08        0x8 
 .text.PendSV_Handler
                0x08009d10       0x64 ./freertos/portable/port.o
                0x08009d10                PendSV_Handler
 .text.SysTick_Handler
                0x08009d74       0x30 ./freertos/portable/port.o
                0x08009d74                SysTick_Handler
 .text.vPortSetupTimerInterrupt
                0x08009da4       0x24 ./freertos/portable/port.o
                0x08009da4                vPortSetupTimerInterrupt
 .text.xPortStartScheduler
                0x08009dc8       0xc4 ./freertos/portable/port.o
                0x08009dc8                xPortStartScheduler
 .text.vPortValidateInterruptPriority
                0x08009e8c       0x64 ./freertos/portable/port.o
                0x08009e8c                vPortValidateInterruptPriority
 .text.userShellWrite
                0x08009ef0       0x1c ./letter-shell-3.x/drivers/shell_port.o
                0x08009ef0                userShellWrite
 .text.userShellRead
                0x08009f0c       0x1c ./letter-shell-3.x/drivers/shell_port.o
                0x08009f0c                userShellRead
 .text.userShellLock
                0x08009f28       0x18 ./letter-shell-3.x/drivers/shell_port.o
                0x08009f28                userShellLock
 .text.userShellUnlock
                0x08009f40       0x18 ./letter-shell-3.x/drivers/shell_port.o
                0x08009f40                userShellUnlock
 .text.shellTask1
                0x08009f58       0x3c ./letter-shell-3.x/drivers/shell_port.o
                0x08009f58                shellTask1
 .text.USART_RxCpltCallback
                0x08009f94       0x18 ./letter-shell-3.x/drivers/shell_port.o
                0x08009f94                USART_RxCpltCallback
 .text.userShellInit
                0x08009fac       0xa0 ./letter-shell-3.x/drivers/shell_port.o
                0x08009fac                userShellInit
 .text.Usart_Transmit
                0x0800a04c       0xb4 ./letter-shell-3.x/drivers/usart.o
                0x0800a04c                Usart_Transmit
 .text._write   0x0800a100       0x18 ./letter-shell-3.x/drivers/usart.o
                0x0800a100                _write
 .text.MX_USART2_UART_Init
                0x0800a118      0x228 ./letter-shell-3.x/drivers/usart.o
                0x0800a118                MX_USART2_UART_Init
 .text.Usart_Receive
                0x0800a340       0xe8 ./letter-shell-3.x/drivers/usart.o
                0x0800a340                Usart_Receive
 .text.Usart_Start_Receive_IT
                0x0800a428       0xa8 ./letter-shell-3.x/drivers/usart.o
                0x0800a428                Usart_Start_Receive_IT
 .text.Usart_Receive_IT
                0x0800a4d0       0x2c ./letter-shell-3.x/drivers/usart.o
                0x0800a4d0                Usart_Receive_IT
 .text.Usart_Receive_IT_Get_Flag
                0x0800a4fc        0xc ./letter-shell-3.x/drivers/usart.o
                0x0800a4fc                Usart_Receive_IT_Get_Flag
 .text.USART_IRQHandler
                0x0800a508      0x1a8 ./letter-shell-3.x/drivers/usart.o
                0x0800a508                USART_IRQHandler
 .text.shellStringCopy
                0x0800a6b0       0x16 ./letter-shell-3.x/src/shell.o
 .text.shellWriteByte.isra.0
                0x0800a6c6       0x16 ./letter-shell-3.x/src/shell.o
 .text.shellLeft
                0x0800a6dc       0x18 ./letter-shell-3.x/src/shell.o
                0x0800a6dc                shellLeft
 .text.shellRight
                0x0800a6f4       0x18 ./letter-shell-3.x/src/shell.o
                0x0800a6f4                shellRight
 .text.shellGetCurrent
                0x0800a70c       0x24 ./letter-shell-3.x/src/shell.o
                0x0800a70c                shellGetCurrent
 .text.shellWriteString
                0x0800a730       0x1c ./letter-shell-3.x/src/shell.o
                0x0800a730                shellWriteString
 .text.shellClear
                0x0800a74c       0x18 ./letter-shell-3.x/src/shell.o
                0x0800a74c                shellClear
 .text.shellWritePrompt.constprop.0
                0x0800a764       0x58 ./letter-shell-3.x/src/shell.o
 .text.shellCheckPermission
                0x0800a7bc       0x36 ./letter-shell-3.x/src/shell.o
                0x0800a7bc                shellCheckPermission
 .text.shellToHex
                0x0800a7f2       0x26 ./letter-shell-3.x/src/shell.o
                0x0800a7f2                shellToHex
 .text.shellGetCommandName
                0x0800a818       0x34 ./letter-shell-3.x/src/shell.o
 .text.shellToDec
                0x0800a84c       0x46 ./letter-shell-3.x/src/shell.o
                0x0800a84c                shellToDec
 *fill*         0x0800a892        0x2 
 .text.shellWriteReturnValue
                0x0800a894       0x74 ./letter-shell-3.x/src/shell.o
 .text.shellListItem
                0x0800a908       0xec ./letter-shell-3.x/src/shell.o
                0x0800a908                shellListItem
 .text.shellListCommand
                0x0800a9f4       0x40 ./letter-shell-3.x/src/shell.o
                0x0800a9f4                shellListCommand
 .text.shellCmds
                0x0800aa34       0x12 ./letter-shell-3.x/src/shell.o
                0x0800aa34                shellCmds
 *fill*         0x0800aa46        0x2 
 .text.shellListVar
                0x0800aa48       0x40 ./letter-shell-3.x/src/shell.o
                0x0800aa48                shellListVar
 .text.shellVars
                0x0800aa88       0x12 ./letter-shell-3.x/src/shell.o
                0x0800aa88                shellVars
 *fill*         0x0800aa9a        0x2 
 .text.shellListUser
                0x0800aa9c       0x40 ./letter-shell-3.x/src/shell.o
                0x0800aa9c                shellListUser
 .text.shellUsers
                0x0800aadc       0x12 ./letter-shell-3.x/src/shell.o
                0x0800aadc                shellUsers
 *fill*         0x0800aaee        0x2 
 .text.shellListKey
                0x0800aaf0       0x40 ./letter-shell-3.x/src/shell.o
                0x0800aaf0                shellListKey
 .text.shellKeys
                0x0800ab30       0x12 ./letter-shell-3.x/src/shell.o
                0x0800ab30                shellKeys
 *fill*         0x0800ab42        0x2 
 .text.shellDeleteCommandLine
                0x0800ab44       0x20 ./letter-shell-3.x/src/shell.o
                0x0800ab44                shellDeleteCommandLine
 .text.shellClearCommandLine
                0x0800ab64       0x28 ./letter-shell-3.x/src/shell.o
                0x0800ab64                shellClearCommandLine
 .text.shellUp  0x0800ab8c       0x68 ./letter-shell-3.x/src/shell.o
                0x0800ab8c                shellUp
 .text.shellTab
                0x0800abf4      0x128 ./letter-shell-3.x/src/shell.o
                0x0800abf4                shellTab
 .text.shellDown
                0x0800ad1c       0x5e ./letter-shell-3.x/src/shell.o
                0x0800ad1c                shellDown
 *fill*         0x0800ad7a        0x2 
 .text.shellInsertByte
                0x0800ad7c       0xd4 ./letter-shell-3.x/src/shell.o
                0x0800ad7c                shellInsertByte
 .text.shellDeleteByte
                0x0800ae50       0xaa ./letter-shell-3.x/src/shell.o
                0x0800ae50                shellDeleteByte
 .text.shellBackspace
                0x0800aefa        0x6 ./letter-shell-3.x/src/shell.o
                0x0800aefa                shellBackspace
 .text.shellDelete
                0x0800af00        0x8 ./letter-shell-3.x/src/shell.o
                0x0800af00                shellDelete
 .text.shellSplit
                0x0800af08       0xc8 ./letter-shell-3.x/src/shell.o
                0x0800af08                shellSplit
 .text.shellSeekCommand
                0x0800afd0       0x6c ./letter-shell-3.x/src/shell.o
                0x0800afd0                shellSeekCommand
 .text.shellHelp
                0x0800b03c       0x70 ./letter-shell-3.x/src/shell.o
                0x0800b03c                shellHelp
 .text.shellGetVarValue
                0x0800b0ac       0x3c ./letter-shell-3.x/src/shell.o
                0x0800b0ac                shellGetVarValue
 .text.shellShowVar
                0x0800b0e8       0xa8 ./letter-shell-3.x/src/shell.o
 .text.shellSetVarValue
                0x0800b190       0x70 ./letter-shell-3.x/src/shell.o
                0x0800b190                shellSetVarValue
 .text.shellSetVar
                0x0800b200       0x54 ./letter-shell-3.x/src/shell.o
                0x0800b200                shellSetVar
 .text.shellSetUser
                0x0800b254       0x5c ./letter-shell-3.x/src/shell.o
                0x0800b254                shellSetUser
 .text.shellInit
                0x0800b2b0       0x90 ./letter-shell-3.x/src/shell.o
                0x0800b2b0                shellInit
 .text.shellRunCommand
                0x0800b340       0xae ./letter-shell-3.x/src/shell.o
                0x0800b340                shellRunCommand
 .text.shellNormalInput
                0x0800b3ee       0x10 ./letter-shell-3.x/src/shell.o
                0x0800b3ee                shellNormalInput
 *fill*         0x0800b3fe        0x2 
 .text.shellExec
                0x0800b400       0xfc ./letter-shell-3.x/src/shell.o
                0x0800b400                shellExec
 .text.shellEnter
                0x0800b4fc       0x12 ./letter-shell-3.x/src/shell.o
                0x0800b4fc                shellEnter
 *fill*         0x0800b50e        0x2 
 .text.shellHandler
                0x0800b510       0xd8 ./letter-shell-3.x/src/shell.o
                0x0800b510                shellHandler
 .text.shellExtParseChar
                0x0800b5e8       0x3c ./letter-shell-3.x/src/shell_ext.o
 .text.shellExtParsePara
                0x0800b624      0x18c ./letter-shell-3.x/src/shell_ext.o
                0x0800b624                shellExtParsePara
 .text.shellExtRun
                0x0800b7b0       0xea ./letter-shell-3.x/src/shell_ext.o
                0x0800b7b0                shellExtRun
 .text.netconn_apimsg
                0x0800b89a       0x14 ./lwip-2.2.2/src/api/api_lib.o
 *fill*         0x0800b8ae        0x2 
 .text.netconn_close_shutdown
                0x0800b8b0       0x2c ./lwip-2.2.2/src/api/api_lib.o
 .text.netconn_new_with_proto_and_callback
                0x0800b8dc       0xa0 ./lwip-2.2.2/src/api/api_lib.o
                0x0800b8dc                netconn_new_with_proto_and_callback
 .text.netconn_prepare_delete
                0x0800b97c       0x20 ./lwip-2.2.2/src/api/api_lib.o
                0x0800b97c                netconn_prepare_delete
 .text.netconn_delete
                0x0800b99c       0x1c ./lwip-2.2.2/src/api/api_lib.o
                0x0800b99c                netconn_delete
 .text.netconn_bind
                0x0800b9b8       0x34 ./lwip-2.2.2/src/api/api_lib.o
                0x0800b9b8                netconn_bind
 .text.netconn_listen_with_backlog
                0x0800b9ec       0x20 ./lwip-2.2.2/src/api/api_lib.o
                0x0800b9ec                netconn_listen_with_backlog
 .text.netconn_write_vectors_partly
                0x0800ba0c       0xbc ./lwip-2.2.2/src/api/api_lib.o
                0x0800ba0c                netconn_write_vectors_partly
 .text.netconn_write_partly
                0x0800bac8       0x18 ./lwip-2.2.2/src/api/api_lib.o
                0x0800bac8                netconn_write_partly
 .text.netconn_close
                0x0800bae0        0x6 ./lwip-2.2.2/src/api/api_lib.o
                0x0800bae0                netconn_close
 .text.netconn_err
                0x0800bae6       0x1e ./lwip-2.2.2/src/api/api_lib.o
                0x0800bae6                netconn_err
 .text.netconn_accept
                0x0800bb04       0x82 ./lwip-2.2.2/src/api/api_lib.o
                0x0800bb04                netconn_accept
 *fill*         0x0800bb86        0x2 
 .text.netconn_recv_data
                0x0800bb88       0xc4 ./lwip-2.2.2/src/api/api_lib.o
 .text.netconn_recv_data_tcp
                0x0800bc4c       0x9c ./lwip-2.2.2/src/api/api_lib.o
 .text.netconn_recv
                0x0800bce8       0x88 ./lwip-2.2.2/src/api/api_lib.o
                0x0800bce8                netconn_recv
 .text.recv_udp
                0x0800bd70       0xa8 ./lwip-2.2.2/src/api/api_msg.o
 .text.setup_tcp
                0x0800be18       0x44 ./lwip-2.2.2/src/api/api_msg.o
 .text.lwip_netconn_do_writemore
                0x0800be5c      0x250 ./lwip-2.2.2/src/api/api_msg.o
 .text.lwip_netconn_do_close_internal
                0x0800c0ac      0x1e4 ./lwip-2.2.2/src/api/api_msg.o
 .text.poll_tcp
                0x0800c290       0x7c ./lwip-2.2.2/src/api/api_msg.o
 .text.sent_tcp
                0x0800c30c       0x6c ./lwip-2.2.2/src/api/api_msg.o
 .text.recv_tcp
                0x0800c378       0xbc ./lwip-2.2.2/src/api/api_msg.o
 .text.err_tcp  0x0800c434      0x128 ./lwip-2.2.2/src/api/api_msg.o
 .text.lwip_netconn_is_err_msg
                0x0800c55c       0x54 ./lwip-2.2.2/src/api/api_msg.o
                0x0800c55c                lwip_netconn_is_err_msg
 .text.lwip_netconn_do_newconn
                0x0800c5b0       0x60 ./lwip-2.2.2/src/api/api_msg.o
                0x0800c5b0                lwip_netconn_do_newconn
 .text.netconn_alloc
                0x0800c610       0x84 ./lwip-2.2.2/src/api/api_msg.o
                0x0800c610                netconn_alloc
 .text.netconn_free
                0x0800c694       0x68 ./lwip-2.2.2/src/api/api_msg.o
                0x0800c694                netconn_free
 .text.netconn_drain
                0x0800c6fc       0x94 ./lwip-2.2.2/src/api/api_msg.o
 .text.accept_function
                0x0800c790       0xdc ./lwip-2.2.2/src/api/api_msg.o
 .text.lwip_netconn_do_delconn
                0x0800c86c      0x108 ./lwip-2.2.2/src/api/api_msg.o
                0x0800c86c                lwip_netconn_do_delconn
 .text.lwip_netconn_do_bind
                0x0800c974       0x34 ./lwip-2.2.2/src/api/api_msg.o
                0x0800c974                lwip_netconn_do_bind
 .text.lwip_netconn_do_listen
                0x0800c9a8       0xa4 ./lwip-2.2.2/src/api/api_msg.o
                0x0800c9a8                lwip_netconn_do_listen
 .text.lwip_netconn_do_recv
                0x0800ca4c       0x36 ./lwip-2.2.2/src/api/api_msg.o
                0x0800ca4c                lwip_netconn_do_recv
 *fill*         0x0800ca82        0x2 
 .text.lwip_netconn_do_write
                0x0800ca84       0xcc ./lwip-2.2.2/src/api/api_msg.o
                0x0800ca84                lwip_netconn_do_write
 .text.lwip_netconn_do_close
                0x0800cb50       0xbc ./lwip-2.2.2/src/api/api_msg.o
                0x0800cb50                lwip_netconn_do_close
 .text.netbuf_delete
                0x0800cc0c       0x22 ./lwip-2.2.2/src/api/netbuf.o
                0x0800cc0c                netbuf_delete
 .text.netbuf_data
                0x0800cc2e       0x24 ./lwip-2.2.2/src/api/netbuf.o
                0x0800cc2e                netbuf_data
 .text.netifapi_do_netif_common
                0x0800cc52       0x1a ./lwip-2.2.2/src/api/netifapi.o
 .text.netifapi_netif_common
                0x0800cc6c       0x1c ./lwip-2.2.2/src/api/netifapi.o
                0x0800cc6c                netifapi_netif_common
 .text.tcpip_thread
                0x0800cc88       0xd0 ./lwip-2.2.2/src/api/tcpip.o
 .text.tcpip_inpkt
                0x0800cd58       0x58 ./lwip-2.2.2/src/api/tcpip.o
                0x0800cd58                tcpip_inpkt
 .text.tcpip_input
                0x0800cdb0       0x1c ./lwip-2.2.2/src/api/tcpip.o
                0x0800cdb0                tcpip_input
 .text.tcpip_send_msg_wait_sem
                0x0800cdcc       0x20 ./lwip-2.2.2/src/api/tcpip.o
                0x0800cdcc                tcpip_send_msg_wait_sem
 .text.tcpip_api_call
                0x0800cdec       0x24 ./lwip-2.2.2/src/api/tcpip.o
                0x0800cdec                tcpip_api_call
 .text.tcpip_init
                0x0800ce10       0x80 ./lwip-2.2.2/src/api/tcpip.o
                0x0800ce10                tcpip_init
 .text.lwiperf_tcp_close
                0x0800ce90       0xfc ./lwip-2.2.2/src/apps/lwiperf/lwiperf.o
 .text.lwiperf_tcp_accept
                0x0800cf8c      0x138 ./lwip-2.2.2/src/apps/lwiperf/lwiperf.o
 .text.lwiperf_tcp_err
                0x0800d0c4        0xc ./lwip-2.2.2/src/apps/lwiperf/lwiperf.o
 .text.lwiperf_tcp_client_send_more
                0x0800d0d0       0xec ./lwip-2.2.2/src/apps/lwiperf/lwiperf.o
 .text.lwiperf_tcp_client_sent
                0x0800d1bc       0x34 ./lwip-2.2.2/src/apps/lwiperf/lwiperf.o
 .text.lwiperf_tcp_poll
                0x0800d1f0       0x50 ./lwip-2.2.2/src/apps/lwiperf/lwiperf.o
 .text.lwiperf_tcp_client_connected
                0x0800d240       0x48 ./lwip-2.2.2/src/apps/lwiperf/lwiperf.o
 .text.lwiperf_start_tcp_server_impl.constprop.0
                0x0800d288       0x94 ./lwip-2.2.2/src/apps/lwiperf/lwiperf.o
 .text.lwiperf_tx_start_impl
                0x0800d31c      0x104 ./lwip-2.2.2/src/apps/lwiperf/lwiperf.o
 .text.lwiperf_tx_start_passive
                0x0800d420       0x54 ./lwip-2.2.2/src/apps/lwiperf/lwiperf.o
 .text.lwiperf_tcp_recv
                0x0800d474      0x144 ./lwip-2.2.2/src/apps/lwiperf/lwiperf.o
 .text.lwiperf_start_tcp_server
                0x0800d5b8       0x1e ./lwip-2.2.2/src/apps/lwiperf/lwiperf.o
                0x0800d5b8                lwiperf_start_tcp_server
 *fill*         0x0800d5d6        0x2 
 .text.lwiperf_start_tcp_server_default
                0x0800d5d8       0x14 ./lwip-2.2.2/src/apps/lwiperf/lwiperf.o
                0x0800d5d8                lwiperf_start_tcp_server_default
 .text.lwip_htons
                0x0800d5ec        0x6 ./lwip-2.2.2/src/core/def.o
                0x0800d5ec                lwip_htons
 .text.lwip_htonl
                0x0800d5f2        0x4 ./lwip-2.2.2/src/core/def.o
                0x0800d5f2                lwip_htonl
 .text.lwip_standard_chksum
                0x0800d5f6       0x56 ./lwip-2.2.2/src/core/inet_chksum.o
                0x0800d5f6                lwip_standard_chksum
 .text.inet_chksum_pbuf
                0x0800d64c       0x44 ./lwip-2.2.2/src/core/inet_chksum.o
                0x0800d64c                inet_chksum_pbuf
 .text.lwip_init
                0x0800d690       0x22 ./lwip-2.2.2/src/core/init.o
                0x0800d690                lwip_init
 *fill*         0x0800d6b2        0x2 
 .text.mem_init
                0x0800d6b4       0x68 ./lwip-2.2.2/src/core/mem.o
                0x0800d6b4                mem_init
 .text.mem_free
                0x0800d71c      0x1b0 ./lwip-2.2.2/src/core/mem.o
                0x0800d71c                mem_free
 .text.mem_trim
                0x0800d8cc      0x16c ./lwip-2.2.2/src/core/mem.o
                0x0800d8cc                mem_trim
 .text.mem_malloc
                0x0800da38      0x14c ./lwip-2.2.2/src/core/mem.o
                0x0800da38                mem_malloc
 .text.do_memp_malloc_pool
                0x0800db84       0x3c ./lwip-2.2.2/src/core/memp.o
 .text.do_memp_free_pool
                0x0800dbc0       0x38 ./lwip-2.2.2/src/core/memp.o
 .text.memp_init_pool
                0x0800dbf8       0x26 ./lwip-2.2.2/src/core/memp.o
                0x0800dbf8                memp_init_pool
 *fill*         0x0800dc1e        0x2 
 .text.memp_init
                0x0800dc20       0x1c ./lwip-2.2.2/src/core/memp.o
                0x0800dc20                memp_init
 .text.memp_malloc_pool
                0x0800dc3c       0x2c ./lwip-2.2.2/src/core/memp.o
                0x0800dc3c                memp_malloc_pool
 .text.memp_malloc
                0x0800dc68       0x18 ./lwip-2.2.2/src/core/memp.o
                0x0800dc68                memp_malloc
 .text.memp_free_pool
                0x0800dc80       0x24 ./lwip-2.2.2/src/core/memp.o
                0x0800dc80                memp_free_pool
 .text.memp_free
                0x0800dca4       0x18 ./lwip-2.2.2/src/core/memp.o
                0x0800dca4                memp_free
 .text.netif_null_output_ip4
                0x0800dcbc        0x6 ./lwip-2.2.2/src/core/netif.o
 *fill*         0x0800dcc2        0x2 
 .text.netif_issue_reports
                0x0800dcc4       0x44 ./lwip-2.2.2/src/core/netif.o
 .text.netif_do_set_ipaddr.isra.0
                0x0800dd08       0x34 ./lwip-2.2.2/src/core/netif.o
 .text.netif_init
                0x0800dd3c        0x2 ./lwip-2.2.2/src/core/netif.o
                0x0800dd3c                netif_init
 *fill*         0x0800dd3e        0x2 
 .text.netif_set_addr
                0x0800dd40       0x58 ./lwip-2.2.2/src/core/netif.o
                0x0800dd40                netif_set_addr
 .text.netif_add
                0x0800dd98       0xfc ./lwip-2.2.2/src/core/netif.o
                0x0800dd98                netif_add
 .text.netif_set_default
                0x0800de94        0xc ./lwip-2.2.2/src/core/netif.o
                0x0800de94                netif_set_default
 .text.netif_set_up
                0x0800dea0       0x1a ./lwip-2.2.2/src/core/netif.o
                0x0800dea0                netif_set_up
 .text.netif_set_down
                0x0800deba       0x1c ./lwip-2.2.2/src/core/netif.o
                0x0800deba                netif_set_down
 .text.netif_set_link_up
                0x0800ded6       0x2a ./lwip-2.2.2/src/core/netif.o
                0x0800ded6                netif_set_link_up
 .text.netif_set_link_down
                0x0800df00       0x1a ./lwip-2.2.2/src/core/netif.o
                0x0800df00                netif_set_link_down
 .text.netif_set_link_callback
                0x0800df1a        0x6 ./lwip-2.2.2/src/core/netif.o
                0x0800df1a                netif_set_link_callback
 .text.netif_get_by_index
                0x0800df20       0x24 ./lwip-2.2.2/src/core/netif.o
                0x0800df20                netif_get_by_index
 .text.pbuf_skip_const
                0x0800df44       0x16 ./lwip-2.2.2/src/core/pbuf.o
 *fill*         0x0800df5a        0x2 
 .text.pbuf_add_header_impl
                0x0800df5c       0x68 ./lwip-2.2.2/src/core/pbuf.o
 .text.pbuf_alloc_reference
                0x0800dfc4       0x48 ./lwip-2.2.2/src/core/pbuf.o
                0x0800dfc4                pbuf_alloc_reference
 .text.pbuf_alloced_custom
                0x0800e00c       0x32 ./lwip-2.2.2/src/core/pbuf.o
                0x0800e00c                pbuf_alloced_custom
 .text.pbuf_add_header
                0x0800e03e        0x6 ./lwip-2.2.2/src/core/pbuf.o
                0x0800e03e                pbuf_add_header
 .text.pbuf_remove_header
                0x0800e044       0x48 ./lwip-2.2.2/src/core/pbuf.o
                0x0800e044                pbuf_remove_header
 .text.pbuf_header_force
                0x0800e08c       0x10 ./lwip-2.2.2/src/core/pbuf.o
                0x0800e08c                pbuf_header_force
 .text.pbuf_free
                0x0800e09c       0xd4 ./lwip-2.2.2/src/core/pbuf.o
                0x0800e09c                pbuf_free
 .text.pbuf_alloc
                0x0800e170       0xf0 ./lwip-2.2.2/src/core/pbuf.o
                0x0800e170                pbuf_alloc
 .text.pbuf_realloc
                0x0800e260       0xc4 ./lwip-2.2.2/src/core/pbuf.o
                0x0800e260                pbuf_realloc
 .text.pbuf_clen
                0x0800e324       0x10 ./lwip-2.2.2/src/core/pbuf.o
                0x0800e324                pbuf_clen
 .text.pbuf_ref
                0x0800e334       0x38 ./lwip-2.2.2/src/core/pbuf.o
                0x0800e334                pbuf_ref
 .text.pbuf_cat
                0x0800e36c       0x74 ./lwip-2.2.2/src/core/pbuf.o
                0x0800e36c                pbuf_cat
 .text.pbuf_copy_partial_pbuf
                0x0800e3e0       0xf8 ./lwip-2.2.2/src/core/pbuf.o
                0x0800e3e0                pbuf_copy_partial_pbuf
 .text.pbuf_copy
                0x0800e4d8       0x10 ./lwip-2.2.2/src/core/pbuf.o
                0x0800e4d8                pbuf_copy
 .text.pbuf_copy_partial
                0x0800e4e8       0x60 ./lwip-2.2.2/src/core/pbuf.o
                0x0800e4e8                pbuf_copy_partial
 .text.pbuf_clone
                0x0800e548       0x38 ./lwip-2.2.2/src/core/pbuf.o
                0x0800e548                pbuf_clone
 .text.pbuf_try_get_at
                0x0800e580       0x26 ./lwip-2.2.2/src/core/pbuf.o
                0x0800e580                pbuf_try_get_at
 .text.pbuf_get_at
                0x0800e5a6        0xe ./lwip-2.2.2/src/core/pbuf.o
                0x0800e5a6                pbuf_get_at
 .text.pbuf_memcmp
                0x0800e5b4       0x4e ./lwip-2.2.2/src/core/pbuf.o
                0x0800e5b4                pbuf_memcmp
 *fill*         0x0800e602        0x2 
 .text.tcp_new_port
                0x0800e604       0x50 ./lwip-2.2.2/src/core/tcp.o
 .text.tcp_close_shutdown_fin
                0x0800e654       0x60 ./lwip-2.2.2/src/core/tcp.o
 .text.tcp_init
                0x0800e6b4       0x18 ./lwip-2.2.2/src/core/tcp.o
                0x0800e6b4                tcp_init
 .text.tcp_free
                0x0800e6cc       0x30 ./lwip-2.2.2/src/core/tcp.o
                0x0800e6cc                tcp_free
 .text.tcp_bind
                0x0800e6fc       0x80 ./lwip-2.2.2/src/core/tcp.o
                0x0800e6fc                tcp_bind
 .text.tcp_listen_with_backlog_and_err
                0x0800e77c       0xa8 ./lwip-2.2.2/src/core/tcp.o
                0x0800e77c                tcp_listen_with_backlog_and_err
 .text.tcp_listen_with_backlog
                0x0800e824        0x6 ./lwip-2.2.2/src/core/tcp.o
                0x0800e824                tcp_listen_with_backlog
 *fill*         0x0800e82a        0x2 
 .text.tcp_update_rcv_ann_wnd
                0x0800e82c       0x68 ./lwip-2.2.2/src/core/tcp.o
                0x0800e82c                tcp_update_rcv_ann_wnd
 .text.tcp_recved
                0x0800e894       0x64 ./lwip-2.2.2/src/core/tcp.o
                0x0800e894                tcp_recved
 .text.tcp_seg_free
                0x0800e8f8       0x1c ./lwip-2.2.2/src/core/tcp.o
                0x0800e8f8                tcp_seg_free
 .text.tcp_segs_free
                0x0800e914       0x10 ./lwip-2.2.2/src/core/tcp.o
                0x0800e914                tcp_segs_free
 .text.tcp_arg  0x0800e924        0x6 ./lwip-2.2.2/src/core/tcp.o
                0x0800e924                tcp_arg
 *fill*         0x0800e92a        0x2 
 .text.tcp_recv
                0x0800e92c       0x30 ./lwip-2.2.2/src/core/tcp.o
                0x0800e92c                tcp_recv
 .text.tcp_sent
                0x0800e95c       0x2c ./lwip-2.2.2/src/core/tcp.o
                0x0800e95c                tcp_sent
 .text.tcp_err  0x0800e988       0x30 ./lwip-2.2.2/src/core/tcp.o
                0x0800e988                tcp_err
 .text.tcp_accept
                0x0800e9b8        0xc ./lwip-2.2.2/src/core/tcp.o
                0x0800e9b8                tcp_accept
 .text.tcp_poll
                0x0800e9c4       0x34 ./lwip-2.2.2/src/core/tcp.o
                0x0800e9c4                tcp_poll
 .text.tcp_pcb_purge
                0x0800e9f8       0x3a ./lwip-2.2.2/src/core/tcp.o
                0x0800e9f8                tcp_pcb_purge
 *fill*         0x0800ea32        0x2 
 .text.tcp_slowtmr
                0x0800ea34      0x424 ./lwip-2.2.2/src/core/tcp.o
                0x0800ea34                tcp_slowtmr
 .text.tcp_pcb_remove
                0x0800ee58       0xb8 ./lwip-2.2.2/src/core/tcp.o
                0x0800ee58                tcp_pcb_remove
 .text.tcp_close_shutdown
                0x0800ef10      0x164 ./lwip-2.2.2/src/core/tcp.o
 .text.tcp_close
                0x0800f074       0x1c ./lwip-2.2.2/src/core/tcp.o
                0x0800f074                tcp_close
 .text.tcp_recv_null
                0x0800f090       0x2c ./lwip-2.2.2/src/core/tcp.o
                0x0800f090                tcp_recv_null
 .text.tcp_process_refused_data
                0x0800f0bc       0x6e ./lwip-2.2.2/src/core/tcp.o
                0x0800f0bc                tcp_process_refused_data
 *fill*         0x0800f12a        0x2 
 .text.tcp_fasttmr
                0x0800f12c       0x80 ./lwip-2.2.2/src/core/tcp.o
                0x0800f12c                tcp_fasttmr
 .text.tcp_tmr  0x0800f1ac       0x24 ./lwip-2.2.2/src/core/tcp.o
                0x0800f1ac                tcp_tmr
 .text.tcp_shutdown
                0x0800f1d0       0x54 ./lwip-2.2.2/src/core/tcp.o
                0x0800f1d0                tcp_shutdown
 .text.tcp_abandon
                0x0800f224       0xec ./lwip-2.2.2/src/core/tcp.o
                0x0800f224                tcp_abandon
 .text.tcp_abort
                0x0800f310        0x6 ./lwip-2.2.2/src/core/tcp.o
                0x0800f310                tcp_abort
 *fill*         0x0800f316        0x2 
 .text.tcp_accept_null
                0x0800f318       0x2c ./lwip-2.2.2/src/core/tcp.o
 .text.tcp_netif_ip_addr_changed_pcblist
                0x0800f344       0x3c ./lwip-2.2.2/src/core/tcp.o
 .text.tcp_kill_state
                0x0800f380       0x3c ./lwip-2.2.2/src/core/tcp.o
 .text.tcp_alloc
                0x0800f3bc      0x134 ./lwip-2.2.2/src/core/tcp.o
                0x0800f3bc                tcp_alloc
 .text.tcp_new_ip_type
                0x0800f4f0        0x6 ./lwip-2.2.2/src/core/tcp.o
                0x0800f4f0                tcp_new_ip_type
 *fill*         0x0800f4f6        0x2 
 .text.tcp_next_iss
                0x0800f4f8       0x34 ./lwip-2.2.2/src/core/tcp.o
                0x0800f4f8                tcp_next_iss
 .text.tcp_eff_send_mss_netif
                0x0800f52c       0x3c ./lwip-2.2.2/src/core/tcp.o
                0x0800f52c                tcp_eff_send_mss_netif
 .text.tcp_connect
                0x0800f568       0xf8 ./lwip-2.2.2/src/core/tcp.o
                0x0800f568                tcp_connect
 .text.tcp_netif_ip_addr_changed
                0x0800f660       0x48 ./lwip-2.2.2/src/core/tcp.o
                0x0800f660                tcp_netif_ip_addr_changed
 .text.tcp_get_next_optbyte
                0x0800f6a8       0x38 ./lwip-2.2.2/src/core/tcp_in.o
 .text.tcp_parseopt
                0x0800f6e0       0x94 ./lwip-2.2.2/src/core/tcp_in.o
 .text.tcp_input_delayed_close
                0x0800f774       0x3c ./lwip-2.2.2/src/core/tcp_in.o
 .text.tcp_free_acked_segments.isra.0
                0x0800f7b0       0xc4 ./lwip-2.2.2/src/core/tcp_in.o
 .text.tcp_receive
                0x0800f874      0x4b4 ./lwip-2.2.2/src/core/tcp_in.o
 .text.tcp_input
                0x0800fd28      0xb0c ./lwip-2.2.2/src/core/tcp_in.o