../tinyusb/src/bsp/board.c:107:5:_read	8	static
../tinyusb/src/bsp/board.c:147:5:board_getchar	16	static
../tinyusb/src/bsp/board.c:152:6:board_putchar	16	static
../tinyusb/src/bsp/board.c:156:10:tusb_time_millis_api	0	static
../tinyusb/src/bsp/board.c:167:6:vApplicationMallocFailedHook	0	static,ignoring_inline_asm
../tinyusb/src/bsp/board.c:172:6:vApplicationStackOverflowHook	0	static,ignoring_inline_asm
../tinyusb/src/bsp/board.c:183:6:vApplicationGetIdleTaskMemory	0	static
../tinyusb/src/bsp/board.c:206:6:vApplicationGetTimerTaskMemory	0	static
