../lwip-2.2.2/src/apps/lwiperf/lwiperf.c:250:1:lwiperf_tcp_close	56	static
../lwip-2.2.2/src/apps/lwiperf/lwiperf.c:598:1:lwiperf_tcp_accept	24	static
../lwip-2.2.2/src/apps/lwiperf/lwiperf.c:565:1:lwiperf_tcp_err	0	static
../lwip-2.2.2/src/apps/lwiperf/lwiperf.c:277:1:lwiperf_tcp_client_send_more	32	static
../lwip-2.2.2/src/apps/lwiperf/lwiperf.c:355:1:lwiperf_tcp_client_sent	8	static
../lwip-2.2.2/src/apps/lwiperf/lwiperf.c:579:1:lwiperf_tcp_poll	8	static
../lwip-2.2.2/src/apps/lwiperf/lwiperf.c:370:1:lwiperf_tcp_client_connected	16	static
../lwip-2.2.2/src/apps/lwiperf/lwiperf.c:690:14:lwiperf_start_tcp_server_impl.constprop	24	static
../lwip-2.2.2/src/apps/lwiperf/lwiperf.c:388:1:lwiperf_tx_start_impl	48	static
../lwip-2.2.2/src/apps/lwiperf/lwiperf.c:440:1:lwiperf_tx_start_passive	40	static
../lwip-2.2.2/src/apps/lwiperf/lwiperf.c:457:1:lwiperf_tcp_recv	24	static
../lwip-2.2.2/src/apps/lwiperf/lwiperf.c:676:1:lwiperf_start_tcp_server	32	static
../lwip-2.2.2/src/apps/lwiperf/lwiperf.c:661:1:lwiperf_start_tcp_server_default	0	static
../lwip-2.2.2/src/apps/lwiperf/lwiperf.c:826:1:lwiperf_abort	16	static
../lwip-2.2.2/src/apps/lwiperf/lwiperf.c:764:7:lwiperf_start_tcp_client	72	static
../lwip-2.2.2/src/apps/lwiperf/lwiperf.c:750:7:lwiperf_start_tcp_client_default	16	static
