../tinyusb/src/class/cdc/cdc_device.c:91:13:_prep_out_transaction.isra	32	static
../tinyusb/src/class/cdc/cdc_device.c:125:6:tud_cdc_configure	0	static
../tinyusb/src/class/cdc/cdc_device.c:131:6:tud_cdc_n_ready	8	static
../tinyusb/src/class/cdc/cdc_device.c:135:6:tud_cdc_n_connected	8	static
../tinyusb/src/class/cdc/cdc_device.c:140:9:tud_cdc_n_get_line_state	0	static
../tinyusb/src/class/cdc/cdc_device.c:144:6:tud_cdc_n_get_line_coding	0	static
../tinyusb/src/class/cdc/cdc_device.c:149:6:tud_cdc_n_notify_uart_state	24	static
../tinyusb/src/class/cdc/cdc_device.c:166:6:tud_cdc_n_notify_conn_speed_change	24	static
../tinyusb/src/class/cdc/cdc_device.c:184:6:tud_cdc_n_set_wanted_char	0	static
../tinyusb/src/class/cdc/cdc_device.c:191:10:tud_cdc_n_available	8	static
../tinyusb/src/class/cdc/cdc_device.c:195:10:tud_cdc_n_read	16	static
../tinyusb/src/class/cdc/cdc_device.c:202:6:tud_cdc_n_peek	0	static
../tinyusb/src/class/cdc/cdc_device.c:206:6:tud_cdc_n_read_flush	8	static
../tinyusb/src/class/cdc/cdc_device.c:231:10:tud_cdc_n_write_flush	32	static,ignoring_inline_asm
../tinyusb/src/class/cdc/cdc_device.c:215:10:tud_cdc_n_write	16	static
../tinyusb/src/class/cdc/cdc_device.c:257:10:tud_cdc_n_write_available	8	static
../tinyusb/src/class/cdc/cdc_device.c:261:6:tud_cdc_n_write_clear	0	static
../tinyusb/src/class/cdc/cdc_device.c:268:6:cdcd_init	24	static,ignoring_inline_asm
../tinyusb/src/class/cdc/cdc_device.c:300:6:cdcd_deinit	16	static
../tinyusb/src/class/cdc/cdc_device.c:322:6:cdcd_reset	8	static
../tinyusb/src/class/cdc/cdc_device.c:339:10:cdcd_open	32	static,ignoring_inline_asm
../tinyusb/src/class/cdc/cdc_device.c:400:6:cdcd_control_xfer_cb	16	static
../tinyusb/src/class/cdc/cdc_device.c:483:6:cdcd_xfer_cb	32	static,ignoring_inline_asm
