../lwip-2.2.2/system/os/sys_arch.c:111:1:sys_init	0	static
../lwip-2.2.2/system/os/sys_arch.c:127:1:sys_now	0	static
../lwip-2.2.2/system/os/sys_arch.c:134:1:sys_jiffies	0	static
../lwip-2.2.2/system/os/sys_arch.c:142:1:sys_arch_protect	8	static
../lwip-2.2.2/system/os/sys_arch.c:167:1:sys_arch_unprotect	0	static
../lwip-2.2.2/system/os/sys_arch.c:192:1:sys_arch_msleep	0	static
../lwip-2.2.2/system/os/sys_arch.c:202:1:sys_mutex_new	8	static
../lwip-2.2.2/system/os/sys_arch.c:216:1:sys_mutex_lock	8	static
../lwip-2.2.2/system/os/sys_arch.c:227:1:sys_mutex_unlock	8	static
../lwip-2.2.2/system/os/sys_arch.c:238:1:sys_mutex_free	8	static
../lwip-2.2.2/system/os/sys_arch.c:251:1:sys_sem_new	16	static
../lwip-2.2.2/system/os/sys_arch.c:272:1:sys_sem_signal	8	static
../lwip-2.2.2/system/os/sys_arch.c:285:1:sys_arch_sem_wait	16	static
../lwip-2.2.2/system/os/sys_arch.c:312:1:sys_sem_free	8	static
../lwip-2.2.2/system/os/sys_arch.c:323:1:sys_mbox_new	16	static
../lwip-2.2.2/system/os/sys_arch.c:338:1:sys_mbox_post	16	static
../lwip-2.2.2/system/os/sys_arch.c:349:1:sys_mbox_trypost	16	static
../lwip-2.2.2/system/os/sys_arch.c:366:1:sys_mbox_trypost_fromisr	24	static
../lwip-2.2.2/system/os/sys_arch.c:387:1:sys_arch_mbox_fetch	24	static
../lwip-2.2.2/system/os/sys_arch.c:420:1:sys_arch_mbox_tryfetch	24	static
../lwip-2.2.2/system/os/sys_arch.c:442:1:sys_mbox_free	8	static
../lwip-2.2.2/system/os/sys_arch.c:464:1:sys_thread_new	40	static
