../fatfs_r0.15b/source/ff.c:629:14:ld_32	0	static
../fatfs_r0.15b/source/ff.c:641:14:ld_64	0	static
../fatfs_r0.15b/source/ff.c:664:13:st_32	0	static
../fatfs_r0.15b/source/ff.c:673:13:st_64	0	static
../fatfs_r0.15b/source/ff.c:694:12:dbc_1st	0	static
../fatfs_r0.15b/source/ff.c:1160:14:clst2sect	8	static
../fatfs_r0.15b/source/ff.c:2071:13:sum_sfn	0	static
../fatfs_r0.15b/source/ff.c:2093:13:xdir_sum	8	static
../fatfs_r0.15b/source/ff.c:3167:12:get_ldnumber	8	static
../fatfs_r0.15b/source/ff.c:3244:14:crc32	12	static
../fatfs_r0.15b/source/ff.c:3635:16:validate	16	static
../fatfs_r0.15b/source/ff.c:1058:16:sync_window	32	static
../fatfs_r0.15b/source/ff.c:807:13:put_utf	16	static
../fatfs_r0.15b/source/ff.c:2639:13:get_fileinfo	32	static
../fatfs_r0.15b/source/ff.c:2114:13:xname_sum	16	static
../fatfs_r0.15b/source/ff.c:1883:13:st_clust	0	static
../fatfs_r0.15b/source/ff.c:1080:16:move_window	32	static
../fatfs_r0.15b/source/ff.c:3314:13:check_fs	24	static
../fatfs_r0.15b/source/ff.c:1360:16:change_bitmap	40	static
../fatfs_r0.15b/source/ff.c:1177:14:get_fat	24	static
../fatfs_r0.15b/source/ff.c:1715:16:dir_sdi	24	static
../fatfs_r0.15b/source/ff.c:1255:16:put_fat	32	static
../fatfs_r0.15b/source/ff.c:1419:16:fill_last_frag	24	static
../fatfs_r0.15b/source/ff.c:1396:16:fill_first_frag	16	static
../fatfs_r0.15b/source/ff.c:1445:16:remove_chain	32	static
../fatfs_r0.15b/source/ff.c:1676:16:dir_clear	40	static
../fatfs_r0.15b/source/ff.c:1111:16:sync_fs	32	static
../fatfs_r0.15b/source/ff.c:3408:16:mount_volume	56	static
../fatfs_r0.15b/source/ff.c:3286:14:make_rand.constprop	8	static
../fatfs_r0.15b/source/ff.c:1540:14:create_chain	40	static
../fatfs_r0.15b/source/ff.c:1763:16:dir_next	32	static
../fatfs_r0.15b/source/ff.c:1824:16:dir_alloc	24	static
../fatfs_r0.15b/source/ff.c:2593:16:dir_remove	24	static
../fatfs_r0.15b/source/ff.c:2148:16:load_xdir	24	static
../fatfs_r0.15b/source/ff.c:2247:16:store_xdir	24	static
../fatfs_r0.15b/source/ff.c:2327:16:dir_read.constprop	32	static
../fatfs_r0.15b/source/ff.c:2405:16:dir_find	64	static
../fatfs_r0.15b/source/ff.c:2487:16:dir_register	144	static
../fatfs_r0.15b/source/ff.c:2200:13:init_alloc_info.isra	8	static
../fatfs_r0.15b/source/ff.c:1866:14:ld_clust.isra	0	static
../fatfs_r0.15b/source/ff.c:3080:16:follow_path	56	static
../fatfs_r0.15b/source/ff.c:3679:9:f_mount	24	static
../fatfs_r0.15b/source/ff.c:3739:9:f_open	152	static
../fatfs_r0.15b/source/ff.c:3935:9:f_read	72	static
../fatfs_r0.15b/source/ff.c:4035:9:f_write	72	static
../fatfs_r0.15b/source/ff.c:4156:9:f_sync	128	static
../fatfs_r0.15b/source/ff.c:4237:9:f_close	16	static
../fatfs_r0.15b/source/ff.c:4453:9:f_lseek	64	static
../fatfs_r0.15b/source/ff.c:4617:9:f_opendir	32	static
../fatfs_r0.15b/source/ff.c:4682:9:f_closedir	16	static
../fatfs_r0.15b/source/ff.c:4712:9:f_readdir	24	static
../fatfs_r0.15b/source/ff.c:4802:9:f_stat	112	static
../fatfs_r0.15b/source/ff.c:4839:9:f_getfree	104	static
../fatfs_r0.15b/source/ff.c:4936:9:f_truncate	32	static
../fatfs_r0.15b/source/ff.c:4987:9:f_unlink	264	static
../fatfs_r0.15b/source/ff.c:5082:9:f_mkdir	176	static
../fatfs_r0.15b/source/ff.c:5170:9:f_rename	280	static
../fatfs_r0.15b/source/ff.c:5941:9:f_mkfs	168	static
../fatfs_r0.15b/source/ff.c:7124:9:f_setcp	0	static
