../fatfs/source/ff.c:628:14:ld_32	0	static
../fatfs/source/ff.c:640:14:ld_64	0	static
../fatfs/source/ff.c:663:13:st_32	0	static
../fatfs/source/ff.c:672:13:st_64	0	static
../fatfs/source/ff.c:693:12:dbc_1st	0	static
../fatfs/source/ff.c:1159:14:clst2sect	8	static
../fatfs/source/ff.c:2070:13:sum_sfn	0	static
../fatfs/source/ff.c:2092:13:xdir_sum	8	static
../fatfs/source/ff.c:2199:13:init_alloc_info	8	static
../fatfs/source/ff.c:3220:12:get_ldnumber	20	static
../fatfs/source/ff.c:3297:14:crc32	12	static
../fatfs/source/ff.c:3695:16:validate	16	static
../fatfs/source/ff.c:1057:16:sync_window	32	static
../fatfs/source/ff.c:806:13:put_utf	16	static
../fatfs/source/ff.c:2653:13:get_fileinfo	32	static
../fatfs/source/ff.c:2113:13:xname_sum	16	static
../fatfs/source/ff.c:1882:13:st_clust	0	static
../fatfs/source/ff.c:1079:16:move_window	32	static
../fatfs/source/ff.c:3367:13:check_fs	24	static
../fatfs/source/ff.c:1359:16:change_bitmap	40	static
../fatfs/source/ff.c:1176:14:get_fat	24	static
../fatfs/source/ff.c:1714:16:dir_sdi	24	static
../fatfs/source/ff.c:1254:16:put_fat	32	static
../fatfs/source/ff.c:1418:16:fill_last_frag	24	static
../fatfs/source/ff.c:1395:16:fill_first_frag	16	static
../fatfs/source/ff.c:1444:16:remove_chain	32	static
../fatfs/source/ff.c:1675:16:dir_clear	40	static
../fatfs/source/ff.c:1110:16:sync_fs	32	static
../fatfs/source/ff.c:3461:16:mount_volume	56	static
../fatfs/source/ff.c:3339:14:make_rand.constprop	8	static
../fatfs/source/ff.c:1539:14:create_chain	40	static
../fatfs/source/ff.c:1762:16:dir_next	32	static
../fatfs/source/ff.c:1823:16:dir_alloc	24	static
../fatfs/source/ff.c:2607:16:dir_remove	24	static
../fatfs/source/ff.c:2147:16:load_xdir	24	static
../fatfs/source/ff.c:2254:16:store_xdir	24	static
../fatfs/source/ff.c:2334:16:dir_read.constprop	32	static
../fatfs/source/ff.c:2412:16:dir_find	64	static
../fatfs/source/ff.c:2494:16:dir_register	144	static
../fatfs/source/ff.c:1865:14:ld_clust.isra	0	static
../fatfs/source/ff.c:3101:16:follow_path	56	static
../fatfs/source/ff.c:3739:9:f_mount	24	static
../fatfs/source/ff.c:3799:9:f_open	152	static
../fatfs/source/ff.c:3996:9:f_read	72	static
../fatfs/source/ff.c:4097:9:f_write	72	static
../fatfs/source/ff.c:4218:9:f_sync	128	static
../fatfs/source/ff.c:4299:9:f_close	16	static
../fatfs/source/ff.c:4555:9:f_lseek	64	static
../fatfs/source/ff.c:4719:9:f_opendir	32	static
../fatfs/source/ff.c:4781:9:f_closedir	16	static
../fatfs/source/ff.c:4811:9:f_readdir	24	static
../fatfs/source/ff.c:4902:9:f_stat	112	static
../fatfs/source/ff.c:4939:9:f_getfree	104	static
../fatfs/source/ff.c:5036:9:f_truncate	32	static
../fatfs/source/ff.c:5087:9:f_unlink	264	static
../fatfs/source/ff.c:5176:9:f_mkdir	176	static
../fatfs/source/ff.c:5261:9:f_rename	280	static
../fatfs/source/ff.c:6043:9:f_mkfs	168	static
../fatfs/source/ff.c:7226:9:f_setcp	0	static
