../Drivers/STM32F7xx_HAL_Driver/Src/stm32f7xx_ll_rtc.c:234:6:LL_RTC_StructInit	0	static
../Drivers/STM32F7xx_HAL_Driver/Src/stm32f7xx_ll_rtc.c:336:6:LL_RTC_TIME_StructInit	0	static
../Drivers/STM32F7xx_HAL_Driver/Src/stm32f7xx_ll_rtc.c:424:6:LL_RTC_DATE_StructInit	0	static
../Drivers/STM32F7xx_HAL_Driver/Src/stm32f7xx_ll_rtc.c:447:13:LL_RTC_ALMA_Init	20	static
../Drivers/STM32F7xx_HAL_Driver/Src/stm32f7xx_ll_rtc.c:565:13:LL_RTC_ALMB_Init	20	static
../Drivers/STM32F7xx_HAL_Driver/Src/stm32f7xx_ll_rtc.c:675:6:LL_RTC_ALMA_StructInit	0	static
../Drivers/STM32F7xx_HAL_Driver/Src/stm32f7xx_ll_rtc.c:697:6:LL_RTC_ALMB_StructInit	0	static
../Drivers/STM32F7xx_HAL_Driver/Src/stm32f7xx_ll_rtc.c:722:13:LL_RTC_EnterInitMode	16	static
../Drivers/STM32F7xx_HAL_Driver/Src/stm32f7xx_ll_rtc.c:195:13:LL_RTC_Init	16	static
../Drivers/STM32F7xx_HAL_Driver/Src/stm32f7xx_ll_rtc.c:766:13:LL_RTC_ExitInitMode	0	static
../Drivers/STM32F7xx_HAL_Driver/Src/stm32f7xx_ll_rtc.c:793:13:LL_RTC_WaitForSynchro	16	static
../Drivers/STM32F7xx_HAL_Driver/Src/stm32f7xx_ll_rtc.c:135:13:LL_RTC_DeInit	8	static
../Drivers/STM32F7xx_HAL_Driver/Src/stm32f7xx_ll_rtc.c:254:13:LL_RTC_TIME_Init	24	static
../Drivers/STM32F7xx_HAL_Driver/Src/stm32f7xx_ll_rtc.c:357:13:LL_RTC_DATE_Init	24	static
