../Drivers/STM32F7xx_HAL_Driver/Inc/stm32f7xx_ll_rcc.h:2030:26:LL_RCC_HSI_IsReady	0	static
../Drivers/STM32F7xx_HAL_Driver/Inc/stm32f7xx_ll_rcc.h:2154:26:LL_RCC_LSE_IsReady	0	static
../Drivers/STM32F7xx_HAL_Driver/Inc/stm32f7xx_ll_rcc.h:4179:26:LL_RCC_PLLSAI_IsReady	0	static
../Drivers/STM32F7xx_HAL_Driver/Src/stm32f7xx_ll_rcc.c:162:13:LL_RCC_DeInit	16	static
../Drivers/STM32F7xx_HAL_Driver/Src/stm32f7xx_ll_rcc.c:1004:10:LL_RCC_GetCECClockFreq	8	static
../Drivers/STM32F7xx_HAL_Driver/Src/stm32f7xx_ll_rcc.c:1262:10:RCC_GetHCLKClockFreq	0	static
../Drivers/STM32F7xx_HAL_Driver/Src/stm32f7xx_ll_rcc.c:1273:10:RCC_GetPCLK1ClockFreq	0	static
../Drivers/STM32F7xx_HAL_Driver/Src/stm32f7xx_ll_rcc.c:1284:10:RCC_GetPCLK2ClockFreq	0	static
../Drivers/STM32F7xx_HAL_Driver/Src/stm32f7xx_ll_rcc.c:1294:10:RCC_PLL_GetFreqDomain_SYS	0	static
../Drivers/STM32F7xx_HAL_Driver/Src/stm32f7xx_ll_rcc.c:1230:10:RCC_GetSystemClockFreq	0	static
../Drivers/STM32F7xx_HAL_Driver/Src/stm32f7xx_ll_rcc.c:257:6:LL_RCC_GetSystemClocksFreq	8	static
../Drivers/STM32F7xx_HAL_Driver/Src/stm32f7xx_ll_rcc.c:282:10:LL_RCC_GetUSARTClockFreq	8	static
../Drivers/STM32F7xx_HAL_Driver/Src/stm32f7xx_ll_rcc.c:421:10:LL_RCC_GetUARTClockFreq	8	static
../Drivers/STM32F7xx_HAL_Driver/Src/stm32f7xx_ll_rcc.c:562:10:LL_RCC_GetI2CClockFreq	8	static
../Drivers/STM32F7xx_HAL_Driver/Src/stm32f7xx_ll_rcc.c:714:10:LL_RCC_GetLPTIMClockFreq	8	static
../Drivers/STM32F7xx_HAL_Driver/Src/stm32f7xx_ll_rcc.c:1076:10:LL_RCC_GetDFSDMClockFreq	8	static
../Drivers/STM32F7xx_HAL_Driver/Src/stm32f7xx_ll_rcc.c:1325:10:RCC_PLL_GetFreqDomain_48M	8	static
../Drivers/STM32F7xx_HAL_Driver/Src/stm32f7xx_ll_rcc.c:1386:10:RCC_PLLSAI_GetFreqDomain_SAI	8	static
../Drivers/STM32F7xx_HAL_Driver/Src/stm32f7xx_ll_rcc.c:1417:10:RCC_PLLSAI_GetFreqDomain_48M	0	static
../Drivers/STM32F7xx_HAL_Driver/Src/stm32f7xx_ll_rcc.c:885:10:LL_RCC_GetSDMMCClockFreq	8	static
../Drivers/STM32F7xx_HAL_Driver/Src/stm32f7xx_ll_rcc.c:967:10:LL_RCC_GetRNGClockFreq	8	static
../Drivers/STM32F7xx_HAL_Driver/Src/stm32f7xx_ll_rcc.c:1040:10:LL_RCC_GetUSBClockFreq	0	static
../Drivers/STM32F7xx_HAL_Driver/Src/stm32f7xx_ll_rcc.c:1449:10:RCC_PLLSAI_GetFreqDomain_LTDC	8	static
../Drivers/STM32F7xx_HAL_Driver/Src/stm32f7xx_ll_rcc.c:1174:10:LL_RCC_GetLTDCClockFreq	8	static
../Drivers/STM32F7xx_HAL_Driver/Src/stm32f7xx_ll_rcc.c:1481:10:RCC_PLLI2S_GetFreqDomain_SAI	8	static
../Drivers/STM32F7xx_HAL_Driver/Src/stm32f7xx_ll_rcc.c:765:10:LL_RCC_GetSAIClockFreq	8	static
../Drivers/STM32F7xx_HAL_Driver/Src/stm32f7xx_ll_rcc.c:1106:10:LL_RCC_GetDFSDMAudioClockFreq	0	static
../Drivers/STM32F7xx_HAL_Driver/Src/stm32f7xx_ll_rcc.c:1513:10:RCC_PLLI2S_GetFreqDomain_SPDIFRX	0	static
../Drivers/STM32F7xx_HAL_Driver/Src/stm32f7xx_ll_rcc.c:1198:10:LL_RCC_GetSPDIFRXClockFreq	0	static
../Drivers/STM32F7xx_HAL_Driver/Src/stm32f7xx_ll_rcc.c:1546:10:RCC_PLLI2S_GetFreqDomain_I2S	8	static
../Drivers/STM32F7xx_HAL_Driver/Src/stm32f7xx_ll_rcc.c:678:10:LL_RCC_GetI2SClockFreq	0	static
