../Drivers/STM32F7xx_HAL_Driver/Inc/stm32f7xx_ll_bus.h:1295:22:LL_APB1_GRP1_ForceReset	0	static
../Drivers/STM32F7xx_HAL_Driver/Inc/stm32f7xx_ll_bus.h:1367:22:LL_APB1_GRP1_ReleaseReset	0	static
../Drivers/STM32F7xx_HAL_Driver/Src/stm32f7xx_ll_tim.c:216:13:LL_TIM_DeInit	8	static
../Drivers/STM32F7xx_HAL_Driver/Src/stm32f7xx_ll_tim.c:331:6:LL_TIM_StructInit	0	static
../Drivers/STM32F7xx_HAL_Driver/Src/stm32f7xx_ll_tim.c:350:13:LL_TIM_Init	0	static
../Drivers/STM32F7xx_HAL_Driver/Src/stm32f7xx_ll_tim.c:402:6:LL_TIM_OC_StructInit	0	static
../Drivers/STM32F7xx_HAL_Driver/Src/stm32f7xx_ll_tim.c:431:13:LL_TIM_OC_Init	12	static
../Drivers/STM32F7xx_HAL_Driver/Src/stm32f7xx_ll_tim.c:469:6:LL_TIM_IC_StructInit	0	static
../Drivers/STM32F7xx_HAL_Driver/Src/stm32f7xx_ll_tim.c:492:13:LL_TIM_IC_Init	8	static
../Drivers/STM32F7xx_HAL_Driver/Src/stm32f7xx_ll_tim.c:523:6:LL_TIM_ENCODER_StructInit	0	static
../Drivers/STM32F7xx_HAL_Driver/Src/stm32f7xx_ll_tim.c:546:13:LL_TIM_ENCODER_Init	12	static
../Drivers/STM32F7xx_HAL_Driver/Src/stm32f7xx_ll_tim.c:609:6:LL_TIM_HALLSENSOR_StructInit	0	static
../Drivers/STM32F7xx_HAL_Driver/Src/stm32f7xx_ll_tim.c:639:13:LL_TIM_HALLSENSOR_Init	20	static
../Drivers/STM32F7xx_HAL_Driver/Src/stm32f7xx_ll_tim.c:718:6:LL_TIM_BDTR_StructInit	0	static
../Drivers/STM32F7xx_HAL_Driver/Src/stm32f7xx_ll_tim.c:751:13:LL_TIM_BDTR_Init	0	static
