../Drivers/STM32F7xx_HAL_Driver/Src/stm32f7xx_hal_sd.c:2862:28:SD_CmdResp2Error	0	static
../Drivers/STM32F7xx_HAL_Driver/Src/stm32f7xx_hal_sd.c:2686:28:SD_CmdResp1Error	16	static
../Drivers/STM32F7xx_HAL_Driver/Src/stm32f7xx_hal_sd.c:3233:28:SD_IsCardProgramming	48	static
../Drivers/STM32F7xx_HAL_Driver/Src/stm32f7xx_hal_sd.c:3119:28:SD_FindSCR.constprop	80	static
../Drivers/STM32F7xx_HAL_Driver/Src/stm32f7xx_hal_sd.c:415:13:HAL_SD_MspInit	0	static
../Drivers/STM32F7xx_HAL_Driver/Src/stm32f7xx_hal_sd.c:430:13:HAL_SD_MspDeInit	0	static
../Drivers/STM32F7xx_HAL_Driver/Src/stm32f7xx_hal_sd.c:397:19:HAL_SD_DeInit	8	static
../Drivers/STM32F7xx_HAL_Driver/Src/stm32f7xx_hal_sd.c:856:21:HAL_SD_ReadBlocks_DMA	80	static
../Drivers/STM32F7xx_HAL_Driver/Src/stm32f7xx_hal_sd.c:972:21:HAL_SD_WriteBlocks_DMA	72	static
../Drivers/STM32F7xx_HAL_Driver/Src/stm32f7xx_hal_sd.c:1210:21:HAL_SD_Erase	64	static
../Drivers/STM32F7xx_HAL_Driver/Src/stm32f7xx_hal_sd.c:1379:13:HAL_SD_XferCpltCallback	0	static
../Drivers/STM32F7xx_HAL_Driver/Src/stm32f7xx_hal_sd.c:1394:13:HAL_SD_XferErrorCallback	0	static
../Drivers/STM32F7xx_HAL_Driver/Src/stm32f7xx_hal_sd.c:1314:6:HAL_SD_IRQHandler	8	static
../Drivers/STM32F7xx_HAL_Driver/Src/stm32f7xx_hal_sd.c:1410:13:HAL_SD_DMA_RxCpltCallback	0	static
../Drivers/STM32F7xx_HAL_Driver/Src/stm32f7xx_hal_sd.c:2198:13:SD_DMA_RxCplt	8	static
../Drivers/STM32F7xx_HAL_Driver/Src/stm32f7xx_hal_sd.c:1426:13:HAL_SD_DMA_RxErrorCallback	0	static
../Drivers/STM32F7xx_HAL_Driver/Src/stm32f7xx_hal_sd.c:2223:13:SD_DMA_RxError	8	static
../Drivers/STM32F7xx_HAL_Driver/Src/stm32f7xx_hal_sd.c:1442:13:HAL_SD_DMA_TxCpltCallback	0	static
../Drivers/STM32F7xx_HAL_Driver/Src/stm32f7xx_hal_sd.c:2237:13:SD_DMA_TxCplt	8	static
../Drivers/STM32F7xx_HAL_Driver/Src/stm32f7xx_hal_sd.c:1458:13:HAL_SD_DMA_TxErrorCallback	0	static
../Drivers/STM32F7xx_HAL_Driver/Src/stm32f7xx_hal_sd.c:2262:13:SD_DMA_TxError	8	static
../Drivers/STM32F7xx_HAL_Driver/Src/stm32f7xx_hal_sd.c:1494:21:HAL_SD_Get_CardInfo	20	static
../Drivers/STM32F7xx_HAL_Driver/Src/stm32f7xx_hal_sd.c:339:21:HAL_SD_Init	104	static
../Drivers/STM32F7xx_HAL_Driver/Src/stm32f7xx_hal_sd.c:1710:21:HAL_SD_WideBusOperation_Config	64	static
../Drivers/STM32F7xx_HAL_Driver/Src/stm32f7xx_hal_sd.c:1764:21:HAL_SD_StopTransfer	40	static
../Drivers/STM32F7xx_HAL_Driver/Src/stm32f7xx_hal_sd.c:470:21:HAL_SD_ReadBlocks	80	static
../Drivers/STM32F7xx_HAL_Driver/Src/stm32f7xx_hal_sd.c:646:21:HAL_SD_WriteBlocks	88	static
../Drivers/STM32F7xx_HAL_Driver/Src/stm32f7xx_hal_sd.c:1087:21:HAL_SD_CheckReadOperation	16	static
../Drivers/STM32F7xx_HAL_Driver/Src/stm32f7xx_hal_sd.c:1791:21:HAL_SD_HighSpeed	152	static
../Drivers/STM32F7xx_HAL_Driver/Src/stm32f7xx_hal_sd.c:1946:21:HAL_SD_SendSDStatus	80	static
../Drivers/STM32F7xx_HAL_Driver/Src/stm32f7xx_hal_sd.c:2074:29:HAL_SD_GetStatus	40	static
../Drivers/STM32F7xx_HAL_Driver/Src/stm32f7xx_hal_sd.c:1147:21:HAL_SD_CheckWriteOperation	16	static
../Drivers/STM32F7xx_HAL_Driver/Src/stm32f7xx_hal_sd.c:2103:21:HAL_SD_GetCardStatus	72	static
