../Drivers/STM32F7xx_HAL_Driver/Src/stm32f7xx_ll_dma2d.c:132:13:LL_DMA2D_DeInit	0	static
../Drivers/STM32F7xx_HAL_Driver/Src/stm32f7xx_ll_dma2d.c:244:6:LL_DMA2D_StructInit	0	static
../Drivers/STM32F7xx_HAL_Driver/Src/stm32f7xx_ll_dma2d.c:274:6:LL_DMA2D_ConfigLayer	48	static
../Drivers/STM32F7xx_HAL_Driver/Src/stm32f7xx_ll_dma2d.c:366:6:LL_DMA2D_LayerCfgStructInit	0	static
../Drivers/STM32F7xx_HAL_Driver/Src/stm32f7xx_ll_dma2d.c:394:6:LL_DMA2D_ConfigOutputColor	12	static
../Drivers/STM32F7xx_HAL_Driver/Src/stm32f7xx_ll_dma2d.c:453:10:LL_DMA2D_GetOutputBlueColor	0	static
../Drivers/STM32F7xx_HAL_Driver/Src/stm32f7xx_ll_dma2d.c:497:10:LL_DMA2D_GetOutputGreenColor	0	static
../Drivers/STM32F7xx_HAL_Driver/Src/stm32f7xx_ll_dma2d.c:541:10:LL_DMA2D_GetOutputRedColor	0	static
../Drivers/STM32F7xx_HAL_Driver/Src/stm32f7xx_ll_dma2d.c:585:10:LL_DMA2D_GetOutputAlphaColor	0	static
../Drivers/STM32F7xx_HAL_Driver/Src/stm32f7xx_ll_dma2d.c:621:6:LL_DMA2D_ConfigSize	0	static
../Drivers/STM32F7xx_HAL_Driver/Src/stm32f7xx_ll_dma2d.c:166:13:LL_DMA2D_Init	48	static
