../Drivers/STM32F7xx_HAL_Driver/Inc/stm32f7xx_ll_bus.h:309:22:LL_AHB1_GRP1_EnableClock	8	static
../Bsp/sdio_sd.c:1152:17:CmdResp2Error	0	static
../Bsp/sdio_sd.c:1834:17:IsCardProgramming	24	static
../Bsp/sdio_sd.c:980:17:CmdResp1Error	8	static
../Bsp/sdio_sd.c:1961:17:FindSCR.constprop	32	static
../Bsp/sdio_sd.c:1750:17:SDEnWideBus	24	static
../Bsp/sdio_sd.c:271:9:TM_FATFS_SDIO_WriteEnabled	0	static
../Bsp/sdio_sd.c:456:10:SD_SendSDStatus	16	static
../Bsp/sdio_sd.c:576:9:SD_Detect	16	static
../Bsp/sdio_sd.c:319:9:TM_FATFS_SD_SDIO_disk_status	8	static
../Bsp/sdio_sd.c:675:6:SD_LowLevel_DeInit	40	static
../Bsp/sdio_sd.c:404:6:SD_DeInit	0	static
../Bsp/sdio_sd.c:712:6:SD_LowLevel_Init	56	static
../Bsp/sdio_sd.c:778:10:SD_PowerON	32	static
../Bsp/sdio_sd.c:1257:10:SD_InitializeCards	16	static
../Bsp/sdio_sd.c:1330:10:SD_HighSpeed	88	static
../Bsp/sdio_sd.c:1461:10:SD_GetCardInfo	20	static
../Bsp/sdio_sd.c:1667:10:SD_SelectDeselect	0	static
../Bsp/sdio_sd.c:1687:10:SD_EnableWideBusOperation	8	static
../Bsp/sdio_sd.c:2072:10:SD_SendStatus	16	static
../Bsp/sdio_sd.c:436:13:SD_GetState	16	static
../Bsp/sdio_sd.c:417:17:SD_GetStatus	8	static
../Bsp/sdio_sd.c:2794:17:SD_GetTransferState	0	static
../Bsp/sdio_sd.c:2810:10:SD_StopTransfer	0	static
../Bsp/sdio_sd.c:2375:10:SD_WaitReadOperation	24	static
../Bsp/sdio_sd.c:2744:10:SD_WaitWriteOperation	16	static
../Bsp/sdio_sd.c:2827:10:SD_Erase	40	static
../Bsp/sdio_sd.c:2903:6:SD_LowLevel_DMA_TxConfig	0	static
../Bsp/sdio_sd.c:2435:10:SD_WriteBlock	24	static
../Bsp/sdio_sd.c:2562:10:SD_WriteMultiBlocks	24	static
../Bsp/sdio_sd.c:2658:10:SD_WriteMultiBlocksFIXED	32	static
../Bsp/sdio_sd.c:3004:6:SD_LowLevel_DMA_RxConfig	0	static
../Bsp/sdio_sd.c:2108:10:SD_ReadBlock	24	static
../Bsp/sdio_sd.c:594:10:SD_Init	24	static
../Bsp/sdio_sd.c:280:9:TM_FATFS_SD_SDIO_disk_initialize	32	static
../Bsp/sdio_sd.c:2235:10:SD_ReadMultiBlocks	24	static
../Bsp/sdio_sd.c:334:9:TM_FATFS_SD_SDIO_disk_read	536	static
../Bsp/sdio_sd.c:2302:10:SD_ReadMultiBlocksFIXED	24	static
../Bsp/sdio_sd.c:3102:10:SD_ProcessIRQSrc	0	static
../Bsp/sdio_sd.c:380:6:SDMMC1_IRQHandler	0	static
../Bsp/sdio_sd.c:3149:6:SD_ProcessDMAIRQ	0	static
../Bsp/sdio_sd.c:387:6:DMA2_Stream3_IRQHandler	0	static
