../Drivers/STM32F7xx_HAL_Driver/Inc/stm32f7xx_ll_bus.h:309:22:LL_AHB1_GRP1_EnableClock	8	static
../Bsp/sdio_sd.c:920:28:CmdResp2Error	0	static
../Bsp/sdio_sd.c:748:28:CmdResp1Error	8	static
../Bsp/sdio_sd.c:1384:28:SDEnWideBus	40	static
../Bsp/sdio_sd.c:398:6:SD_LowLevel_DeInit	40	static
../Bsp/sdio_sd.c:316:6:SD_DeInit	0	static
../Bsp/sdio_sd.c:435:6:SD_LowLevel_Init	56	static
../Bsp/sdio_sd.c:510:21:SD_PowerON	32	static
../Bsp/sdio_sd.c:1025:21:SD_InitializeCards	16	static
../Bsp/sdio_sd.c:1095:21:SD_GetCardInfo	16	static
../Bsp/sdio_sd.c:1301:21:SD_SelectDeselect	0	static
../Bsp/sdio_sd.c:1321:21:SD_EnableWideBusOperation	8	static
../Bsp/sdio_sd.c:339:21:SD_Init	16	static
../Bsp/sdio_sd.c:1579:21:SD_ProcessIRQSrc	0	static
../Bsp/sdio_sd.c:322:6:SDMMC1_IRQHandler	0	static
../Bsp/sdio_sd.c:1623:6:SD_ProcessDMAIRQ	0	static
../Bsp/sdio_sd.c:328:6:DMA2_Stream4_IRQHandler	0	static
