../lwip-2.2.2/src/apps/tftp/tftp.c:121:1:init_packet	24	static
../lwip-2.2.2/src/apps/tftp/tftp.c:101:1:close_handle	16	static
../lwip-2.2.2/src/apps/tftp/tftp.c:136:1:send_request	40	static
../lwip-2.2.2/src/apps/tftp/tftp.c:195:1:resend_data.isra	24	static
../lwip-2.2.2/src/apps/tftp/tftp.c:417:1:tftp_tmr	8	static
../lwip-2.2.2/src/apps/tftp/tftp.c:179:1:send_ack.isra	16	static
../lwip-2.2.2/src/apps/tftp/tftp.c:158:1:send_error.isra	24	static
../lwip-2.2.2/src/apps/tftp/tftp.c:215:1:send_data	16	static
../lwip-2.2.2/src/apps/tftp/tftp.c:243:1:tftp_recv	80	static
../lwip-2.2.2/src/apps/tftp/tftp.c:447:1:tftp_init_common	24	static
../lwip-2.2.2/src/apps/tftp/tftp.c:481:1:tftp_init_server	0	static
../lwip-2.2.2/src/apps/tftp/tftp.c:491:1:tftp_init_client	0	static
../lwip-2.2.2/src/apps/tftp/tftp.c:499:6:tftp_cleanup	8	static
../lwip-2.2.2/src/apps/tftp/tftp.c:523:1:tftp_get	12	static
../lwip-2.2.2/src/apps/tftp/tftp.c:536:1:tftp_put	12	static
