../tinyusb/src/class/audio/audio_device.c:1745:13:audiod_verify_entity_exists	8	static
../tinyusb/src/class/audio/audio_device.c:1769:13:audiod_verify_itf_exists	12	static
../tinyusb/src/class/audio/audio_device.c:1789:13:audiod_verify_ep_exists	8	static
../tinyusb/src/class/audio/audio_device.c:1700:13:audiod_get_AS_interface_index.constprop	16	static
../tinyusb/src/class/audio/audio_device.c:646:20:audiod_fb_send.isra	8	static
../tinyusb/src/class/audio/audio_device.c:362:19:tud_audio_rx_done_isr	0	static
../tinyusb/src/class/audio/audio_device.c:373:19:tud_audio_feedback_params_cb	0	static
../tinyusb/src/class/audio/audio_device.c:379:19:tud_audio_feedback_format_correction_cb	0	static
../tinyusb/src/class/audio/audio_device.c:384:37:tud_audio_feedback_interval_isr	0	static
../tinyusb/src/class/audio/audio_device.c:398:19:tud_audio_set_itf_cb	0	static
../tinyusb/src/class/audio/audio_device.c:405:19:tud_audio_set_itf_close_ep_cb	0	static
../tinyusb/src/class/audio/audio_device.c:412:19:tud_audio_set_req_ep_cb	0	static
../tinyusb/src/class/audio/audio_device.c:421:19:tud_audio_set_req_itf_cb	0	static
../tinyusb/src/class/audio/audio_device.c:430:19:tud_audio_set_req_entity_cb	0	static
../tinyusb/src/class/audio/audio_device.c:439:19:tud_audio_get_req_ep_cb	0	static
../tinyusb/src/class/audio/audio_device.c:447:19:tud_audio_get_req_itf_cb	0	static
../tinyusb/src/class/audio/audio_device.c:455:19:tud_audio_get_req_entity_cb	0	static
../tinyusb/src/class/audio/audio_device.c:496:6:tud_audio_n_mounted	0	static
../tinyusb/src/class/audio/audio_device.c:509:10:tud_audio_n_available	0	static
../tinyusb/src/class/audio/audio_device.c:514:10:tud_audio_n_read	0	static
../tinyusb/src/class/audio/audio_device.c:519:6:tud_audio_n_clear_ep_out_ff	0	static
../tinyusb/src/class/audio/audio_device.c:524:12:tud_audio_n_get_ep_out_ff	0	static
../tinyusb/src/class/audio/audio_device.c:681:6:audiod_init	16	static
../tinyusb/src/class/audio/audio_device.c:834:6:audiod_deinit	0	static
../tinyusb/src/class/audio/audio_device.c:838:6:audiod_reset	8	static
../tinyusb/src/class/audio/audio_device.c:855:10:audiod_open	24	static,ignoring_inline_asm
../tinyusb/src/class/audio/audio_device.c:1424:6:audiod_control_xfer_cb	80	static,ignoring_inline_asm
../tinyusb/src/class/audio/audio_device.c:1434:6:audiod_xfer_cb	0	static
../tinyusb/src/class/audio/audio_device.c:1465:6:audiod_xfer_isr	40	static
../tinyusb/src/class/audio/audio_device.c:1603:6:tud_audio_n_fb_set	0	static
../tinyusb/src/class/audio/audio_device.c:1569:10:tud_audio_feedback_update	24	static
../tinyusb/src/class/audio/audio_device.c:1612:24:audiod_sof_isr	24	static
../tinyusb/src/class/audio/audio_device.c:1639:6:tud_audio_buffer_and_schedule_control_xfer	32	static,ignoring_inline_asm
