../letter-shell-3.x/src/shell.c:531:23:shellStringCopy	12	static
../letter-shell-3.x/src/shell.c:296:13:shellWriteByte.isra	16	static
../letter-shell-3.x/src/shell.c:1547:6:shellLeft	8	static
../letter-shell-3.x/src/shell.c:1531:6:shellRight	0	static
../letter-shell-3.x/src/shell.c:260:6:shellRemove	8	static
../letter-shell-3.x/src/shell.c:277:8:shellGetCurrent	0	static
../letter-shell-3.x/src/shell.c:310:16:shellWriteString	16	static
../letter-shell-3.x/src/shell.c:1965:6:shellClear	8	static
../letter-shell-3.x/src/shell.c:362:13:shellWritePrompt.constprop	8	static
../letter-shell-3.x/src/shell.c:390:6:shellPrint	148	static
../letter-shell-3.x/src/shell.c:455:13:shellCheckPermission	0	static
../letter-shell-3.x/src/shell.c:476:13:shellToHex	0	static
../letter-shell-3.x/src/shell.c:575:20:shellGetCommandName	8	static
../letter-shell-3.x/src/shell.c:499:13:shellToDec	12	static
../letter-shell-3.x/src/shell.c:1337:13:shellWriteReturnValue	32	static
../letter-shell-3.x/src/shell.c:640:6:shellListItem	16	static
../letter-shell-3.x/src/shell.c:687:6:shellListCommand	16	static
../letter-shell-3.x/src/shell.c:1917:6:shellCmds	8	static
../letter-shell-3.x/src/shell.c:707:6:shellListVar	16	static
../letter-shell-3.x/src/shell.c:1933:6:shellVars	8	static
../letter-shell-3.x/src/shell.c:728:6:shellListUser	16	static
../letter-shell-3.x/src/shell.c:1901:6:shellUsers	8	static
../letter-shell-3.x/src/shell.c:749:6:shellListKey	16	static
../letter-shell-3.x/src/shell.c:1949:6:shellKeys	8	static
../letter-shell-3.x/src/shell.c:770:6:shellListAll	0	static
../letter-shell-3.x/src/shell.c:791:6:shellDeleteCommandLine	16	static
../letter-shell-3.x/src/shell.c:805:6:shellClearCommandLine	16	static
../letter-shell-3.x/src/shell.c:1506:6:shellUp	16	static
../letter-shell-3.x/src/shell.c:1564:6:shellTab	48	static
../letter-shell-3.x/src/shell.c:1518:6:shellDown	8	static
../letter-shell-3.x/src/shell.c:821:6:shellInsertByte	24	static
../letter-shell-3.x/src/shell.c:868:6:shellDeleteByte	16	static
../letter-shell-3.x/src/shell.c:1666:6:shellBackspace	0	static
../letter-shell-3.x/src/shell.c:1681:6:shellDelete	0	static
../letter-shell-3.x/src/shell.c:921:5:shellSplit	64	static
../letter-shell-3.x/src/shell.c:1025:15:shellSeekCommand	32	static
../letter-shell-3.x/src/shell.c:1744:6:shellHelp	16	static
../letter-shell-3.x/src/shell.c:1067:5:shellGetVarValue	0	static
../letter-shell-3.x/src/shell.c:1160:12:shellShowVar	32	static
../letter-shell-3.x/src/shell.c:1105:5:shellSetVarValue	16	static
../letter-shell-3.x/src/shell.c:1203:5:shellSetVar	16	static
../letter-shell-3.x/src/shell.c:1310:6:shellSetUser	8	static
../letter-shell-3.x/src/shell.c:182:6:shellInit	8	static
../letter-shell-3.x/src/shell.c:1241:14:shellRunCommand	24	static
../letter-shell-3.x/src/shell.c:1445:6:shellNormalInput	0	static
../letter-shell-3.x/src/shell.c:1457:6:shellExec	24	static
../letter-shell-3.x/src/shell.c:1694:6:shellEnter	8	static
../letter-shell-3.x/src/shell.c:1767:6:shellHandler	40	static
../letter-shell-3.x/src/shell.c:1880:6:shellTask	16	static
../letter-shell-3.x/src/shell.c:1985:5:shellRun	16	static
